Decades (2007 Remaster)	Joy Division	374
Lets Stay Together	Al Green	199
Jump For Joy	New York Trio	286
Victims Of The Revolution	Bad Religion	197
Unstable Condition	John Tejada	348
Go or Linger	Natas loves you	173
Ocean Front Property	George Strait	197
Negai (Album-Mix)	Perfume	298
A Little Bit More	Jamie Lidell	186
Good Position	Yin Yoga Academy	219
Weekend	Kane Brown	226
Oh Industry	Bette Midler	244
Red Light Indicates Doors Are Secure (Tribute version originally performed by Arctic Monkeys)	Various Artists	144
Weekend Story	Paragraph270	184
Love Strings	Mask Of The Wolf	254
Straight Lines	Silverchair	257
There's No Solution	Sum 41	198
Continent perdu	Khunta & Sixko	281
Rockall (Live)	Molecule	456
Position (Live)	Hot Water Music	269
Looking Blindly	Lack Of Interest	44
Gorgeous	Property Prophets	262
Em Pedaços	Continue	217
O Holy Jesus	Mormon Tabernacle Choir	224
Separate Houses	Press Club	254
Brother Louie	Modern Talking	222
Opposite People	Fela Kuti	998
Freedom Of Speech	Liquid Tension Experiment	559
Emotional Quotient Deringer of Chiek Anta Diop	King Britt	213
L' Amour	Ideal J	345
The Most Sacred Syllable	Eszaid	339
100 Syllable Purification Mantra	Menri Ponlob Trinley Nyima Rinpoche	84
I Believe in Christ	Mormon Tabernacle Choir	302
Ten Thousand Hours	Macklemore & Ryan Lewis	249
Slow Stone	Balmorhea	396
B	Opusculus	333
Consider This	Filter	258
Necessary Death	End	173
G	Opusculus	122
I'm Sick Y'All (Mono; 2016 Remaster)	Otis Redding	177
M	Opusculus	180
O	Shygirl	147
Jim Henson's Zombie Hand	Mithridate	245
Children Of The Revolution	T. Rex	150
This Town	Kacey Musgraves	177
Experiment (Relax Piano Music)	Deep Sleep Music Delta Binaural 432 Hz	225
Crack The Bell	Wall of Voodoo	215
V	Opusculus	107
W	Opusculus	150
Gerudo Valley (From the Legend of Zelda: Ocarina of Time)	The 8-Bit Big Band	272
X	Opusculus	155
Artefacts	Molecule	390
Jordan	Complete	167
Field Party (feat. JJ Lawhorn)	The Lacs	263
The of Video Game	Without A Care	263
Flying Practice	Gui Boratto	284
I'll Be Your Home	Drop Out Vegas	220
La famiglia consonanti	Le mele canterine	144
Consonant Review for "q,r,s,t"	Kim Mitzo Thompson	37
Sourwood Mountain	Ed Haley	171
Consider Yourself (Remastered)	Lionel Bart	242
Other Worlds	Trivium	289
Téra Lonji	Mayra Andrade	263
BFG Division (From "Doom")	BillyTheBard11th	260
Marry	Gölgeler Ölüm	114
Goin’ In (Can’t Stop)	Zay the Prophet	297
Liam's Question	Reiki Power	59
American Bad Dream	Kane Brown	198
Alter (The Unbearable Weight of Nothing)	Solution .45	270
Your Knight, But It's Necessary	Tom Crezor	158
Preparao	Movimiento Original	213
Cellophane (So Cruel) Feat. Aaron Miller & Gavin Turek	Miami Horror	265
Again	Eddie Higgins Trio	288
Children Of The Sun	Dead Can Dance	453
A Piece of Heaven	Ora the Molecule	181
Remember Me?	Eminem	218
Some English Consonants	Georges Faure	116
John Coltrane's "My Favorite Things"	consonant	190
La substance	Guerilla Poubelle	188
The road indicated by Lost property	AEKA	249
Now And Then	Don Williams	201
Devil On My Shoulder	Bliss N Eso	282
Multiply	Nick Curly	414
A Thousand Rivers	Elias Dris	155
I Am Everything I Am Not	Crime in Stereo	236
Time Is Coming	Testament	326
The Big Exercise	The Homesick	275
Need a Lighter (feat. 21 Savage)	Lightshow	263
Probablemente (feat. Jose Esparza)	Karina Rodme	248
Continue Andando (Ao Vivo)	Deive Leonardo	700
Starry Eyed Surprise	Shifty	225
Original Man (Captiva Mix)	Life Elements	230
Just How I Am	Laken Quigley	242
Syllables of Velvet, Sentences of Plush – 7 Songs for Soprano and Piano on Letters of Emily Dickinson: VII. To Susan Gilbert (Dick	Susan Narucki	96
Autocontrole	Continue	227
Sea Anemone	Jets to Brazil	320
Some Kind Of Lover	Mary Davis	272
Difficult Chances	Sierra Riggs	166
Without You	Sycamour	206
Directions	Opposite Ways	407
Le jour se lève	Mayra Andrade	216
All I Wanna Do Is Make You Mine	Kylie Minogue	213
Blow It All Away	Sia	280
Moanin' Low	The Cotton Pickers	204
I Heart California	ADMIRAL RADLEY	260
Weight Of The World	Jon Bellion	269
Stumblin'	Buddha Council	241
If I Were Free	Edward Sharpe & The Magnetic Zeros	307
Remember December	Demi Lovato	191
Blue Mountain Waltz	Billy Walker	135
Material (Single Version)	Ward Thomas	206
Loosing Interest (Original Mix)	Timmies	117
November	Wednesday	205
Black Triangle	RICHARD DAWSON	479
Tostaky (Le Continent) (Pré-Production Au "Woolhall Studio" / Août 1992)	Noir Désir	305
Young	Crime in Stereo	230
Answers	Various Artists	249
At A Later Date (Live)	Joy Division	195
U Send Me Swingin' (Album Version)	Mint Condition	316
The Blackout	U2	285
Temperature Rising	Mall Grab	287
Prana	Triangle	248
Friend of Mine	The Cold Stares	161
Entrevue Expérience	Bon Entendeur	222
For the Worst	Wax Tailor	229
Stairway (Short Version)	Beddash Nok	111
Vocal Warm Up Exercise #1 - Lip Roll	Jacobs Vocal Academy	144
Accident (feat. Laura Jean)	Jenny Hval	250
Tonight I'm Letting Go	The Material	220
Thousand Miles (Original Mix)	Topsy Crettz	193
Cosmic Dancer	T. Rex	266
Position 2 (Orchestra Version)	Кай Метов	230
My Frequency (feat. RebMoe)	Tiësto	141
Watch Of The Hands (Followed By ‘Gs’ To Indicate Watch Required)	Jon Yates	6
Try a Little Tenderness (2016 Remaster)	Otis Redding	231
Difficult to Love	Elderbrook	207
Nou lé determiné	New Generation	202
Tonight (Keith & Tex)	Buddha Council	193
An Easy Solution	Assimil	193
La Mitad (En Vivo)	Daniela Darcourt	402
Transmission (Live)	Joy Division	256
Afterthought	Fugazi	88
The Proposal I X	Without A Care	261
RTR Cypher 3 (feat. Danozzz, Dougie DG, Exzakt, Dirty Syllables & Colze)	ANXIOUS PANIC	275
Hey Let's Go - Opening Theme Song (From "My Neighbor Totoro") [Piano Version]	Streaming Music Studios	197
Sto Homa Krasi	Issjames	200
Straight Up And Down	The Brian Jonestown Massacre	270
Mutual Interest	Brian Tyler	118
Tennessee Waltz (Mono; 2016 Remaster)	Otis Redding	176
Drink to Get Drunk	Sia	281
Compelled	Jack Trammell	198
Exercise 10	Aitekof Selektor	141
On continue	Freko	188
Together We Dance	Instrumental	199
Difficult customers	Assimil	199
Poésies	CHATON	278
Peace of Mind	The Silent Comedy	259
Represent The Real Hip Hop	KRS-One	278
Consonantia (Original Mix)	Alextazy	383
Love Will Tear Us Apart	Joy Division	206
Boogotop Represent	Cut Killer	338
First Continent	Burning Spear	229
Together (Radio Edit)	Malifoo	157
Get On Up	Fat Joe	245
i can tell you’re losing interest ft shiloh	beatsbybroun	84
Necessary Happiness (feat. Paul Cut)	Seb Wildblood	356
Wasted Life	Stiff Little Fingers	189
Rykketid (Original Mix)	Trentemøller	311
Say Yes (Instrument)	Loco	219
Go Widdit	Zaki Ibrahim	245
Neighbor	Pinegrove	251
Birds	Madlib	216
Electric Bloom	Foals	295
Lève la populace	Digital Dread	191
Candidate (2007 Remaster)	Joy Division	187
Let's Turkey Trot	The Louvin Brothers	150
Les Mots Bleus	Christophe	250
Kaïn	The Homesick	218
My Sentence	Desi Valentine	189
The Continent	My Singing Monsters	202
Catalina (Short Mix)	Slarofith Paul	103
Straight	T-Pain	177
Há Três Beijos Atrás	Gabriel e Rafael	186
A Lover´S Question	Clyde McPhatter	155
Loosing Interest	Vantin	85
Y Que de Mí (En Vivo)	Daniela Darcourt	632
Trinity	James Dooley	191
Levante	Marisa Monte	152
Surfing The Warm Industry (Album Version)	Kashmir	266
You Can Win If You Want	Modern Talking	223
Hart aber wahr	Yassir	225
Death By A Thousand Cuts	Taylor Swift	198
She Had She Is A Rebel	David Bach	115
Mindful Experience	Buddha Music Sanctuary	234
The Heart From Your Hate	Trivium	243
We Can't All Be Heroes	Wax	306
Tic Tac Toe	Burning Heads	316
Children of Jah	Midnite	218
Vowel-consonant comb. Prefixes	Eric W. Bauer	360
Mike Indigo meets Sera Phino - I Really Wanna Know (Steve Lima & Indikate Remix)	Mike Indigo meets Sera Phino	387
Leap Year	The Homesick	261
Freaks of the Industry	Digital Underground	340
History Day	Mogwai	348
La Sentence est la Mème	Derniere Volonte	360
Big Surprise	H-burns	184
The Spa Village	Astral Spirit	208
Condition Critical	Quiet Riot	301
Layla	Eric Clapton	428
Samurai	Ora the Molecule	227
Мама! Я хочу быть пионером	Кай Метов	154
Move On (Full Strings Mix)	Envoy	401
The Opposite of Us	Big Scary	262
No Disturb	OwnCloud	63
Laser Cannon Deth Sentence (album)	Metalocalypse: Dethklok	275
Mr Kr	Kevin Roldan	254
Love Money	4Keus	196
Intro Opposite	Newen Afrobeat	62
How Do I Describe	The Procussions	220
Africain Déterminé	Krayel	223
Going Numb	Anilyst	239
Ai, hai...- Doru Stanculescu versuri populare	Various	292
Magic Hollow	The Beau Brummels	173
Le combat continue	Ideal J	364
Music Will Not Last	Jamie Lidell	209
Street Behavior	Toxic Profits	262
Nothing Pass God	Skala Wee	286
Hakili ni Doussou	Zeus Mobjack	191
Over My Shoulder (2014 Remastered)	Mike + The Mechanics	214
Electric Chapel	Lady Gaga	253
Nobo	Tijuana Panthers	247
Total Desaster	Destruction	253
Under The Bed	Ambitious Solution	238
One Night Only	Kane Brown	191
Coco	CHATON	304
Ma substance	Mz	250
Turkish Disco	Fugazi	154
The Substance	Black Bile	402
Second to None	Solution .45	310
The Experience	Joe Mettle	299
Isolation (2007 Remaster)	Joy Division	175
Determine Football	Eye Yeye Yeye	91
Together Again	Janet Jackson	248
Red Fraction (From "Black Lagoon")	Amalee	218
Separate Yourself	White Rino	278
Mr. Blue Sky	Electric Light Orchestra	305
Horizons	Natas loves you	279
Let's Stay Together	Tina Turner	315
Mass Solution	Dj Ganyani	380
No Condition	Mary J. Blige	267
Geranio	Marisa Monte	173
Fière Celtie	Fraction	228
Practice Love	JJ Lin	287
Isolation	Joy Division	173
Fly Off	Anilyst	255
Summer of Our Love	Triangle Sun	256
Ten Thousand Drums	Carl Smith	151
J 25	Molecule	707
Go Girl	Pitbull	229
I Surrender	Rainbow	241
Mr. Blue Sky (2012 Version)	Electric Light Orchestra	222
Drugs (Short Version)	Calael Sandy	127
Baptism By Fire	Marduk	230
No Particular Place To Go	Chuck Berry	162
Deselector	Dalosso	395
Butterfly On A Wheel	The Mission	342
Property and Malt Liquor	Solillaquists of Sound	164
Words cannot describe this feeling	Ivan Mazuze	310
Endless Night	Trivium	218
Mind Matters	Dark Tranquillity	211
Celloff	Sofco	159
Le grand continent	Simon Mimoun	220
I Celebrate My Fantasy	The Homesick	304
Can't Cool	Stonebwoy	240
Have You Been Loved?	Mary Davis	285
The Experiment	Lorne Balfe	150
Notorious Character	Shido	245
Question of Faith	Black Rebel Motorcycle Club	319
Encore en vie	Imposs	207
Taqsim	Nanae Yoshimura	598
Heat	Molecule	258
Kraken	The Acacia Strain	161
Meditation Experience	Mantra Yoga Music Oasis	201
I Am High	Determine	203
So Alive	Describe	192
Festa Particular (Ao Vivo)	Tchê Chaleira	138
Lying Together	FKJ	268
Shogun (feat. Tripp Shelton)	Tre Fixx	186
Can't Describe (Original Mix)	Seba	438
Tomorrow's Industry	Dropkick Murphys	138
Mythos Germanen - 10 populäre Irrtümer, Kapitel 23.2 - Mythos Germanen - 10 populäre Irrtümer (Ungekürzt)	Thomas Brock	98
Anxiously Engaged	Rowan Taylor	219
God Is Everlasting (Psalm 90:1-2)	Seeds Family Worship	231
Twenty Four Hours	Joy Division	268
Né Halala	Zeus Mobjack	181
Mississippi Queen	Mountain	151
$165 Million + Interest (Intro) The Round Up	David Holmes	343
Le combat continue, pt. 3	Kery James	415
We'll Cry Together	Maxine Brown	184
Especially Danny	Bitch Queens	139
C ca la technique	Mobjack	222
If You Love Me	Mint Condition	385
It's Easy to Remember	Dean Martin	197
House Of Lost Minds	Archillrecords	217
Chocolate	Kylie Minogue	300
The Demiurge Molecule	Dimmu Borgir	329
Children Of Decadence	Children of Bodom	334
The Way We Represent	Mr. Criminal	244
Hit the Road (Intro)	Wax Tailor	36
That Planet	The Night Of Pistol Pete	238
Chains Choking Me (feat. Gunna)	Young Thug	181
Exercise Jump	Great Performance	241
Wakeup Sequence	Ikonika	230
P.O.T.M. (Interlude)	Tre Fixx	95
Nocturne (Remastered)	subtractiveLAD	666
Syllable Practice	Edan	190
No Te Vayas	Los Diablitos	297
Tongue	MNEK	208
Tu viens de créer là un instrument parfait	Christian Rivet	139
Jfc	The Acacia Strain	176
Easy Fraction	Breakbot	75
Soothing Solution	Jazz Instrumental Relax Center	289
Loved By My World	Archillrecords	259
He Loves You Enough	Aubrey Toone & Cayson Renshaw	181
Un 'altra te (Instrument and base Version)	Ramazzotti	308
Mangelen Min	Building Instrument	295
Final Solution	Black Label Society	244
A Necessary End	Saltillo	358
Four Feet	Missing Six	165
Condition Red	Iron Savior	297
Remember Me (Sure Is Pure 7 Inch Edit)	Blue Boy	229
Temperature (feat. Mars Bofils International & DD Cent)	DJ MARCO The Phenomenal	144
God Is Wise (Romans 11:33-36)	Seeds Family Worship	253
Beauty In The Sorrow	Trivium	271
You Can't Cheat a Cheater	Napoleon's Emporers	193
Little Bugs' Riot	Desidério Lázaro	309
You Got Me Up	Jamie Lidell	108
U a Pro	Sean Paul	179
Desperado	Half Waif	93
Pool Position	Mitch Murder	222
Soh-Gyo-Fu: No. 2, Allegro (Four Episodes for Shakuhachi and 20 String-Koto)	Nanae Yoshimura	132
Add Then Multiply	Memetown	76
Just a Memory	Max Paragraph	220
In So Many Ways	Bad Religion	184
Loosen Up (For Stress Relief)	Astral Spirit	213
Meu Farol	Mayra Andrade	213
Dead Souls (2010 Remaster)	Joy Division	294
Paragraph Two	Pulphea	256
Dreamer	Claressa Monteiro	198
Populace In Two	From First to Last	264
Surprise Me	Hotel Portofino Lounge Café	197
Melancholy Man	The Moody Blues	345
Ketme, Ketme	Kadriye Nurmambet	154
Boeing Particular	Luxúria	152
X.plicit sentence	Explicit Samourai	147
QUESTION	Kloud	251
Menace to Society	Syllablez	150
Shoulder Charge (feat. Lucius)	Jesca Hoop	343
Private Property (Recorded at Kemper Arena in Kansas City)	Judas Priest	311
Mountain	Jonathan Jeremiah	177
Schaut mir in die Augen	Yassir	181
Phazes	Chad	229
Battle Flag (Album)	Pigeonhed	357
Take It Out On Me	Thousand Foot Krutch	197
Soul gbemani	Papa Wemba	388
Populäre musik aus tunesien	Madhhab	231
When I Come Back Around (Freeform Reform)	Jamie Lidell	345
Revenge of the Lawn	Wednesday	166
time like this	Determine	239
Thousand Dollar Tricks	EMFH	159
Believe In Us	Mint Condition	231
The Catalyst	Linkin Park	339
Transformation of a Molecule / Sixth Dimension	Salami Rose Joe Louis	141
Area II: Vally	The Balance of Power	970
Shoo Shoo Boogie Boo	The Cotton Pickers	187
Spirits In The Material World (Live)	Sting	237
Kourouchi djiguin ibafo 2pac	Mobjack	356
Paragraph	Danger	267
Fight (Single Edit)	DJ.A.Stone	165
Oil On Panel	Wovenhand	336
Where Interest Lie	Tuxedomoon	247
Con moto: I. Motion	Habemus Quartet	134
Condition of the Heart	Prince	408
REMEMBER THE NAME (Original Mix)	Rooler	168
Beale Street Blues	The Original Memphis Five	199
Sugar Baby Love	Rubettes	208
Six Syllables	The Past Present Organisation	418
La Vien Rock	Dr Coss	187
Stop from Damaging Yourself	Determine	157
Character Fantasy	Wrenching Hearts	242
Take Off	Perfume	48
Amber	Stick To Your Guns	214
Consider This My Resignation	Zebrahead	200
Soft Sentence	Stefano Noferini	414
Hangman	Complete	202
How Soon Is Now? (2011 Remaster)	The Smiths	408
Electric (feat. Khalid)	Alina Baraz	246
Bhim Nation	Stonebwoy	201
BFG Division	FamilyJules	308
Blik	subtractiveLAD	280
Children of the Sun (feat. John Martin)	Tinie Tempah	231
(I'm) Losing Interest	Lil Xay	249
The Road To Character	Comedy Now	271
Leichen	Die Arbeit	283
Pernambucobucolismo	Marisa Monte	174
Solution's Architecture	Haldo	192
Syllables of Jazz	New York Jazz Lounge Bar	101
Cornetinha Maluca	Felipe Original	127
Industry Age Mod	Axyl B	80
Red Fraction (Original Mix)	Peter Mills	495
Forget Me Nots (Single Version)	Patrice Rushen	244
Silver (Dayda Remix)	Subtractive	377
Elevador	Sidoka	135
Faluja	Molecule	269
She and He Describe the Exact Same Intimate Moment	Kip Hanrahan	397
Police in Helicopters	Burning Heads	330
Always Remember Us This Way	Lady Gaga	210
Difficult to Kill (Video Edit)	Torul	254
J 16 5	Molecule	498
Long Division	Fugazi	132
Real Stories	Aero Manyelo	318
Beginning	Opposite Of	255
Opposite Day	Andrew Bird	271
Character (Radio Edit)	Mark Sixma	225
Faded Lights and Lonesome People	Billy Walker	148
CROWN	TOMORROW X TOGETHER	230
We Access Only A Fraction	Caterina barbieri	540
One Ten	Juxta Position	276
Red Light Indicates Doors Are Secure (Karaoke Version)	SBI Audio Karaoke	142
Division Ruine (Live)	Carpenter Brut	209
Simplicity And Language	Master of Zen	229
Funny and Huge	Straight Trains	126
Moves For Us Together	Property Prophets	262
Six Syllable Mantra of the White Lotus Lord	Jean-philippe Rykiel	437
Romper	Opposite Way	244
Missa Liturgica - O salutris hostia	UT insieme vocale consonante Lorenzo Donati	173
Fire (Sunrise Version)	The Prodigy	297
Charger	Purple Evil	202
Burgundy Whip	MED, Blu & Madlib	178
Only Music Never Let Me Down Part 1	Les enfants sages	435
Dakan tè sa	Mobjack	245
Practice with Parker	Relaxing Piano Crew	141
My Neighbor Totoro (From "My Neighbor Totoro")	Relax α Wave	249
Straight To Hell	Rage	271
(l)	Black Bile	102
Black Moon	The Lacs	199
Mistery Train	Molecule	244
This Is Our God / Obsession (Medley)	The Maker & The Instrument	450
Danke	Paragraph270	189
The 6th Continent	Armand Amar	159
Rustemul Oltenesc	Gruppa"Moldovan Melodies"	108
Come on Down (Character Select)	Chipzel	76
Whdfg	AYTEE & FEAR	290
The Kill (Live)	Joy Division	190
Pelo Tempo Que Durar	Marisa Monte	207
Hero Man (Short Version)	Eoda Marcy	109
Gettin' Jiggy Wit It	Raffa FL	406
Sunday Morning Call	Oasis	314
I tried to describe the bird to my friends…	Rupert Degas	624
Hell	Controla	197
Vaccai Exercise # 7	Judy Clark	48
Position Position (Here)	Rannar Sillard	100
Vaccai Exercise # 6	Judy Clark	48
The Human Instrument	Volbeat	269
Position To Win	Migos	185
Vaccai Exercise # 5	Judy Clark	38
Superstar	Jamelia	216
Exercise One (2007 Remaster)	Joy Division	185
Circle (Short Version)	Bemkurai Wally	128
Cruisin' With the Consonants	Phonic All Stars	142
One Smile (feat. Azuria Sky)	Panda Eyes	305
Zeb's Mountain Boogie	Brad Brady (Owen Bradley & His Ennesseans)	157
Por Siempre Te amaré	Daniela Darcourt	293
Indicate Left	Sirens & Shelter	135
Arrow of Time	Queensrÿche	239
Decât Noră-N Casa Voastră	Alexandru Grozuta	173
Try Again	Fredrika Stahl	210
The Close Beyond	Solution .45	272
Requiem for the Unique Illusion	Fraction	242
My Distorted Reflection	Upon A Burning Body	179
La foi, instrument de guérison	Norman Vincent Peale	469
Electric Gypsy	Andy Timmons	273
Im Büro	Die Arbeit	206
Feels Like You	Molecule	219
Little River	Neighbor	157
Autumn Night	Nanae Yoshimura	534
Mélodie	4Keus	161
Opposite	Biffy Clyro	235
Summer Of Love	U2	204
I Am Determine	Determine	209
Public Interest	Mark Guiliana	370
Electric cité	Téléphone	243
Electric Feel	MGMT	229
Bottle of Red Wine	Stockholm Jazz Quartet	277
Soh-Gyo-Fu: No. 1, Introduction (Four Episodes for Shakuhachi and 20 String-Koto)	Nanae Yoshimura	227
Streets Of Promise	Owen Mac	183
Question Of Faith	Lighthouse Family	271
I Don't Want To Love You	Don Williams	248
Please Let Me In	Fredrika Stahl	206
9 and Three Quarters (Run Away)	TOMORROW X TOGETHER	211
Second Snow on the Stadium	Daniel Del Pino	412
Heaven Or Hell	Salt-N-Pepa	284
In Defense of Resentment	Street Sects	231
Let You Down	The Material	223
Agnus Dei	Ut Insieme Vocale Consonante	186
Most Original	Stonebwoy	209
L'homme est déterminé par son essence (suite)	Michel Onfray	241
We Represent the Kingdom of God	ED Long, Jr.	226
Adieux vieux continent	Justin(e)	122
Unanswered Question	Adam Beyer	514
Korobushka (Russian Folk Dance)	Josu Gallastegui	176
To Prove My Love (Vocal Version)	Ned Doheny	242
Digital	Joy Division	170
Industry (NBA YoungBoy Response)	Top Boy Gorilla	191
Davis Represent	Mr. Yosie Locote	150
Blow	Tribeqa	232
Stolen Property	The Triffids	407
Chills	Anilyst	265
Neutron Dance	Krystal Klear	396
Sloe Gin (Live)	Joe Bonamassa	442
Turn the Page	The Streets	195
Opposite Of Sadness (Piano Version)	Verboten Berlin	193
Lovetown Serenade	Garland Jeffreys	252
The Revanchist	Trivium	437
Therapeutic Joy	Astral Spirit	333
Kindred Spirits	Liquid Tension Experiment	389
Poor Condition	Michael Nau	272
カゲロウ	Represent chikyu	260
Question d'équilibre (Remastered)	Francis Cabrel	226
The Solution (Original Mix)	CamelPhat	436
Tshunga	Aero Manyelo	336
It's Crazy	Anilyst	267
easter egg porch	Feliz D	109
Livin' My Best Life	A Thousand Horses	185
Thousand Fires	Fakear	219
Nothing Else to Say	Fantastic Mister Zguy	157
Life's Practice	Reiki	266
Original (from Dolittle)	Sia	214
Pas de solution	Mac Tyer	287
C'est Dieu qui donne	4Keus	209
Killer in the House (Short Mix)	Yirkuz Danny	96
Just Dropped In (To See What Condition My Condition Was In)	Kenny Rogers & The First Edition	205
Hulapalu	Andreas Gabalier	180
Two Separate Cadences	Katt Williams	234
Children and Fathers (Ephesians 6:1-4)	Seeds Family Worship	166
The Man on My Left Shoulder	Quadeca	341
Nobody's Wife	Anouk	205
Heart	Rainbow Kitten Surprise	219
Urself	Iann Dior	180
Body Language	Saukrates	248
Baby Girl 2014	Molecule	231
Drôle de question	Romeo Elvis	181
Landed on Mars	Sofco	218
High Time	Kacey Musgraves	177
With Me (Original Mix)	Matt Cerf	460
Electric Messiah	High On Fire	256
Climat	Molecule	258
Shoulder to Shoulder	Trinity (NL)	184
Lonely Together	Avicii	180
Question mark	GAZ FABILOUSS	184
A Thousand Eyes	All The Luck In The World	188
Frost Flower	Moondog	108
Güzel Oglan	Kadriye Nurmambet	119
Package Full of Sound	Straight Trains	147
Do You Wanna	Modern Talking	261
Angel	Sycamour	220
Pretty Things	Panda Eyes	198
Hollow Days	Arwen	330
These Things Shall Pass	Hank Snow	146
Difficult (From ''One Piece'')	Grissini Project	110
Diesel Smoke Dangerous Curves	Grady Martin	144
Practice Makes Perfect (2006 Remastered Version)	Wire	251
The Picture Of You (en duo avec Bruno Edjenguele)	Fredrika Stahl	298
Experience	Gentle Giant	470
사랑의 한가운데 (feat. 선우정아) (In the Middle of Love)	Temperature of Saying "Hi"	345
Mbadon Mbè Moun Kala	Zeus Mobjack	193
Incredible Experience	Classical Music For Relaxation	332
Bad Condition	Lucky Peterson	339
Rise Up	Hank Wood	283
Love Triangle (Hayday Controllers Dub)	Danny Hay	183
Karelia (Original Mix)	Triangle Sun	445
Represent (Edited)	Chingy	253
Fabrik (Slight Return)	Populäre Mechanik	58
Marley Coffee (feat. Rohan Marley)	Describe	230
This Way Out	Wall of Voodoo	235
Same Old Thing	The Streets	201
State Of Grace	Liquid Tension Experiment	301
Day of the Lords (2007 Remaster)	Joy Division	287
The Consonant Song	Karen Mitzo Hilderbrand	43
i'm yours	remember property	106
For My Daughter	Kane Brown	223
Hanging Around	Adam Kesher	327
Land of Confusion	Disturbed	287
Jesus, the Very Thought Is Sweet	Mormon Tabernacle Choir	383
Leaders of Men (Live)	Joy Division	142
Strange	Patsy Cline	141
Real Rap Represent	Chystemc	157
Windsong	Rolland G. Smith & Tim Janis	195
The Greatest Trick	Day One	210
Paragraph 84 (feat. FEAR)	Aytee	216
Arco	Inner Muse	238
This Head I Hold	Electric Guest	176
Johnny Was	Stiff Little Fingers	490
iRobot	Jon Bellion	208
Question Time	Dave	426
Ice Breaker (Short Version)	Eoda Marcy	116
Martini	Turin Brakes	176
Quotient (Original Mix)	Kris Lama	548
Problem with Neighbor (2Touch Streamremix)	Alby & Mario	204
Someday We'll Be Together	Jan & Bill	165
Slow Time	Stockholm Jazz Quartet	234
Problem with Neighbor (Streamix)	Alby & Mario	212
Perfect Feel	Stockholm Jazz Quartet	251
New Exercise In Swing	Slam Stewart	175
Circled Areas Indicate Any Previous Damage Damage	Since Forever	319
It's a Sin	Pet Shop Boys	300
Chaos	Jane Farrell	197
Duplicate (Original Mix)	MaKaJa Gonzales	360
Subtractive	Analog Spaceships	143
Every Day	remember property	218
Mumbling Syllables	Nadeah	220
White Beach	Gölgeler Ölüm	121
Atta Way to Go	Solomon Burke	189
Probablemente (feat. Omar Moreno)	Ramses Urbina	226
Upgrade	Day Din	473
What's In Store	The Homesick	222
Subway	Purple Evil	303
Don't Let It Get You Down	Modern Talking	220
Muscle Machine - Industry	A Split Second	343
The Quiet Ones	Turin Brakes	237
Question d'équilibre (Live)	Francis Cabrel	227
Represent Cuba (Workout Mix 120 BPM)	Pablo White	206
Necessary Evil (feat. Jonathan Davis)	Motionless In White	228
Social Experiment	Mahalo	377
Fathoms Deep	Cujo	300
Philadelphia Experiment	Philadelphia Experiment	255
Instrument D'or	Artista de Jazz Suave	204
Question de principe	Latios V	205
Crazy Trip (Short Version)	Dyasty Noel	144
Hai Tor Duno Indicater	Amit Jaiswal	202
Electric Eye	Judas Priest	218
Come out of Her	Fraction	299
African Roots	Johnny Clarke	315
Lose Control	Tiësto	145
Aawa Mal Dihi Tohar Jawani	Anant Singh	174
Holy Ground	Triangle Sun	278
Bent Industry	Psyfiix	218
Perfect Words	Missing Six	390
Bartender	Sensation Da Opposite Sex	208
Hard Work (Short Version)	Chaddel Sausa	136
Children (Club Radio Mix)	Dave Darell	217
Gloria (Short Version)	Calael Sandy	104
Paragraph 31	Yassir	265
Bass Thump	Senix	436
Singata (Mystic Queen)	Samsara Blues Experiment	696
Devil On Your Shoulder	Nicklas Sahl	225
Kingly Character	Garnett Silk	214
It's A Slime (feat. Lil Uzi Vert)	Young Thug	142
Difficult Choices	Kinga Glyk	293
Cup Of Tea	Kacey Musgraves	161
Your Dreams and Natural Calm (Ocean Waves)	Opening Chakras Sanctuary	252
Tankboy Operation	Without A Care	256
Straight From The Heart	Irma Thomas	148
Sur violents breakbeats	Ideal J	146
Children	Lowland	240
Suicide Solution	Ozzy Osbourne	258
Leitmotiv (Jensen Interceptor's Dark Time Version)	Molecule	365
Subtraction (Salz Remix)	Elting_Lieb	618
Mediocre Minds	Bad Religion	116
Oh Nadal	Young Ellens	180
The Good Neighbor	Chad Lawson	325
Electric Carve	1000mods	217
Handcuffed	Burning Heads	235
Panzer Division Marduk	Marduk	160
Sentence (Album Version)	Era	295
Stop Living in Illusion	Les enfants sages	420
Hit 'Em High	B-Real	257
Full Stop	Straight Trains	75
The Stretch	Liquid Tension Experiment	120
Separate Wounds	Counterparts	204
Difficult Situations	The Ballet	234
Just A Little Practice	84Bit	214
Bouge de là	MC Solaar	186
Probable Depths	Half Waif	202
Silver (Freddy Banga Remix)	Subtractive	426
Vacances à Camisole sur Mer	Les enfants sages	362
We Go Together	George Jones	140
Necessary Accessories	Otep	251
Stay Puft	The Acacia Strain	195
Für ein paar Deutschmarks mehr	Populäre Mechanik	278
Children (Club Edit)	Scotty	173
St. Louis Gal	The Cotton Pickers	192
Old Lonesome Feeling	Warren Smith	163
Place Position	Fugazi	165
Electric Fan (Sound Masking Fan)	Electric Dreams	3600
A Property Of Love	Disruptive Tantrums	269
Chemical Substance	Belocca	423
In Moments of Despair	Solution .45	384
Capitol G (feat. Sick Syllables)	Bodka 37	258
When It Lands	Rainbow Kitten Surprise	269
Stay For A While	Iann Dior	165
A Night in Tunisia	Original Charlie Parker Quintet	212
New Rules	TOMORROW X TOGETHER	174
Represent feat. Kimbara Chieko	Dj Okawari	275
Mother Nature	Parallel Exercise	122
Lady Lie	Rainbow Kitten Surprise	215
Count Up, Count Down	Hap Palmer	151
Possible World	Pochtovaya	347
The Language Start	Parallel Exercise	102
Foguete Particular	Celso Sim	250
Послушаешь новое демо	Pointwave	254
Climb Severing	Parallel Exercise	48
Come Out Of her	Fraction	296
Pop The Glock / Difficult (Orchestral Version)	Orchestre Lamoureux	125
Energy	Practice	182
Zion Is Calling	Determine	219
Yang (feat. Skyline)	N-Determine	224
kinda difficult	Chris Miles	187
As You Said (2010 Remaster)	Joy Division	119
My Angel	Singing Melody	213
Baby Come Back to Me	Kane Brown	226
Cry on My Shoulder	Deutschland sucht den Superstar	236
Rustemul	Muzică reprezentativă a Armatei	110
On dit quoi ?	4Keus	194
Ese Estúpido	Daniela Darcourt	296
Headin' Down the Wrong Highway	Hank Thompson & His Brazos Valley Boys	149
Om Namah Shivaya - The Great Five-Syllable Mantra	Vidura Barrios & Music for Deep Meditation	1025
Balearic (Short Version)	Haelon Arnold	128
These Days	Joy Division	208
How Can You Describe a Face?	Dave Grusin	248
As You Said (Live)	Joy Division	115
Electric Relaxation	A Tribe Called Quest	226
Shoulder of Orion	Maceo Plex	474
They'll Like Me When I'm Sick	Flatsound	279
Que No Se enteren	Silvestre Dangond	270
Exercise 2 (Siren)	Power Vocals	54
Necessary Happiness (Mad Sax Mix)	Seb Wildblood	485
From Safety to Where (2010 Remaster)	Joy Division	149
J'adore le Jus D'orange	glue70	147
Sunken Continent	Saint-Preux	165
Shaw 'nuff	Original Charlie Parker Quintet	230
The Stroll	MED, Blu & Madlib	242
Exercise Yo Game	Coolio	289
Dissolve	Absofacto	224
See The End	Above & Beyond	185
Alice Practice	Crystal Castles	161
Years From Now	Don Williams	164
The Five Seven Twelve Family (No Answers)	Hap Palmer	103
A Thousand Words	Jay Som	151
Nautilus	subtractiveLAD	333
House Girl (Short Version)	Dyasty Noel	127
Sexy Lady	Zeus Mobjack	240
Like a God	Original Broadway Cast	93
Deep Sleep (Original Mix)	Deep Sleep Solution	315
Boy	subtractiveLAD	424
Electric Avennue	Eddy Grant	192
Motives	Anilyst	241
Geronimo's Cadillac	Modern Talking	196
How High the Moon	Original Charlie Parker Quintet	166
Si te vas...	Extremoduro	516
La vie de mes sœurs	Thousand	245
Mind Altering Substance	Chad	203
Voodoo Child (Slight Return)	Jimi Hendrix	313
Multiply (feat. Gina Milne) (Live)	Desperation Band	455
The Element Of Surprise	The Last Shadow Puppets	172
Be Somebody	Thousand Foot Krutch	222
Can't Remember Don't Know	CJ Daedra	368
Paragraph 84	AYTEE & FEAR	216
Straight to the Heart	Battle Beast	211
Le lac	Molecule	492
Exercise Boogie	YOYOY VILLAME	156
Practice What You Preach	Mikey Spice	215
Come Together (Remastered 2009)	The Beatles	259
Ma Vie (Version Française)	Amine	253
Tu Les Sais	La Fraction	159
Guided Breathing Exercise for Better Sleep	Dr. Ramdesh	802
One Last Beautiful Thing	Jane Farrell	164
Out Of Space	The Prodigy	298
Spirit Molecule	Popek	396
Property of Punjab	Karan Aujla	211
Vous m'avez reconnu à la fraction du pain !	Claire Chataigner	231
Yoga Exercise	Chakra's Dream	255
Paragraph President	Blackalicious	309
Relaxing Zen Music (Waterfall and Piano)	Buddha Music Sanctuary	254
Zero Gravity	Perfume	293
Subtraction	Junction	406
This Is Amazing Grace	The Maker & The Instrument	399
Tayer	Sofco	184
Sacrilegious	Exxxekutioner	51
Dictionary man	Uncommonmenfrommars	185
Beach Front Property	Spanish Love Songs	247
Soh-Gyo-Fu: No. 3, Largo (Four Episodes for Shakuhachi and 20 String-Koto)	Nanae Yoshimura	312
Drogen, Nutten und Cash	Fler	221
Playlist Particular	Laryssa Dias	146
Bizarre Love Triangle	Style Project	156
Fraction (Radio Edit)	Monoverse	228
High Grade Forever	Bounty Killer	203
Hello Stranger	Stockholm Jazz Quartet	198
Death of the Prodigy Dancers (live)	The Prodigy	223
African Solution	Mbongeni Ngema	349
Mini Tube (Short Mix)	Svralys Ida	100
character	Cö Shu Nie	148
Night Flight	Perfume	321
Beale Street Blues 2	The Original Memphis Five	196
Night To Remember (Mindflower Remix)	Subtractor	425
What You Want (Edit)	Industry Standard	176
Imagine	John Lennon	246
Mr. Rich	Controla	223
Hawg for You (2016 Remaster)	Otis Redding	207
Populated	Bigdude	249
Pure Being (Massage Music)	Buddha Music Sanctuary	240
Anymore	Pheeno	204
Who Do You Love ?	Thousand	166
In Particular	MOTi x Æmes	159
Good as You	Kane Brown	192
She Put the Hurt on Me (2016 Remaster)	Otis Redding	157
Separate Lives (feat. Bridgette Bryant) (Live)	Phil Collins	315
Love Like Mine	Miami Horror	250
Happy Material Return (''Mahou Sensei Negima! Shiroki Tsubasa Ala Alba'' Op)	Yumiko & Yuko Takayoshi	295
Separate Seas	Bad Suns	211
Bizarre Love Triangle (2015 Remastered Version)	New Order	262
Eligen Vocal O Consonante	Musiteca	58
Pater noster	Consonanz á 4	56
Live wire (Continuous mixes mighty mike)	Determine	183
Good Together	Shay Lia	239
El Nin-Yo!	Tata Young	200
Blue Story	consonant	328
Double You Part 1	One Sentence. Supervisor	181
My Neighbor Totoro - Ending Theme Song (Piano Version)	Streaming Music Studios	222
Especially You	Don Williams	140
Gym Exercise	Blackboy	154
Thousand Islands	Unno	199
Add One to the Double	Hap Palmer	166
Musique Illimitée	Bruit Blanc Prime	270
Soul Searching	Chad	190
Elements	Molecule	258
Freedom Fighter	Rainbow	261
Still Feels Like Home	Missing Six	209
Lose It	Kane Brown	178
We'll Be Kings	Downplay	202
Separate And Ever Deadly	The Last Shadow Puppets	160
Niama na yo	Youssoupha	120
Bug	Sharko	169
Sanskrit Sounds: Vowels & Consonants (Live)	Dr. M. A. Jayashree	138
Da Intro.	Aubs.	88
Nothing to Fear	The Porter's Gate	184
Peut-Être Demain	Triangle	290
I Know	Various Artists	224
Separate Lives (Piano Version)	Carlos Ambros	241
Remember Everything	Five Finger Death Punch	278
Straight Out the Gate	Tech N9ne feat. Serj Tankian, Krizz Kaliko	250
The Nutcracker, Op.71, TH.14 / Act 2 : No. 12c Character Dances: Tea (Chinese Dance)	The National Philharmonic Orchestra	58
Guillotine	Jon Bellion	208
spielfeld	paragraph66	146
Rosana	Wax	235
Charly (Trip Into Drum and Bass Version)	The Prodigy	312
One Particular Harbour	Jimmy Buffett	344
R.A.S.1	Ideal J	278
Vajrasattva 100 Syllables	Tibetan Buddhist Mantras	327
Lay It Down	Various Artists	275
Che Originali!, Scena XIV: Rezitativ 'Tu sai, mia consonante prole' (Don Febeo, Celestina, Aristea, Biscroma)	Thomas Gropper	99
Détermine	Alibi Montana	275
Ricochet Syllables	The Polish Ambassador	270
Es Probable	Rubytates	184
Sewerbreed	TankrusT	180
Luigi's Mansion Theme (From "Luigi's Mansion")	The 8-Bit Big Band	183
Practice Cont'd	Yin Yoga	363
Green Djinn	Fant4stik	256
Chip On My Shoulder	Rod Wave	111
The Orientalist	High Tone	252
When the Water Breaks	Liquid Tension Experiment	1017
Especially Me	Low	326
Always at Hands Reach with Reiki (Flute & Rain Sounds)	Zen Soothing Sounds of Nature	246
The Path of the Wind (From "My Neighbor Totoro") [Piano Version]	Streaming Music Studios	199
Penning Spree (feat. Cerebral)	Anilyst	183
Mensageiro Dos Ventos	Ronin	188
Let the Sparks Fly	Thousand Foot Krutch	246
Jump Start	Turin Brakes	189
Multiply! (Original Mix)	Benjamin Bates	373
New Position	Prince	140
Same Shit Different Day	T- Tymes	181
Deserted Landscapes	Universal Silence	240
Mythos Ritter - 10 populäre Irrtümer, Kapitel 19.3 & Mythos Ritter - 10 populäre Irrtümer, Kapitel 20.1 - Mythos Ritter - 10 popul	Karin Schneider-Ferber	105
Consonantes Disco	Sandra Zaiter	111
Single Song Consonant Song	Dave Kinnoin	192
Consider It Mutual	The Word Alive	301
Determinée	Gloire Grâce	219
White Substance (Original Mix)	Carl Haze	465
Prisão Particular	Tiee	195
Mirrors	Justin Timberlake	484
Straight On	Heart	306
Sonho Particular	Pedro Terra	234
M  Miss Mary Mouth	Phonic All Stars	164
Difficult to Love (Radio Edit)	Elderbrook	190
Particular	Racoon	176
Kirifuda	Cinema Staff	212
Monsento's Killing You	Les enfants sages	339
Hooligans Heaven	Discipline	178
A Test Of Character	The Night Of Pistol Pete	257
The Sentence	Potter Payper	119
Faronell's Division	Hespèrion XXI	296
Vision of Division	The Strokes	260
Describe (Edit)	Perfume Genius	163
Question de peau	Bernard Lavilliers	226
Everything Is Possible	Encounter Worship SA	248
Physio (Température)	Fababy	296
Imaginary Condition	Born Of Osiris	193
Sweet Protection	Sharko	212
Festinha Particular	Rodstar	153
A Continent Away	1984	357
Separate Lives	70s Greatest Hits	252
Consignments	Chad	239
Death Sentence	Stefan Levin	154
The Long Day Closes	Consonanz á 4	221
Represent Dat G.C.	Kurupt	306
Rerum Natura	subtractiveLAD	440
Intro (Sentence Of Death)	Destruction	76
The End	Nolga Heikos	164
Expérience anti-stress	Zen Méditation Ambiance	212
Love Experience	Tantric Music Masters	240
Prazépam & eau gazeuse	Les enfants sages	312
Continue Assim	Sky Love do Forró	146
Exercise Your Brain (Smart Music)	Deep Sleep Music Delta Binaural 432 Hz	770
Powerful Substance	Chris Liberator	452
Triple Eight	Property Prophets	238
171 xo	Thousand Below	168
I'll Remember April	Stan Getz	508
My Where I Come From	Kane Brown	182
GET UP	Describer	214
Morning In America	Jon Bellion	265
Sounds of the Stringed Instrument	India Tribe Music Collection	279
Buddhist Experience Meditation	Buddha Music Sanctuary	233
It's Possible	Westside Gunn	230
Break My Stride	Matthew Wilder	184
Consonants J to P Karaoke	Let's Start Smart	71
Burning	Lanmar Lord	157
Nicholas Nickleby (Unabridged): To the row of houses indicated to him…	David Horovitch	443
J 17 4	Molecule	360
Sweet Dreams (Are Made Of This)	Marilyn Manson	293
Blast masta killa	Ideal J	139
Solution Devices	Biffy Clyro	198
Déterminé	Simbrux	192
Teach Your Children	Crosby, Stills, Nash & Young	173
Populate	Jameson	375
Calm Down	OwnCloud	62
Continue de chercher	Paul Personne	211
So Electric	Lifelike	403
Can't Happen Here	Rainbow	297
F the Industry	Warface	204
Soft Noise	Shannon Wright	347
West End Girls	Pet Shop Boys	241
Vous m'avez reconnu à la fraction du pain!	Mej	230
The Charm Inside	Universal Silence	202
Vowels & Consonants	Rebecca Peake	86
Worldwide represent	Kiddam	279
Déterminé à courir marathon plus vite	Music for Fitness Exercises	207
Subtraction of Obedience	Duchess Says	153
Game For Fools (Mara Carlyle Ukulady Mix)	Jamie Lidell	229
Containing Light	subtractiveLAD	224
The Law of Surprise	Sonya Belousova	270
Skip Count (Instrumental)	Hap Palmer	140
Don't You Remember	Adele	243
At the Hot Book	Parallel Exercise	95
Bring Em Out	L'A Capone	203
96	Turin Brakes	250
Bring You Back	Beacon	256
No More Blue Horizons	China Crisis	228
Never Stop	Tribeqa	270
Wake They Shit Up	E-40	223
Greenhouse Effect	Testament	295
Live Wire	Determine	186
Lil' Devil	The Cult	164
Are You Ready?	Boney James	304
We Did Not Make the Instrument, the Instrument Made Us	Kaki King	306
J'accélère	Gwad Daniel's	153
Where You Been At?	Syllablez	150
Fraction De Seconde	Matthieu B	540
Wave	Claressa Monteiro	227
Property of Pigeons	Short Fictions	242
Property of Tucker Systems	Clint Mansell	130
Sinus 190 Hz - L 220 Hz - R Drone	Subtracters	207
Transitive Property	Bayside	234
Hunter Moon	Kreisel	382
The Age of Industry	Le Trio Joubran	277
Don't Leave Me Piano	Mussica Del Talent	127
My Neighbor Totoro - The Path of the Wind	Vitamin String Quartet	221
Amazon	Natas loves you	217
Tostaky (Le continent) (Album Version)	Noir Désir	329
Electric Elephants	Jay Hardway	173
Noone Knows the Day	Paragraph Music	126
Cambiaste la Vida	Kevin Roldan	234
Instrument (Live)	Travis Greene	269
Question Is	Tory Lanez	304
Coffee Talk	Stockholm Jazz Quartet	197
Inseparable	MYMP	157
Substance Abuse	Smoke DZA	212
Ilha de Santiago	Mayra Andrade	224
She's Electric	Oasis	220
Rep My City	unfadeable outlaw	335
Describe (Gymmy J Arround Remix)	Angy Kore	431
Mbi Fè Fouroula	Zeus Mobjack	294
Language of Light	Mantra Yoga Music Oasis	186
All Good	Practice	187
Syllable Lullabize	Marq-e	419
Steps Together	Pindaric Spleen	379
Fraction	HAULM	245
Love Will Tear Us Apart 2 (Pennine Version; 2010 Remaster)	Joy Division	192
Le royaume des voyeurs	Fraction	207
High Hopes (2011 Remaster)	Pink Floyd	510
And I Grew into Ribbons	Street Sects	193
Feel It Coming	Iann Dior	132
An Erisian Autumn	Angel Vivaldi	294
Voodoo Chile	Jimi Hendrix	899
Ultraboost	Indicate	449
Human Interest	Hooverphonic	227
Complete Jazz Lounge Music	Lounge Bar	156
School Days	Chuck Berry	164
So Difficult	Jordan James	210
Asher Wolfe	Shygirl	249
Straight Time	Bruce Springsteen	205
The Brainless Experience	Brainless Sound System	260
Captain of Industry (Satisfactory)	Bonecage	207
Children of the Moon	The Alan Parsons Project	291
The Wind Forest (from 'My Neighbor Totoro')	Joe Hisaishi	294
Jour Blanc	Molecule	277
Drive In	MED, Blu & Madlib	239
Probablemente ya (En Vivo)	Enrique Urquijo	187
Pawing	The Homesick	158
Random Verse	Anilyst	149
A Fraction of You	Fredrika Stahl	210
Drugs Are Bad (Short Version)	Galysi Uta	137
You're No Good For Me (Live)	Joy Division	122
Sharks Smell Blood	The Silent Comedy	194
Température	JB Mpiana	476
Heaven and Hell	The Silent Comedy	284
Chanel (Go Get It) [feat. Gunna & Lil Baby]	Young Thug	201
Sabi Niya	Donnalyn Bartolome	246
Real Warrior (Last Breathe Riddim)	Stonebwoy	184
J'ai mal au coeur	Ideal J	498
Red Light Indicates Doors Are Secured (Instrumental)	The Hit Crew	144
Let's Dance to Joy Division	The Wombats	191
The Blessed Son of God	Consonanz á 4	145
Real Man	Eric Michels	230
Two More, Two Less (No Answers)	Hap Palmer	102
Probablemente Nada	Mejor Actor De Reparto	191
HIGHLIGHTS FROM MY NEIGHBOR TOTORO	The Japan Ground Self-Defense Force Central Band	464
A Necessary Pause	Eric Salazar	260
Just Chillin	Stockholm Jazz Quartet	197
Come Together	Urbandawn	238
Necessary	DRB Lasgidi	155
Come Little Children	Erutan	175
Industry (Original Remastered Mix)	The Green Martian	515
Polaris	Triangle	324
Seven Minute Mind	The Bad Plus	337
Zeppelins	Natas loves you	222
Be Straight (Live)	Joan Jett and the Blackhearts	217
Section 58 Paragraph 10 of the Criminal Code of RSFSR	Aleksey Galkin	198
For Your Fire	Archillrecords	264
Reggae Addicts Connection	Sinsemilia	256
How Can You Describe A Face	Dave Grusin	243
Noroya Ta	Zeus Mobjack	259
Dirt Off Your Shoulder	Jay-Z	245
Bad Character	Quasimoto	116
Basic Consonant Drill	Kim Mitzo Thompson	211
Experience Pearls (Remastered)	Ace of Base	239
Murda Practice	Vybz Kartel	181
Force Of Nature (Norin & Rad Remix)	Arkadi	387
Subtract Tone	Monoplate	437
Downfall	TRUSTcompany	191
All Along the Watchtower	Jimi Hendrix	238
Wollt Ihr Uns Verarschen (feat. Paragraph 117 & Die Bandbreite)	Kilez More	250
So Special	The Night Of Pistol Pete	252
Property Envy	Flowers And Weeds	334
Straight Up	Phil Campbell	267
Ten Thousand	Leomar Mckew	165
Psycho Neighbor	The Planet Smashers	208
Know Your Body	Half Waif	159
Question De Peau	Bernard Lavilliers	275
Missa Liturgica - Kyrie	UT insieme vocale consonante Lorenzo Donati	69
Continue le combat	Filentre	282
High Tide	Missing Six	233
No Love Lost (2010 Remaster)	Joy Division	222
The Sin And The Sentence	Trivium	349
Sever The Hand	Trivium	325
Sunshine Dancer Love	Daniel Miller	68
Strange Signals (Short Version)	Calael Sandy	132
Remember Me (Original Mix)	Blue Boy	424
St. Louis Gal 2	The Cotton Pickers	192
Love Removal Machine	The Cult	257
Here Comes the Hotstepper	Ora the Molecule	208
Instrument of Peace	Noted	102
17 Syllables	Afor Gashum	313
Lionel Is Dead	Les enfants sages	355
(We Were) Born to Rock	Quiet Riot	216
Yui II for Koto and Cello: No. 1, Tidal Sound	Nanae Yoshimura	522
Mentira Politika	Che Sudaka	184
Garde la position	Aelpeacha	241
Interstellar	Molecule	332
You Should Consider Having Sex with a Bearded Man	The Beards	222
It Ain't Necessary	Mamie Galore	130
Mythos Germanen - 10 populäre Irrtümer, Kapitel 5.3 & Mythos Germanen - 10 populäre Irrtümer, Kapitel 6.1 - Mythos Germanen - 10 p	Thomas Brock	102
The Drawback (Live)	Joy Division	104
Keep Me Around	Turin Brakes	189
Get Me	Sia	193
Wirethrone	Solution .45	360
Letter 2 the Industry	Lil Migo	245
Bigmouth Strikes Again (2011 Remaster)	The Smiths	193
We Are	Various Artists	220
Interest Reset	Client_03	213
Der tapfere mann hat einen kummer	Paraskevas Grekis	137
DMT (Original Mix)	CamelPhat	422
Paraíso Particular (Ao Vivo)	Cristiano Araújo	210
Status Quo	Fear	184
Berries	Parallel Exercise	125
Finale - Food Glorious Food / Consider Yourself / I'd Do Anything	Ron Moody	179
Seaworld (Short Version)	Haelon Arnold	113
O Come, All Ye Faithful (Arr. by David Willcocks)	Consonanz á 4	175
Leaders of Men (2010 Remaster)	Joy Division	155
Two Straight Lines	Walking On Cars	203
Asturiana	Elena Cernei	173
Stone by Stone	Vernon Oxford	149
Consonant Review for "v,w,x,y,z"	Kim Mitzo Thompson	74
Crosswords	Jane Farrell	208
I Remember Nothing (2007 Remaster)	Joy Division	355
Dry Run	Dark Tranquillity	248
Simple Solution	Nazareth	298
Visits - That Would Indicate Visitors	Endless Chasm	359
The Kiss Quotient, Chapter 4	Helen Hoang	162
Children (Dream Version)	Robert Miles	426
The Kiss Quotient, Chapter 2	Helen Hoang	166
Bass Experiment	XS Project	267
Difficult to Cure (Live)	Rainbow	272
Straight To The Bank	50 Cent	190
Paragraphe	Generic	363
All Fantastic Images	Bad Religion	128
Straight up & Down	Bruno Mars	198
Homesick	Kane Brown	205
Mythos Germanen - 10 populäre Irrtümer, Kapitel 26.3 & Mythos Germanen - 10 populäre Irrtümer, Kapitel 27 & Mythos Germanen - 10 p	Thomas Brock	204
Introduction. Preparatory Exercise	Søren Bebe	123
Con moto: III. ADHD	Habemus Quartet	109
Mathematically Probable	Reason and Ruler Why	142
Consonantes y Vocales	La Banda Roja de Jose Leon	168
Six Red Cannas (feat. Vivian Wang, Félicia Atkinson, and Laura Jean)	Jenny Hval	247
Consider Me (Acoustic Version)	Nashville Cast	214
The Kiss Quotient, Chapter 7	Helen Hoang	160
Flung Wide Open	subtractiveLAD	411
The Boy with the Thorn in His Side (Live in London, 1986)	The Smiths	228
The Kiss Quotient, Chapter 8	Helen Hoang	165
The Kiss Quotient, Chapter 5	Helen Hoang	166
Voice Memo 3 (Interlude)	Anilyst	30
Fake Princess	Panda Eyes	345
Consonant Harmony	Healing Oriental Spa Collection	201
Zen Music for Zen Garden Spirituality (Kalimba)	Zen Soothing Sounds of Nature	207
Pour Up	NoCap	238
Brave Choice	David Bach	203
Trip	Sharko	132
Clear Position	Red Clash Riot	307
Greenwood, Mississippi	LISA MILLS	229
Pink Lemonade	James Bay	252
Paragraphy	Danny Serrano	430
Losing Interest (feat. Shiloh Dynasty)	Unclenathannn	152
Play Me The Voice Of Angels	Owen Mac	273
No Parking	The Cotton Pickers	156
Wild Flower	The Cult	218
Oh Devil	Electric Guest	217
Devil on My Shoulder	Faith Marie	278
Emeutes	Fraction	262
Paragraphs	London Grey	155
Angel On My Shoulder	Kaskade	227
Old Good Jazz	Stockholm Jazz Quartet	265
Ate Parece	Marisa Monte	145
Give Me Your Love	Alemoa	197
For The Lost Souls	Samsara Blues Experiment	596
Especially for You -Yasashisa Ni Tsutsumarete- (Remastered 2013)	WINK	249
Straight Shooter	Skylar Grey	178
Pastimes & Lifestyles	Dogs Die in Hot Cars	221
Area I: Island	The Balance of Power	630
Passion Inside	Stockholm Jazz Quartet	193
Kiss And Music	Perfume	155
Ténpu Ki Bai	Mayra Andrade	228
Six Steps Ahead	Straight Trains	166
Location (Drop Off)	Professor	361
Lusty Scripps	Fugazi	222
Nortel	Abou Thioubalo	298
The Perfect Example (John 13:12-17)	Seeds Family Worship	303
Mercadante: Virginia, Act 3: "In vestimenti squallidi" (Populace)	Maurizio Benini	323
The Mountain	The Crackpot Realist	165
Experience Unnecessary	Sarah Vaughan	171
Mythos Ritter - 10 populäre Irrtümer, Kapitel 14.2 - Mythos Ritter - 10 populäre Irrtümer (Ungekürzt)	Karin Schneider-Ferber	105
Possible Space	Lounge Bar	280
Eradication of the Populace	Purulence	269
Especially for You (Extended Version)	Kylie Minogue	299
Everything That Is Difficult Will Come to an End	Flotation Toy Warning	469
Straight Facts	Dappy	293
For I Am Called By Thy Name	Mormon Tabernacle Choir	126
Minor Character	Lloyd Cole and the Commotions	224
Straight Ahead	Kool & The Gang	212
Je pense	4Keus	137
She's Lost Control (Single Version)	Joy Division	294
Captains of Industry	Funeral for a Friend	223
The Gat	L'A Capone	221
Tostaky (Le Continent) (Pré-Production A "La Grosse Rose" / 1992)	Noir Désir	261
Opposite People (Edit)	Fela Kuti	398
We Dont Die We Multiply Forever	Various Artists	856
Glarner-Freunde	Hans Muff und seine Original Swing-Ländlerkapelle	185
Last Surprise	Tsuko G.	240
Home	Edward Sharpe & The Magnetic Zeros	534
Part Two: Conscription Sentence	L'Orange	78
Condition	The Three Horses	265
Le vieux continent	Alexis HK	180
Brighter Days	Leeland	222
Ornament/The Last Wrongs	Oceansize	563
Consonanti e vocali	Dolores Olioso	219
Electric Avenue	Electric Avenue	198
Condition // Comatose	Blessthefall	225
Mon possible	Emmanuel Moire	249
She's Electric (Remastered)	Oasis	220
Kämpfersong	Yassir	232
Hempro 905	High Tone	230
Trouble (feat. Micky Blue)	Tiësto	187
An Exercise	John Frusciante	225
Turning Point	Panda Eyes	215
Opposite of Adults	Chiddy Bang	195
Experiment On Me	Halsey	214
Are You Dead Yet	Children of Bodom	234
Sinus 90 Hz - L 120 Hz - R Drone	Subtracters	208
Famous One	The Maker & The Instrument	215
Little Flood	subtractiveLAD	323
Inlandsis	Molecule	1157
Light of the World	Ryan I.	201
Call Me, Beep Me! (The Kim Possible Song) (2006 Recording)	Christina Milian	158
Experiment in Terror	Fantômas	160
Un nuage de fumée	Ideal J	339
Pepp ohne Grund (Remix)	AYTEE & FEAR	144
Lock Di City	Determine	208
Mein Leben	Yassir	224
My Prayer	Roy Orbison	210
Nobody Wants It	Parallel Exercise	100
Ready for Night	Stockholm Jazz Quartet	191
Nada particular (Dueto 2007)	Miguel Bosé	381
Mountain Dew	The Stanley Brothers	164
A Dream Of Interest	Sensitive Bacterium	258
Hood	4Keus	204
This Time the Dream's on Me, Pt. 2	Original Charlie Parker Quintet	278
This Time the Dream's on Me, Pt. 1	Original Charlie Parker Quintet	285
Im God	Sin-X	231
Go Let It Out	Oasis	280
Thousand Words	Era	321
Words Can't Describe	Sarah Vaughan	275
Fake Smile	Thousand Below	223
Separate Ways (Worlds Apart) (Live)	Journey	319
Liebe, Zweifel, Angst und Neid	Paragraph270	205
Sirens	Natas loves you	267
Sergeant	Character	343
Gravitational Lensing	Solution .45	294
Paragraphs 6 to 12	Ridgelines	164
Say Neighbor	Bu|rrell	221
Pe Mureș Și Pe Târnave	Alexandru Grozuta	231
Gettin' Hot	Napoleon's Emporers	166
The Continent (Live 2019)	Steve Roach	497
Mountain Starlight	Colin Herbertson	369
Sweet Surprise	Klassieke Muziek voor Baby, Peuters en Kleuters	103
Cozy Evening	Stockholm Jazz Quartet	207
The Condition	The Devil Wears Prada	240
The Industry (Radio Mix)	Murdock	200
indicated	Viper	395
Acid Sentence	Municipal Waste	182
California Queen	The Silent Comedy	204
Hundred Syllables Mantra	Meditation Mantra Academy	279
Opposite Of Sad	Mychael Danna & Jeff Danna	81
Now Possible	Ben Nitrolan	141
Dark Matter	Panda Eyes	246
Granny House	Kenny West	194
Amazing Zen Experience	Singing Birds Zone	234
Toutou kamuké	Papa Wemba	397
Slide	James Bay	203
Great Things (Live)	One Event Worship Team	255
Chinatown	Jets to Brazil	335
Best Night	Namuh Holle	161
Property	Athiria	198
Intelligence Quotient	IQ	453
Embers and Snow (Remastered)	subtractiveLAD	1227
Two Minutes Til Lunch	Wall of Voodoo	171
Living	Lanmar Lord	156
Property Rights	Jon Reep	125
Strings	Iann Dior	194
If It Ain't Ruff	N.W.A	214
Shadowplay (2007 Remaster)	Joy Division	233
Paragraph 303	Slowy	183
Interestelar	Groove Delight	183
Favorable Surprise	Eulenspiegel	343
Newest Industry	Hüsker Dü	186
Resentment	A Day to Remember	227
Altra (Original Mix)	Adam Szabo	508
The Good In Me	Jon Bellion	223
Determine (Original Mix)	Volkoder	359
Cobra Position	Meditation Mantras Guru	209
C.A.	Kali Masi	414
LV	Sidoka	154
Dipole Experiment	The Evpatoria Report	695
Practice Declension of Neuter Words Ending with Consonant with My Solo (Live)	Dr. M. A. Jayashree	434
Crosstown Traffic	Jimi Hendrix	146
Triangle Walks	Fever Ray	263
Blues Solution	Harrison Kennedy	157
The Temperature of the Air on the Bow of the Kaleetan	Chris Zabriskie	264
5:41 AM (Live in Transmusicales 2015)	Molecule	231
Raise Your Voice!	Bad Religion	175
Beach Side Property	Modest Mouse	419
Rhapsoblue in D / Telstar	Simon Nicol	138
9th Chamber	Inspectah Deck	171
Syllables: No. 3, Paragogen	Konstantinos Destounis	70
Experiment	Cedric Gervais	191
Um Olho Pra Dois (feat. Pexande)	Sidoka	210
El Alma Del Tiempo (Slam Paragraph Remix)	Alex Under	339
Встретимся снова	Indicate	222
Practice Walking Meditation	Meditation Music Zone	217
Police In Helicopter	Million Stylez	195
Lemon Yellow Black	Jets to Brazil	242
High Temperature	Asian Meditation Music Universe	211
No Return Possible	Alan Jay Reed	108
Introduction	Ideal J	112
Spring Time	Triangle	327
Straight Jacket	Theory of a Deadman	240
Position en demi-lotus	Bouddha musique sanctuaire	246
The Ring of the Champ	Parallel Exercise	140
Physical Fraction (Original Mix)	Trentemøller	422
Blessings Multiply	Lyricson	227
Clandestinity Now	Solution .45	973
He'll Never Let You Go	Various Artists	269
Red Light Indicates Doors Are Secure (Cover Version)	The Dancing Vamps	144
O Rio	Marisa Monte	159
Âriâ	Molecule	307
Température (live 2006)	113	55
I Cannot Answer You Tonight	Crime in Stereo	184
Datini De Iarnă, Jocul Ursului	Necunoscut	69
Populate Mile	Various Artists	160
Orphan of the Industry	Delinquent Habits	226
The Question	J. Bernardt	243
Facedown	L'A Capone	193
Rebel	Namuh Holle	137
Forward Position	Wire	290
Biscuits	Kacey Musgraves	198
We Fall Down / Agnus Dei (Medley)	The Maker & The Instrument	272
Consider It Done(Live)	Ricky Dillard & New G	370
Does Us	Anilyst	287
Music For A Nurse	Oceansize	496
Experiment,Pt.2	Vyacheslav Sketch	283
Solid Ground	Nik Day	222
Opposite of Fiction	Dracoreal	156
Straight Outta Place	Tom Crezor	165
Stay Strong	Describe	265
Instrument	Fugazi	224
Dirty Sprite	Fear	122
Diamond Rain (Short Version)	Dyasty Noel	113
Kr4ken	Fant4stik	272
Children Surrender	Black Veil Brides	191
The Language	Drake	224
Music For Children	Einstein Baby Lullaby Academy	118
Rude	Shygirl	128
Moonstruck	Fant4stik	213
Pink Triangle	Weezer	238
Pure Soul	DeScribe & Matisyahu	196
Play for Keeps	L'A Capone	201
Straight Lovin'	LOVRA	167
They Walked In Line (Live)	Joy Division	161
Who Is My Enemy/Death Sentence 2	Twisted Insane	214
Human Condition	Parade of Lights	230
Lost Continent	The Peddlers	158
Instrumente Muzicale Româneşti, Brâu (Fluier Gemănat)	Necunoscut	48
Mr. Redundant	Rainbow Kitten Surprise	210
MTV or B.E.T	Determine	224
A Little Kiss	Fredrika Stahl	270
Hunter	Red Fraction	259
A Lover's Question	Otis Redding	155
I'll Always Love You (feat. Shai)	Boney James	266
Broom Broom	Determine	216
Les temps changent	MC Solaar	218
Describe Her	André Hodeir	145
Geezers Need Excitement	The Streets	224
Buckwild	Wax Tailor	222
Take Care	NoCap	132
Slaves to Substance	Suicide Silence	207
Coyote	Wednesday	296
Driftwood	Christoffer Franzen	108
Shoulder Of Giants	Kölsch	295
Lounger	Dogs Die in Hot Cars	219
Fraction of a Wolf	The Driftwood Manor	294
Primeira Essência (Jardim Particular)	Anderson Freire	266
Anything Is Possible	Will Young	221
Ilha De Santiago	Mayra Andrade	224
A Walk In The Dark	Paul Eg	410
Drowning	Anilyst	253
Calle Esperanza s/n	Extremoduro	426
Tattoos Together	Lauv	186
No Substance	Bad Religion	184
Consonante dissonante 2	Ennio Morricone	54
Shoulder	Raavi & the Houseplants	127
Separate Ways (Piano Version)	Piano Covers Club from I’m In Records	213
Danny's Song	Simon Nicol	323
Good Ol' Boys Club	Kacey Musgraves	197
Así No Te Amará Jamás (En Vivo)	Daniela Darcourt	332
Love the Solution	Jah Cure	221
Pleasure at the Grand Dukes	Binural Healers	219
Hollow Sentence	Lorna Shore	230
Cat & Dog	TOMORROW X TOGETHER	187
King Medicine	Jets to Brazil	342
Bill Anderson Still	Bill Anderson	168
Wanted History	Jay Amerigo	163
Things to Remember	Faron Young	133
Compromised	Public Practice	193
Lit	Issjames	117
World A Run So	Mista Savona	212
Kangaroo (Prod. ZICO)	Wanna One - Triple Position	223
Guntown	Danny Bryant	368
Ten Tables (Fabulous and Neyo Style)	Multiplication Hip Hop with Mr.G. & The Kiddie Crunk Crew	279
Outta My Mind	Wax	237
Shadowplay	Joy Division	232
Hark! The Herald Angels Sing (Arr. by William H. Cummings and David Willcocks)	Consonanz á 4	155
Lack of Interest	P.H.F.	187
Şerefsiz (feat. Sansar Salvo)	Diyar Pala	225
Experience (Live)	Angèle Dubeau	258
Drive	The Cars	237
Prayer Position	Periphery	276
Ты меня попросила... (Моя машина)	Кай Метов	220
Don't Mug Yourself	The Streets	157
Property Wars	Run Bambi Run	305
Children Sing	PaceWon & Mr. Green	306
The Five Seven Twelve Family	Hap Palmer	103
Bis in alle Ewigkeit	Paragraph270	232
Straight Thru	Quin Nfn	137
Rampart Street Blues 2	The Cotton Pickers	204
Consonants and Vowels Rap	Sharon Luanne Rivera	117
Dancer	Raffa FL	348
Awake	Electric Guest	301
Language (UK Edit)	Porter Robinson	199
A Martian Winter	Angel Vivaldi	223
I'm Trying to Be Like Jesus	Mormon Tabernacle Choir	287
Prana (Original Mix)	Trentemøller	385
A Lost Child (From "My Neighbor Totoro") [Piano Version]	Streaming Music Studios	228
Focused Breathing Exercise	Anti Stress Music Zone	241
Add/Subtract	Renfro	331
Tokoto-no-kajiri ; prayer for gods in 10 syllables	MAISHIN	155
Position Of Power	50 Cent	192
Us	James Bay	181
Probable Robots	Before The Deluge	215
Praïa Do Norte	Molecule	288
Describe What You Hear	Jazz Relax Coffee House	122
Fraser Can't Play	glue70	53
Flobby	Raijeky	209
Daughters of Zion (Reprise)	The Porter's Gate	167
Tight Pussy Wine	Popcaan	226
F*ck the Industry	Roger Molls	357
The Nutcracker, Op.71, TH.14 / Act 2 : No. 12e Character Dances: Dance of the Reed Pipes	Concertgebouworkest	154
Sun’s Gonna Rise	Stephen Brown	232
Children Are Our Favorite	Sonya Belousova	196
Cat Bus	Cat Trumpet	152
Lions (feat. Vivian Wang)	Jenny Hval	237
§ 270	Paragraph270	158
What Difference Does It Make? (2011 Remaster)	The Smiths	229
TEMPERATURE	Sean Paul	219
Yeşilimi Ver	Diyar Pala	200
Homeland (Short Version)	Senga Judit	124
One Way (Original Mix)	Burzhuy	348
If Only Words Could Describe This...	Cinderella's Revenge	209
Jump Inside	Triangle	314
Paragraph270 (2012)	Paragraph270	135
Délivrance	Molecule	264
Along Together	Chet Baker	412
Footsteps	Straight Trains	71
Exercise in Fourths	Badi Assad	153
Experiment (Remastered)	Tony Bennet	105
2 Years 8 Months	Straight Trains	79
Sixième continent	Fabienettes	231
Devenir vieux	Youssoupha	302
Barron's Experiment	Mike Higham	335
Daughters of Zion	The Porter's Gate	241
Multiply (Original Mix)	Ghost Culture	476
Echo-Logik	High Tone	299
Roc The Mic	Beanie Sigel	265
Represent (Explicit Album Version)	Nas	253
Leitmotiv	Molecule	422
For You I Will	Tata Young	238
Indikate	Country Lions & The Toasters Family	203
Critical Condition	Mr Traumatik	309
The Sacred Syllable Om with Thunder, Improv Version (feat. Nate Morgan, Vidura Barrios, Jeffrey Main & Tom Rossi)	Music for Deep Meditation	698
Go Forth and Multiply	Sublime Cadaveric Decomposition	163
Time Spent	Mag Worthy	225
interest in yourself	Kinissue	93
We Used to Call It Love	Mayra Andrade	235
Lotus Position	Mindfulness Meditation Music Spa Maestro	218
Tamika	Jay Amerigo	221
Daughters	Jenny Reynolds	221
Dictionary - The Go Find	The Go Find	225
Alternative Ulster	Stiff Little Fingers	163
Difficult Way	Mr.Dj W.White	195
Over My Shoulder (Remastered)	Paul Carrack	194
Describe You	Nico Muhly	199
Sleep on My Shoulder	Brazzaville	197
The Moon Represent My Heart	Edgar Muenala	233
Train to Transylvania	High Tone	328
Worldwide	Wax Tailor	153
Seven	Rainbow Kitten Surprise	225
Consider Me Dub Vocal	Skatalites	221
Love Will Tear Us Apart (2010 Remaster)	Joy Division	204
Memphis Blues	The Original Memphis Five	175
Born For This	Complete	260
Difficult Customers	Assimil	199
Continue to stare	Yuya	202
Probablemente Te Quiero	Luis Eduardo Aute	216
Material Female	Night Lovell	165
Sword Practice	Trevor Morris	47
Skynet	The Acacia Strain	262
Trés mininu	Mayra Andrade	237
Lotus position	Bouddha musique sanctuaire	240
C'Est Pas Possible	François Valéry	219
At Sunset	idenline	223
Blackout	Linkin Park	279
The One	Sofco	220
Syllable (2014 Remaster)	Surgeon	534
Think Twice	Detroit Experiment	378
Maura	Wednesday	187
Murda SHE Wrote	Kaptain.	164
So Loud	L'A Capone	199
Children (Message Version)	Robert Miles	411
The Unattainable	The Boy Hunter	250
Love Your Neighbor	VeggieTales	78
Balboa Towers	The Acacia Strain	276
Belong To Her Bass	Archillrecords	157
Land in Sight	Straight Trains	127
The Red Line	Triangle Sun	232
Sentimiento Original	Gondwana	292
The Man I'm Meant to Be	Various Artists	238
Mechanical Industry	Jeremiah Pena	323
A Thousand Miles (Interlude)	Vanessa Carlton	236
Indicate My Hate	Cxxlion	167
Generator (Original mix)	Oscar Mulero	319
Pick up Gone Wrong	Indicate Left	154
Thousand (feat. Futuristic)	Vic Sage	183
Forever In Your Eyes	Mint Condition	250
Day	Archillrecords	183
Industry Standards	Comeback Kid	218
Army Of Ignorance	Samsara Blues Experiment	275
Paragraphs Relentless	Dälek	333
Get on My Own	Choolers Division	173
Sous Ta Peau	Clémentine March	217
Qi Gong Exercise	Serenity Music Relaxation	177
They Say	Monika Lidke	286
Good Neighbor (Live)	The Kelly Family	188
United in Depression	Straight Trains	86
La cassette	Youssoupha	94
You Don't Know Where Your Interest Lies (Single Version)	Dana Valery	135
L'axe	Fabe	222
Difficult Times	Miss Sunday	102
God Is Creator (Genesis 1:1-3)	Seeds Family Worship	312
Difficult By Design	Kylie Minogue	221
Pas beaucoup de moula	LaF	302
Warum	Yassir	222
Candy	Stonebwoy	220
Late To The Party	Kacey Musgraves	217
Conflict Of Interest	Ron Delp	233
The Greatest Commandment	The Porter's Gate	172
Pseudo V3	Truncate	276
Le consonanti birbanti	Coccole Sonore	273
Division rouge	Laylow	290
Si je rappe içi	Ideal J	351
Falling For You	Leeland	221
The Charm Offensive	Oceansize	439
Love for Property	The Black Seeds	370
Possible Hallucinations	Jeremy Zuckerman	235
Fall	Julia Kent	269
A Fool Such as I	Eddy Arnold	158
Dirt Naps (feat. Toby Diligent)	Tre Fixx	183
Message	Ideal J	290
In the Stereo (feat. Idan Raichel)	Describe	271
Heaven Gates	NoCap	183
A Love Of Your Own	Ned Doheny	227
Le consonanti birbanti (Karaoke version)	Coccole Sonore	268
Populace (Dan Rubell Remix)	Le Kawumm	432
4:45 AM (Live in Transmusicales 2015)	Molecule	555
And'soze	Heavy-K	322
Solution for Insomnia Disorder	Total Relax Zone	191
Canción Populare	Fritz Kreisler	101
Mad Butcher	Destruction	210
Set Me Free	Describe	210
It Ain't You It's Me	Kane Brown	191
Syllable Lottery	Gerasene	513
Heart And Shoulder	Heather Nova	238
Sneaky	Stonebwoy	182
Numai Dragostea-I Aproape	Alexandru Grozuta	257
Force of Nature (Dusty Lo-Fi Mix)	Subtract	170
Nature of the Experiment	Tokyo Police Club	121
Melancholy	Chad	217
Visual	Jay Amerigo	217
Bailey	Molecule	282
Embrace Some Peace	Binural Healers	195
Opposite Way	Leeland	220
Dancing With Character	Rae Morris	244
Tarantella Napoletana	Josu Gallastegui	111
Property Picking	Fredo	193
Abysses	Molecule	415
Deus Ex Machina	Ramin Djawadi	186
Iridescent	Linkin Park	296
Patak Ke Chadh Jai Ho	Amit Kesharwani	220
Bear Fruit and Multiply!	Editora Árvore da Vida	247
Rejoice, the Lord Is King!	Mormon Tabernacle Choir	162
Big Deal	E-40	163
Necessary (Chillout Mix)	Chimera State	415
Galaxica	Panda Eyes	306
Connecting Souls	Binural Healers	249
Bug On A Floating Leaf	Moondog	119
The Human Condition	Chelsea Cutler	150
Storm	Triangle Sun	273
Mythos Germanen - 10 populäre Irrtümer, Kapitel 3.3 & Mythos Germanen - 10 populäre Irrtümer, Kapitel 4.1 - Mythos Germanen - 10 p	Thomas Brock	102
The Nutcracker, Op.71, TH.14 / Act 2 : No. 12d Character Dances: Trépak (Russian Dance)	Concertgebouworkest	72
You Don't Know Where Your Interest Lies	Simon & Garfunkel	139
Suită De Melodii Populare De Pe Valea Milcovului	Ansamblul Folcloric Tara Vrancei	164
Condition (feat. Olly Jay)	LKS	146
Enrique Iglesias & Usher - Dirty Dancer	Exercise Program	209
Game For Fools (Live In Paris)	Jamie Lidell	289
Es ist meine Zeit	Yassir	231
Property Line	The Yellow Cabin Hell	272
Love Will Tear Us Apart (Martin Hannett Sessions)	Joy Division	197
Incubation (2010 Remaster)	Joy Division	171
Hustle All Day	Kenny West	226
Sunchaser (Original Mix)	Akesson	410
80's Films	Jon Bellion	216
Compensation	OwnCloud	64
Do You Know What Was Goin' on Here	Straight Trains	212
Sweet Message	Molecule	255
Concentrate Condition	Stuart Styron	212
Separate/Together	A Tribe Called Quest	98
Difficult Love	Messer Chups	191
Dancing In The Moonlight	City Solution	198
Papapapa	Les Thugs	202
Condition Widget	Shanghai Nights	254
Red Light Indicates Doors Are Secure (Karaoke Version) (Originally Performed By Arctic Monkeys)	Karaoke Compilation Stars	145
Do It Like	Anilyst	195
Opposite Ends	Parting Ways	159
Yarasa (Ring Edit)	DJ.A.Stone	49
How Can I Describe You (feat. Pearl)	N-Tida	205
Steve Lima & Indikate - Now Im Free (Mike Indigo Extended Remix)	Steve Lima & Indikate	332
Whatta Man	Salt-N-Pepa	308
Ave verum corpus, K. 618 (Arr. for Voices and Organ)	Consonanz á 4	194
Mountain Range	Paul Belair	299
Jeu instrument à cordes	Jean-françois Alexandre	55
I'm so Me	Melody Fall	157
Vivre libre ou mourir	Fraction	341
Gorillaz represent	Guerreros del Bajo	223
Never Is Enough	Iann Dior	132
M'en aller	Youssoupha	194
Know Your Enemy	Form Subtract	271
Paradise	Describe	226
Forget Me Nots	Patrice Rushen	275
Shoulder to Shoulder (Piano Version)	Rebecca Ferguson	184
Metal Division	Mystic Prophecy	209
Neighbor to None	OCS	150
No Saints Forgiven	The Silent Comedy	178
Raining Patterns	CFCF	446
Obsolète	MC Solaar	202
Tout est possible	Che Sudaka	163
Carolina Mountain Home	The Stanley Brothers	140
Sexy Noises Turn Me On	Salt-N-Pepa	237
Multiply by Fire	Misery Index	139
Glimpse At The Good Life	Dogs Die in Hot Cars	202
Share To Multiply (Ao Vivo)	Bayside Kings	147
Lethal Industry (Radio Edit)	Tiësto	169
Hardbass Industry	Gopnik McBlyat	272
Rhymin' In Time	Andy H & Simple	207
As She Dreams	Christoffer Franzen	86
Original Prankster	The Offspring	220
Courtesy Call	Thousand Foot Krutch	236
New Exercise in Swing	Slam Stewart	175
Got No Interest	The Twang	220
Devil Like Me	Rainbow Kitten Surprise	188
You Got Me	Molecule	230
Better	Samm Henshaw	201
Necessary Violence	Really Slow Motion	117
Everything That I Love	Anilyst	208
Consider this	Jason Blaze	67
Exercise Music	Study Music 101 & Study New Age Counter Display	207
I Can Jump Puddles	Simon Nicol	237
Sins of Omission	Testament	300
Cthulhu	The Acacia Strain	207
Talk Box (Short Version)	Natloz Tamas	130
Tout devient possible	Jenifer	199
My Lover's Prayer (Mono; 2016 Remaster)	Otis Redding	188
Ils marchandent nos vies	Fraction	202
Where Are You Going ?	Fredrika Stahl	213
Mr Industry	Grade 2	191
Tears For The Good Times	Archillrecords	172
Tattoo	Dennis Cruz	375
Sensei of Syllables. (feat. TAJ)	Aubs.	190
Straight Edge	Minor Threat	47
100 Stars	Triangle Sun	238
Because of You	Straight Trains	121
The Way You Look Tonight	Original Charlie Parker Quintet	253
Multiply The Heartaches	CAKE	167
Paragraphs of Murder	Celph Titled	171
66.6 Syllables (feat. Xavier Wulf)	JGrxxn	143
Kette Drum (feat. Determine)	Beenie Man	233
Allyson Grey	Without A Care	261
I'm So Tired	Fugazi	118
Remember (Radio Cut)	The Underdog Project	240
Always on My Mind	Pet Shop Boys	234
My Angeline	The Original Memphis Five	170
6 the END of Part	Mussica Del Talent	209
You Don't Know Where Your Interest Lies (Live at Lincoln Center, New York City, NY - January 1967)	Simon & Garfunkel	126
Hot Love	T. Rex	295
I've Got a Thing 4 U	Diamond Ortiz	200
Dear Neighbor	Flapo	287
Adrift	subtractiveLAD	306
Heart and Soul	Joy Division	350
Shorty Wanna Ride	Young Buck	261
6H du matin	ITUMI	193
Best Interest	Cam Archer	195
Silver	Subtractive	243
Gas Panic!	Oasis	370
Digital (2010 Remaster)	Joy Division	169
Flesh And Bone	Mask Of The Wolf	252
Fiction Fraction	Martin Archer	56
Write It All Down for You	Elliott Brood	238
No Release	Rainbow	334
Good Question	J.S. Ondara	218
Straight to Memphis	Club Des Belugas	316
I Need Someone	Sharko	266
Bleed	Young Ellens	181
Weak Become Heroes	The Streets	332
Best Meditation Music, Sounds of Zen Garden	Buddha Music Sanctuary	246
Practice In the Mirror	Jordan McGraw	219
Difficult Year	Keane	208
Miss. Monomi's Practice Lesson	Masafumi Takada	198
Hold Tight	Evol Draziw	149
Remember Forever	Red Velvet	187
Mr Blue Sky	Electric Light Orchestra	227
La question	Gaetan Roussel	209
River to Consider	White Denim	300
Attaque contre attaque (Bonus)	Ideal J	315
Starry Configurations	Jets to Brazil	243
Une fraction de seconde	Holden	239
Red House	Jimi Hendrix	230
Complete Control	Lineki	342
Exercise in Silence	Thrupence	118
Section Three - Playing with Syllables	Ash Dargan	94
Flicker	Julia Kent	219
Consonant	Brooklean	67
A Question of Time	Exit Eden	268
Particular to What?	Grizzly Bear	278
Dna	Fear	221
Professor	Professor	221
Exercise 9 (Ah Skips)	Power Vocals	130
KNFKKRFK	Sofco	290
practice	Chynna	132
Glypto	Kölsch	338
The Amalgamation of a Broken Fraction	Triple O	340
Aquela	Marisa Monte	171
American Consonant Sounds	Tracey Ingram, M.A., M.S	139
New Dawn Fades	Joy Division	287
She's Lost Control (2010 Remaster)	Joy Division	285
Reason to Come Back	Straight Trains	118
My World Is Empty	The Heptones	155
Simple Experiment	Relaxing Zen Music Therapy	244
Position	Bassjunkie Montana	208
Warrior King	Alisha Powell	323
Body Language (Original Mix)	M.A.N.D.Y Vs Booka Shade	435
Lève la populace	Digital Dread	191
Baby Girl (feat. Zig Zag)	Molecule	264
Especially for You	Jason Donovan	239
Syllables (Franco Tejedor Remix)	Stergios	607
Sleep Well (Original Mix)	Deep Sleep Solution	279
That's My Lover	Garland Jeffreys	270
Room Temperature	Rémi Klein	299
Cala Bassa (Mixed)	People of Interest	238
The Beloved and the Hatred	Caliban	227
Time like this	Determine	146
Corvette Cassette	Slow Magic	204
Dream Character	Yestalgia	118
Teach Us Your Ways	The Porter's Gate	159
Anemone (Instrument)	Choi Cheolho	225
True Friends	Mr Vegas	236
Calming Experience	Relaxing Chill Out Music	105
Hiljadu Nula	Nataša Bekvalac	233
Instrumente Muzicale Româneşti, Semanl Păstoresc (Bucium)	Necunoscut	40
The Death Sentence (1)	Conscript Beats	318
The Wolf	Simple Creatures	153
Single Ladies (Put a Ring on It) [97 BPM]	Keep Up Down	193
Community Property (Live)	Steel Panther	224
In Love with Me	Fantastic Mister Zguy	142
Vivir lo Nuestro (En Vivo)	Daniela Darcourt	372
Division	N0V3L	197
In Reply	Missing Six	137
Solution	Kater Karma	221
Emperor Dub	High Tone	323
Ways to Get to Ten	Hap Palmer	158
Arpeggiator Demo	Fugazi	174
what is real	Iann Dior	134
On My Shoulder	Later.	243
Exercise 7 (Do-Re-Mi-So)	Power Vocals	51
Consider It Heaven	Lukas Nelson & Promise of the Real	259
The Phonograph	Wax Tailor	131
Star of David	DeScribe & Remedy	253
Niggas Die 4 Me (Album Version)	Drag-On	232
Question d'équilibre (Public)	Francis Cabrel	221
Água (feat. Delatorvi)	Sidoka	222
Material Man	Gregory Isaacs	217
You Hear Colours	CFCF	338
You're My Heart, You're My Soul	Modern Talking	229
Alone Together (Album Version)	Jimmy Rowles	266
God's Arrival	Madlib	114
My Property	C2C	207
Lobby Bar	OwnCloud	64
That Just Isn't Empirically Possible	$uicideboy$	123
I Heard That You Heard	Straight Trains	104
Take It Off	Determine	193
Gbedegbede	Stonebwoy	214
Music Reach (1,2,3,4)	The Prodigy	252
What I Can't Describe	Transplants	242
You'd Be Surprised	Duke Special	226
Healing Lounge	Divine KaHiL	192
Difficult Roads	Speed Gang	133
Another Wild Nigger from the Bronx	Fat Joe	330
Om – Sacred Syllable Chant: Ocean Waves Relaxation, Pouring Rain Showers	Premium Sounds for Yoga Practice, Meditating, Mind Body Spirit, Energy Healing	157
Experience Machines	Barker	219
Let The Party Start	Purple Evil	217
Caroline	MC Solaar	312
Usted No Sabe (En Vivo)	Daniela Darcourt	325
Me Siento Bien	Movimiento Original	186
Betta Get Her (feat. Probable Cauze)	Lunasicc	279
Nada	Eduardo Ferraudi & Vocal Consonante	269
Make Robots	Reynaldo Aranha	431
That Particular Time	Alanis Morissette	261
Consider The Ravens	Dustin Kensrue	255
Super Mario Bros. 2 - Character Select	8-Bit Arcade	62
The Complete Relaxer	Divine KaHiL	213
Wiedereingegliedert	Populäre Mechanik	178
Get Out Of Your Own Way	U2	238
Separate Lives (Alternative Mix)	The Alan Parsons Project	257
Severina	The Mission	241
The Toxic Removal	Ambient Mantra	219
Basement 3	Burning Heads	321
Blunt Instrument (Album Version)	Nicholas Dodd	142
Jamais choisi	Molecule	276
I Can't Describe	Babert	404
Dreaming Together	Yoga Workout Music	143
Good Neighbor	The Dillinger Escape Plan	150
Together In Electric Dreams	The Human League	233
Baafira (feat. Sarkodie)	Stonebwoy	180
Numbers	Learning Language Company	203
Real Slow Feat. Sarah Chernoff	Miami Horror	286
Radar Indicated Rotation	Phoenician Epic	367
We Up	L'A Capone	119
Private Property	Langhorne Slim	122
Sooner or Later	Chiddy Bang	196
Body	MNEK	237
See U Again	Sofco	211
Soh-Gyo-Fu: No. 4, Finale. Presto (Four Episodes for Shakuhachi and 20 String-Koto)	Nanae Yoshimura	300
Hardcore	Ideal J	309
We Are The Solution (Official Solution Anthem 2019)	Toneshifterz	259
Daydreamer	Panda Eyes	228
Ghetto Dictionary	Bounty Killer	210
Question!	System of a Down	200
Shadowplay (Live)	Joy Division	242
Next Door Neighbor Blues (Live)	Gary Clark Jr.	246
UndeRated (feat. Domo)	Chad	288
Exercise Your Mind	Sweet Music Relaxation	176
I Need Thee Every Hour	Beyond 5	204
Fighting the Tears	EXPERIA	129
Delta Momma Blues	Hurray for the Riff Raff	228
Pole Position	Robert Neary	141
Remember The Name	Elias	171
Crazy Love	Mobjack	334
Conditions (Just Dropped In)	Kenny Rogers	199
Paris	Controla	251
Shoulder Boulders	S3RL	269
Dead Souls	Joy Division	295
YHWH	Ramin Djawadi	206
Les syllables	The Kiboomers	121
Lahan de ça	Payne Industry	241
Conscientious Solution	Kaelen Parez	253
Thousand Eyes	Of Monsters And Men	240
Topical Solution	Duster	300
Godhopping	Dogs Die in Hot Cars	163
Love Is a Bug	Sharko	188
Nightlife	Sidoka	219
Subtract Da Top	Lil' Keke	215
Remember	Jimi Hendrix	168
Head over Heels	Indicate Left	207
All Flowers	Balmorhea	143
Alex	CHATON	241
Colours in the Sky	Miami Horror	250
Jet Airliner (Radio Version)	Modern Talking	257
Light It Up	Marcus & Martinus	194
Question Everything	Baddreams	212
Tostaky (Le continent)	Noir Désir	329
Avalanche	The Silent Comedy	223
Subtractor Voiron	VOIRON	235
Letter Experiment	Periphery	410
Losing Interest (feat. Shiloh Dynasty & Olly)	HrtBrk	135
It's Necessary	Vladimir Kovalev	114
Needled 24 / 7	Children of Bodom	248
S.I.W.T.K, the Freestyle	Their Real Names	307
Temperature of Tears	Dj Okawari	271
Children of the Korn	KoЯn	232
Painkillers	Rainbow Kitten Surprise	213
Hear It	Bad Religion	109
Consider Yourself (Originally from Oliver The Musical)	Musical All Star Cast	170
Maniac	Sofco	196
Morning New Disease	Jets to Brazil	256
I Don't Feel Alive Anymore	Straight Trains	106
I Got It	L'A Capone	185
Shooters	L'A Capone	216
Children Of Friends	Carole Underwood	160
Darkside	Iann Dior	154
Paul Newman's Eyes	Dogs Die in Hot Cars	206
Sleeping Separate	Σtella	207
Où veux-tu aller ?	Fredrika Stahl	211
Haut, Knochen und Gesichter	Die Arbeit	207
Interest And Compounding	Jazz Lounge Bar	125
Here I Am	Indicate Left	195
Concrete Jungle	Arthur Alexander	146
David Guetta feat. Sia - Titanium	Exercise Program	240
How Great Thou Art	Phil Driscoll	337
The Final Fraction	Sanction	126
Baby Buster	The Acacia Strain	258
Sleep Softly Precious Girl	Ingrid DuMosch	116
La vie continue	Cassiya	216
I Was Trying to Describe You	Eric George	186
Dream Dictionary	Psychic Temple	251
Direct Exercise No. 1	Charlie Megira	206
I Need That Bass	Archillrecords	264
Labirintoz	Sidoka	143
Liquid Language	Classical Lullabies	204
Those Who Know	Anilyst	186
A Necessary Tool	Ovnimoon	577
As Happy As	Les Thugs	320
C'est Encore Possible	Adorons L'eternel & Alain Moloto - Athom's Mbuma & Alain Moloto	338
Backward Rights	Opposite Of	263
Let's Get Together	Al “Stomp” Russell Trio	159
Call Box (1-2-3)	Wall of Voodoo	153
La vie continue (Avec Judy)	Rohff - Judy	306
There Is a Light That Never Goes Out (2011 Remaster)	The Smiths	244
Describe The Doc (Hernan Cattaneo and Martin Garcia Remix)	Applescal	503
Complete Again	Triple J Plus	179
Interest (Original Mix)	Khristian K	752
H.U.S.T.L.E.	Bodka 37	213
Lonely Neighbor	Oh Honey	231
The Syllable of Doubt	28 Decibels	214
Highly Possible	Big Gigantic	221
A-mi N Kre-u Txeu	Mayra Andrade	264
EDM Dance	Exercise Cardio Prime	311
Interest	Suicideyear	219
Industry	Wyclef Jean	183
Blood And Roses	The Smithereens	216
10 Million Strong	Mint Condition	342
Straight for the Knife	Sia	211
Confidant (feat. Jade Doran)	Tre Fixx	237
Subtraction II	Jim Miles	131
In Need of Help	EXPERIA	129
Rap Memories	Kenny West	180
Sail On (feat. Jason Brock)	Miguel Migs	327
Property Is Theft	T.S.O.L.	85
Sa Kanya	MYMP	284
Disarray	Preoccupations	228
KILLING ME	iKON	193
Fraction of a Dot	Sauniks	222
Nick the Neighbor	The Bryan Ferry Orchestra	86
Question #1 (feat. Snoop Dogg)	Nipsey Hussle	150
Only Love Can Break My Heart	Modern Talking	216
Shoulder Holster	Elton John	310
Tower Of Strength	The Mission	488
This Charming Man (2011 Remaster)	The Smiths	162
So Many Roads (Live)	Joe Bonamassa	372
5:26 AM (Live in Transmusicales 2015)	Molecule	500
Hype	Children	205
Straight Rhymez	Aitch	232
Save You	Turin Brakes	212
Still Awake	Straight Trains	96
For the Beauty of the Earth	Mormon Tabernacle Choir	211
Living Lonely	Natty Reeves	251
La position du lotus	Bouddha musique sanctuaire	254
Sentence Of Death	Fragile Brothers	351
Probablementé (En vivo)	Grupo Vanguardia	278
Herbist	Cali P	265
All My Ex's Live In Texas	George Strait	200
Moonlight Mountain	Faron Young	146
Keep Your Arm Around My Shoulder	Finnly Eckl	285
Please Consider Me	Kat Edmonson	284
Lave Moj	Nataša Bekvalac	226
Am I 1?	Dark Tranquillity	271
Rock It (Steve Lima & Indikate Remix Edit)	Mission Four	196
Paradox (Short Version)	Galysi Uta	107
Select Your Character	Starrysky	704
Person of Interest	Jo Harman	321
Consonant Review for "b,c,d,f"	Kim Mitzo Thompson	43
Temperature Is Rising (100.2°F) (Take 2)	Otis Spann	377
Altamente Probable	Banda MS	180
Prick No Get Shoulder	Brymo	210
Molécule	Diversgens	249
Pink Industry (Original Mix)	Manfredas	392
For Your Wishes	David Bach	190
Black Hole (Original Mix)	Naylo	341
Things to Consider During Freefall (Matthew Florianz Mix)	Jim Guthrie & JJ Ipsen	121
Cocaine	Eric Clapton	213
fractions	Dangerkids	159
Blue Condition	Cream	205
Bizarre Love Triangle (2014 Remaster)	Frente!	119
Condition Evolution	Iron Reagan	116
Sign of the Times	Quiet Riot	303
Never Had (feat. Kazi)	Mag Worthy	195
Economy Output	Gregg Fisher	280
Language I: Intuition	The Contortionist	325
Strange Denial	Bad Religion	182
Consider Yourself (Remastered 2018)	Mantovani and His Orchestra	83
Feel It (Short Version)	Eoda Marcy	144
Le jour où j'ai arrêté le rap	Youssoupha	275
Black Mass	Destruction	239
Round Hear	L'A Capone	192
Ding Dong! Merrily on High (Arr. by Charles Wood)	Consonanz á 4	92
Fraction of Fiction	World Of Crime	289
for now, simple song	Feliz D	91
Zero Ground	Fractions	384
I'll Leave the Bottle on the Bar	Merle Haggard	160
Position (feat. Big Zeeks & IQ)	Romzy	224
Sanc-Divided	Fraction	232
The Experience Speak	Parallel Exercise	72
The Imperative Intuitional Downfall of Climbing	Hefelt	223
Consider Me Gone	The New Roses	251
Suitcase	Chad	160
Nerdy	Poison the Well	164
Surprise	Buddha Hotel Ibiza Lounge Bar Music DJ	234
Cocaine Jesus	Rainbow Kitten Surprise	229
Let Me Remember	Jim Reeves	143
True Friend (Represent)	Demarco	207
Sun Don't Shine (Album Version Explicit)	Freeway	250
Rockall	Molecule	308
The Continent (2018)	Steve Roach	798
I, Nemesis	Solution .45	692
I Represent Banana	Kolombo	347
La Canción Que Describe (Reprise)	Santiago Moraes	188
Triangle Things	Qlippoth	384
I'm the One	Syllablez	192
Foreign Language	Flight Facilities	244
Koh-I-Noor	Opposite Ways	433
Diggin (Short Version)	Chaddel Sausa	131
Shots Fired	NoCap	131
What Cha’ Gonna Do For Me	Ned Doheny	246
I'm Alive	Disturbed	282
Melodii Populare 2020 Colaj	Florinel Si Ioana	3018
Inside My Head	Parade of Lights	190
Buy You Some	Too Short	155
Judge Me	Sia	255
Spaceman	Namuh Holle	157
Wicked (feat. Gappy Ranks)	Stonebwoy	256
100 Syllable Mantra	Debbie MC Manus	260
Only a Fraction	Greymatter	216
How to Describe (feat. Katjuscha)	JAKOB FABER	376
Original Don	Major Lazer feat. The Partysquad	253
Sub Continent	Billy Sheehan	475
Stripper Particular	Aka Rasta	234
Instrument Of Thought	Marquis Hawkes	360
Fractions (feat. Jessie Frye)	Wayfloe	252
Quintet	Daniel Del Pino	577
Introduction Paragraph	Smoovejee	36
Nothing Left to Say	Mint Condition	284
Incubation	Joy Division	173
Red Light Indicates Doors Are Secure (Karaoke Version With Background Vocals) (Originally Performed By Arctic Monkeys)	A-Type Player	145
Garden Party	Mezzoforte	370
Fa-Fa-Fa-Fa-Fa (Sad Song) (Mono; 2016 Remaster)	Otis Redding	165
Macatraca (Contra la Pared)	Kevin Roldan	239
A Killing Industry	Whitechapel	244
Une Fraction De Seconde	Holden	239
She Said I Need That Beat	Archillrecords	261
INDUSTRY GAMES	Chika	137
The Slate Industry	Old-Fashioned	229
NVM	Simple Creatures	207
Black Witchery	Exxxekutioner	108
Rocksteady	Diamond Ortiz	155
Luba	Sidoka	137
Ciocarlia	Gruppa"Moldovan Melodies"	165
Can't See Straight	Jamie Lawson	186
Children of the Damned (1998 Remaster)	Iron Maiden	275
Dejavu (feat. Dogor)	Sidoka	242
Silken Character	Archillrecords	126
A Sentence Of Sorts In Kongsvinger	of Montreal	296
The Great Learning : Paragraph 2	The Scratch Orchestra	1323
Cloud Boy (Short Version)	Bemkurai Wally	125
Préampli	Molecule	83
L'aventure continue	Le Groupe Apollo	40
Sosamillz	Young Ellens	186
Itsudatte Love & Dream (''Mahou Sensei Negima!'' Character Song)	Ai Tokunaga	219
Character	Iggy Pop	67
U Send Me Swingin'	Mint Condition	251
Chanson démodée	CHATON	245
Electric Body	A$AP Rocky	255
Smokin' Me Out	Warren G	220
On met le feu	Zal	224
Air Supply Bachata Medley	Proyecto Uno	282
New Dictionary	Kurt Vonnegut	726
Il est probable que	Ludo Pin	192
There's a Fraction Too Much Friction	The Kiwi Sound	68
B  Bobby Ball	Phonic All Stars	139
Exit Halo	Crime in Stereo	345
We Stand	Various Artists	151
Honey, Won't You Please Come Home?	Jim Reeves	132
Just We Two (Mona Lisa)	Modern Talking	236
Requiem Mass in D Minor, K. 626: III. Sequentia: Confutatis Maledictis - When Sentence on The Demand	Anatolij Vorapajev	183
Surprise Hotel	Fools Gold	407
First Day In	NoCap	155
Losing Interest	Josh Carroll	130
Cold Cold Heart	Connie Francis	167
Street Sound	Controla	253
Necessary Love	Lovkn	252
I han e Schatz am schöne Zürisee	Hans Muff und seine Original Swing-Ländlerkapelle	126
Betrayer	Trivium	327
Opposite Of Loving Me (Stripped)	Etham	211
First Class	Rainbow Kitten Surprise	343
Move	Thousand Foot Krutch	208
Harvard Oppression (Version by Jackin with the Drums)	Molecule	360
Gravity Assist	subtractiveLAD	274
Listening With A Million Ears	Ramin Djawadi	200
Antarctic Continent	CUSCO	204
On The Line	Subtract S	333
A Thousand Kisses Deep	Leonard Cohen	385
A Sparrow Alighted Upon Our Shoulder	Johann Johannsson	147
Property (feat. Calboy)	Ann Marie	132
Chanson: Le grand continent	Simon Mimoun	267
Gaming Industry May Be Similar to a Regular Battlefield	Diversified Abdominals	158
Scharfer Schnitt No. 1	Populäre Mechanik	158
Sympathetic Character	Alanis Morissette	313
Death Rattle	Complete	194
Triangle Force	Priyeh	237
1 Question	E-40	250
Long Sentence	Gregory Isaacs	219
A Thousand Faces	Creed	294
Girlfriend in a Coma (2011 Remaster)	The Smiths	122
Meredith	Oceansize	326
The Magic Position	Patrick Wolf	233
Everything Possible	Nick Devon	352
Instrument Of Peace	Olivia Newton-John	253
anything's possiBle	Zero dB	301
Science & Industry	Andy Stott	332
You're My Heart, You're My Soul (Extended Version)	Modern Talking	336
No Mission Too Difficult	Wilbert Roget, II	192
Light On My Shoulder (Album Version)	Susie Suh	261
Necessary Confrontation	Undead Rhythms	250
Consider Yourselves Undermined!	Michael Giacchino	312
Dizzy Atmosphere	Original Charlie Parker Quintet	267
Jesus, Bread of Life	The Porter's Gate	273
Body Scan Practice	Meditation Music Zone	222
El Emigrante	Juanito Valderrama	197
He Shall Feed His Flock	Mormon Tabernacle Choir	198
Déterminé (feat. Vsky)	Grezou, Goulam	283
Children Of Today	BlasterJaxx	169
We Belong Together	Mariah Carey	201
Different (Version by Madame)	Molecule	359
Pilgrims' Hymn	Mormon Tabernacle Choir	224
Mourir ensemble	Youssoupha	246
Love Scene 3 (From "Increase and Multiply / Crescete E Moltiplicatevi")	Ennio Morricone	185
Sand Lily	Moondog	199
Lose You	Tre Fixx	226
A Menina Que Roubava	Sidoka	206
The Kiss Quotient, Chapter 19	Helen Hoang	161
Our Love	Samm Henshaw	185
The Kiss Quotient, Chapter 18	Helen Hoang	165
Sisters Of Soul, Brothers Of Funk (Greg Wilson Version) [Greg Wilson Version]	6ix Toys	459
Consider	Eye Yeye Yeye	102
The Kiss Quotient, Chapter 17	Helen Hoang	161
I Feel You In Thousand Kilometres	Farcoste	382
Know Yourself	Mista Savona	242
One More, One Less (No Answers)	Hap Palmer	102
The Kiss Quotient, Chapter 13	Helen Hoang	162
Multiply (Alone 2)	Rija!	136
Brain Exercise	Beta Alpha Theta Wellen Waves	389
The Kiss Quotient, Chapter 12	Helen Hoang	161
The Kiss Quotient, Chapter 11	Helen Hoang	162
The Kiss Quotient, Chapter 10	Helen Hoang	161
Treat the Pain	Ambient Mantra	204
He Is The Same	Jon Bellion	241
Voices Trap (Short Version)	Kataline Esbet	138
Medieval fiddles: Dame, ne regardes pas	Various Artists	111
The Sweetest Condition	Depeche Mode	222
Pick Your Position	Motto	151
Pesa Position	Madilu System	569
Straight Back Down	Dean Lewis	205
Hawg for You (Mono; 2016 Remaster)	Otis Redding	209
In 4	NoCap	172
Breathe	Umi	187
Don't Ask My Neighbor	Smooth Jazz All Stars	221
Separate (feat. Easy Money)	Guilt Trip	136
Ain't Together	King Princess	202
Run Go	Stonebwoy	214
La Populace (Album Version)	Mortis Helios	199
A Thousand Times	Ella Mai	237
Cross / Times / Multiply	attack + defend	138
Toxic Remedy	Queensrÿche	249
Fa-Fa-Fa-Fa-Fa (Sad Song)	Otis Redding	166
Born Love and Dead	Les enfants sages	468
Desarraigo	Extremoduro	457
Eye of the Hurricane	Fraction	535
겨울로 가기 위해 사는 밤 (feat. 황득경 of 노티스노트) (Night That Leads to Winter)	Temperature of Saying "Hi"	240
Complete Experience	Jazz Lounge Bar	114
Donizetti: Dom Sebastien, roi de Portugal, Act 1: "Entendez-vous le trompette" (Chorus of Soldiers, Women of the Populace, Dom Jua	Mark Elder	152
Straight Outta Flames	Redzed	125
Question Mark	Alexander Oscar	174
Hos Keldan	Kadriye Nurmambet	296
Sinus 100 Hz - L 114 Hz - R Drone	Subtracters	204
Comme pas possible	Niro	192
Searching	Iann Dior	138
Subtraction Action	Kids Music Mega Makers	389
Pas le feu	CHATON	191
Panic Attack	Added Color	211
Sugarboy	Sharko	185
Celebrity Sanctum	Dogs Die in Hot Cars	289
The Chase	Wax Tailor	195
Summer Bubble	Poly Famous	197
What's Indicated	Oh Yeah Galaxie	220
Assume the Position	Lafayette Gilchrist	392
Bleary Eyed Duty	Wovenhand	270
Altar Particular (Ao Vivo)	Maria Gadú	307
Sweet Obsession	Mary Davis	252
Separate Ways Forever	Yppah	284
The Small Exercise	The Homesick	164
Hora De La Medgidia	Muzică reprezentativă a Armatei	169
Prison Bound	Discipline	247
Paper Dolls	Missing Six	255
Vida Particular	Grupo Refla	192
Cala Bassa	People of Interest	321
Ballad of Reverend War Character	Silver Jews	226
Second Life	Panda Eyes	283
Ten Thousand Fists	Disturbed	212
Underneath	Wednesday	317
A Huge Tree in the Tsukamori Forest	Cat Trumpet	139
Shoulder Angel	Tosca	277
zion hill	Determine	230
Home For An Angel	Archillrecords	154
Lighthouse (Drag Us In)	Shannon Wright	308
Mephedrone	Les enfants sages	363
Private Property (Live)	Judas Priest	291
Original Tuxedo Rag	Original Tuxedo Jazz Orchestra	157
Rugby Boy (Short Version)	Kataline Esbet	127
All It Ever Was	Miami Horror	342
Stay Positive	The Streets	375
Kansas City Kitty	Napoleon's Emperors	165
Position #2 (Orchestral Version)	Кай Метов	211
Intense mouth sounds with trigger words and consonants ear to ear asmr	DianaDewAsmr	1100
Not so Little	Various Artists	203
Continue d'y croire	Demi Portion	199
Fah Debila	Mobjack	235
Spirits In The Material World	The Police	178
Mountain To Move	Nick Mulvey	236
Straight Up Menace	MC Eiht	274
Make It Wit Chu	Virgin Magnetic Material	408
You and Me in Exosphere	Les enfants sages	373
Saturn	Missing Six	210
The Industry	New Mars	240
As Time Goes On	Sean Paul	292
Highlife	AYTEE & FEAR	198
Wretches and Kings	Linkin Park	250
Face To Face (Confronted) (Slam Paragraph Mix)	Pan-Pot	437
Question d'équilibre	Francis Cabrel	225
Subtractive Skies	Steve Hauschildt	406
Opposite Ways (Live at l’Olympia, Paris)	The Dø	488
Man of Interest	Joseph Cotton	207
God Is Spirit and Truth (John 4:23-24)	Seeds Family Worship	194
Chris And Kevin's Excellent Adventure	Liquid Tension Experiment	141
Subtract Remove	Kaisa	154
Gwaan Chant	Derek Lara (feat. Sizzla, Anthony B, Louie Culture & Determine)	232
Escape	glue70	105
Morning Has Broken	Mormon Tabernacle Choir	145
True Lies (2018 Remake)	Subtractor	449
The One Who Indicates to Others Has 1 Indication Lowering Law	deef	105
Atlantis Is Calling (S.O.S. for Love)	Modern Talking	229
Lesson 4: f/find & v/village	David Ansdell	347
Ashes to Ashes	Jenny Hval	255
Naughty Guitar	Mussica Del Talent	120
Antivitrolles Dub	High Tone	238
Sentence Day	Obituary	169
Reading Interest	Benefit Shock	99
Rend It Demo	Fugazi	212
Love Has No Pride (Condemned)	Wednesday	313
Put Your Head On My Shoulder	Paul Anka	158
Vivi	Gregg Fisher	256
Litter Industry	Sickboys	141
Clear Language	Balmorhea	193
Multiply Teaser	Sash!	339
Sarba moldoveneasca	Marcel Stefanet	171
626	Missing Six	162
Seigneur, fais de moi un instrument de ta paix	Michel Wackenheim	217
Surprise, Surprise	The Rolling Stones	151
Cold Shoulder	Lil 2z	115
5951HZ	Molecule	326
SUBSTANCE	Nelick	226
Continue the Fun (Space Version)	The Mauskovic Dance Band	281
Raise Your Temperature	Asian Meditation Music Universe	212
Difficult For Weirdos	Robbie Williams	269
Lake Populake	BandAdriatica	334
Osmosis	Liquid Tension Experiment	206
The Kiss Quotient, Chapter 88	Helen Hoang	165
The Kiss Quotient, Chapter 86	Helen Hoang	165
Character Select (Super Mario Bros. 2) (Flute Version)	Super Mario Bros	74
The Kiss Quotient, Chapter 83	Helen Hoang	161
The Kiss Quotient, Chapter 93	Helen Hoang	161
New Continent	The Gaming Orchestra	151
Million Dollar Question	Radiohead	198
In Dialogue with Death	Schammasch	379
Syllables	Lu Roc Melodic	215
La Cons (Higlight Freestyle)	fss	149
Gwaan	Stonebwoy	205
It's All Over Now, Baby Blue	Them	227
Neighbor Song	Aunt Martha	251
Industry (Main Mix)	JedX	433
Violence	Molecule	359
Oasis	Moondog	229
Steve Lima & Indikate - Now Im Free (Original Mix)	Steve Lima & Indikate	336
Poursuite	Tribeqa	297
Riyuu ('Keigo Atobe' Character Song)	Hamaken	243
Consensus	Schammasch	500
Game of Tribes	Natas loves you	203
Probablemente (feat. Alejandro Vizcaya & Julio Adrián)	Chris Rios	235
Make Or Break (2.0 Edition)	Snowgoons	238
Chasin' the Bird	Original Charlie Parker Quintet	102
Lesson 10: 'sh'/show & 'zsh'/measure	David Ansdell	279
Depend On	Determine	176
Best White Noise Experience	White Noise	300
All Together	Bo Diddley	147
Lean on My Shoulder	Alfie Templeman	134
The Kiss Quotient, Chapter 69	Helen Hoang	164
The River	The Cold Stares	228
The Kiss Quotient, Chapter 67	Helen Hoang	162
Pour une poignée de dollars	Ideal J	333
Light Outside	Absofacto	212
Difficult Money	Pacifoko	61
Do I Love You?	Tex Ritter	141
The Kiss Quotient, Chapter 62	Helen Hoang	156
Colour	MNEK	221
The Kiss Quotient, Chapter 61	Helen Hoang	162
Boys And Girls	Garland Jeffreys	303
Sold Separate	Ohana Bam	159
Tried By 1.2	East Flatbush Project	139
Analogue Interface	Ramin Djawadi	147
The Positive Light	Divine KaHiL	266
Stricken	Disturbed	245
Out of Nothing	Dark Tranquillity	234
Introduce New Solution	New Age Harmonic Melodies	212
Fireworks	The Original Memphis Five	151
Need Me	Simple Creatures	192
Difficult Love (Extended)	Alchemist Project	257
Cotillion (Abridged): 'Do you mean to indicate.'	Compositeurs Divers	503
Possible Straight	Lyle Mays	200
Probablemente (Tono de Mujer)	Leo Mart	270
Neun Adventsmotetten, Op. 176, No. 9, Ave Maria	Consonanz á 4	127
Separate Ways (Worlds Apart)	Música Instrumental de I'm In Records	268
La lumière qui nous détermine	Michel Onfray	278
Back At You	Mobb Deep	223
The Kiss Quotient, Chapter 79	Helen Hoang	162
World Condition	Sarin	336
The Kiss Quotient, Chapter 78	Helen Hoang	163
Electric Wave	Raw Spices	211
The Kiss Quotient, Chapter 76	Helen Hoang	163
The Kiss Quotient, Chapter 75	Helen Hoang	167
The Kiss Quotient, Chapter 74	Helen Hoang	162
Atrocity Exhibition (2007 Remaster)	Joy Division	364
The Kiss Quotient, Chapter 73	Helen Hoang	165
The Kiss Quotient, Chapter 82	Helen Hoang	166
My Lord & Empress	Bobo Yovo	221
Youth | Division	Fit For A King	255
“La géographie détermine l’histoire”	François Mitterrand	152
Hard Headed Woman	Elvis Presley	112
Gain Clout	Young Thug	125
Flow Joe	Fat Joe	256
C'est pas possible (feat. Youness) (Radio Edit)	Shado Chris	179
End Of His Sentence	Midnight Chance	215
L'ultime sentence	MB14	251
Represent (feat. Jesse Jagz, Iceprince & Brymo)	M.I Abaga	318
The Kiss Quotient, Chapter 48	Helen Hoang	161
Thousand Tongues	Nkay	225
The Kiss Quotient, Chapter 46	Helen Hoang	162
Perdu de vue (Aguisha)	Papa Wemba	404
The Kiss Quotient, Chapter 44	Helen Hoang	165
Mr. Hyde	Tribeqa	311
The Kiss Quotient, Chapter 42	Helen Hoang	164
Thrown Into The Fire	Trivium	329
The Kiss Quotient, Chapter 41	Helen Hoang	162
The Kiss Quotient, Chapter 40	Helen Hoang	161
Moonlight and Roses	Eddy Arnold	146
Eyes Upon Us	The Silent Comedy	244
Decadence	Disturbed	204
Layers of Conscience	EXPERIA	123
Ready or Not	Fugees	204
No Contest	Sharko	163
Titan Anthem	Tribeqa	124
Division d'honneur	Rim'K	247
WYA	Iann Dior	163
Holy Matrimony	Tre Fixx	186
She's Lost Control (2007 Remaster)	Joy Division	237
Honeymoon Phaze	MNEK	332
Last Train to London	Electric Light Orchestra	269
Ludilo	Nataša Bekvalac	209
Children Of A Miracle	Don Diablo	189
WeR1	Gad Elbaz	237
Question Reponse	Worakls	367
Even So Come	The Maker & The Instrument	278
Consonanti laterali	Giovanni Tornambene	458
Practice Mindfulness	Alpha Brain Waves	141
The Kiss Quotient, Chapter 57	Helen Hoang	163
Indicated	Neptune	391
Forget Me Not	Inspectah Deck	233
Black Face Money	Complete	166
The Kiss Quotient, Chapter 60	Helen Hoang	165
Tonari no Totoro	Cat Trumpet	286
COCKTAIL	iKON	226
Bass Temperature	Sumac Dub	322
Mean Town Blues	Johnny Winter	268
Meditation Practice	Calming Music Sanctuary	200
The Wretchedness Inside	Trivium	331
Orbital Decay	subtractiveLAD	290
Impossible is Possible	Black Violin	268
Has It Come to This?	The Streets	243
A Huge Tree in the Tsukamori Forest (From "My Neighbor Totoro") [Piano Version]	Streaming Music Studios	133
The Bridge	Ramin Djawadi	240
The Six Syllable Mantra	Lama Jia Yong	346
Cat Character Actors	Gerry Gfunk	257
Thousand Suns	Talisco	190
Afrodiziak	Garland Jeffreys	287
The Kiss Quotient, Chapter 24	Helen Hoang	165
Vets In Practice	Appanah	261
What Kind Of Man Would I Be	Mint Condition	246
Property of the Ave	Mozzy	205
Difficult Choice	Elizabeth Burke	40
THOUSAND GOLDEN PEOPLE	Ocean Grove	213
A Message Especially from God	Robert Vanderbilt	228
No Te Contaron Mal	Charly El Cumbiero	198
I'm Not In Love	10cc	366
Fate Is...	Wednesday	160
The Kiss Quotient, Chapter 36	Helen Hoang	164
The Kiss Quotient, Chapter 33	Helen Hoang	143
Mountain Valley	Nature Sounds	228
The Kiss Quotient, Chapter 31	Helen Hoang	165
The Kiss Quotient, Chapter 30	Helen Hoang	162
The Boy with the Thorn in His Side (2011 Remaster)	The Smiths	196
I Can't Describe This Feeling.	Nekoi	220
Love Scene 1 (From "Increase and Multiply - Crescete E Moltiplicatevi")	Ennio Morricone	354
No One Does It Better	Salt-N-Pepa	234
Christian (Extended Mix)	China Crisis	337
Ten-High Straight	Nadia D'Alò	291
Мне хорошо с тобой	Кай Метов	321
Predator	Fear	196
BEST INTEREST	Tyler, The Creator	127
Gangsta's Paradise	2WEI	167
Pink Frosty Demo	Fugazi	226
My House	Andy Mart	387
Difficult Tradition	Stuart Styron	294
Tiger Freak (Short Version)	Kataline Esbet	118
Determined Status for Love	Lohilo 9	120
Tied By 1.2	East Flatbush	139
Punks und Skins	Paragraph270	169
Father's Breath	Schammasch	233
Calming Hair Dryer (Blow Dryer to Calm Your Baby)	Soothing White Noise for Relaxation	4320
Inside Yourself	Krysenstern	517
Su Primera Comunión	Juanito Valderrama	189
Queue Moderns	Crime in Stereo	118
The Dictionary Guys	Equipe de Foot	261
Pass The Kouchie	The Mighty Diamonds	233
Rain On My Parade	E-40	191
Division Street	Banner Pilot	304
Some More	L'A Capone	226
Hell-Blonde	consonant	235
Question Of Temperature	Lords Of The New Church	177
Necessary Evil	Claustrofobia	172
Clearance for Landing	Indicate Left	199
Now or Never	Discipline	149
The New Build	Dark Tranquillity	248
One for Sorrow (Soul Solution Extended Vocal Mix)	Steps	305
100 Syllable Mantra of Vajrasattva	Lama Tenzin Priyadarshi	530
I Typed For Miles	Jets to Brazil	333
Problems	Iann Dior	144
Molecule	Momo Dobrev	398
Electric Chair	GDS	134
Sol Particular	Gabriel Elias	218
Dont Diss Me (feat. Jah Cris)	Killa Mikk	252
I've Just Seen Jesus	Phil Driscoll	346
Phenomenon	Thousand Foot Krutch	179
A Soaking Wet Monster	Cat Trumpet	157
Sonority Pedal	The Boy Hunter	247
Personal Property	Def Leppard	261
Enemies Multiply	The Silent Comedy	218
Beyond What I Know	Ken Verheecke	210
The Village in May (From "My Neighbor Totoro") [Piano Version]	Streaming Music Studios	97
Holyday Guide	Inner Muse	238
Represent the Real (feat. KRS-One)	Das EFX	201
What's The Use? (Mocky Mix)	Jamie Lidell	198
Represent Heart	Farhot	210
Nani témoin	Papa Wemba	400
N° 1 Station	High Tone	388
Probablemente (En Vivo)	Daniela Darcourt	311
Sila	Molecule	244
Shooting Star	Red Fraction	274
Punsher Industry	A2S	121
Temperature Drop +	Marconi Union	677
Number One	Slow Club	280
Remember This	NF	240
Difficult To Cure	Rainbow	673
Aujourd'hui maintenant	Experience	244
Paragraphs Of Love	Ghostface Killah	232
Substance	Donnie Grey	185
Light up the Sky	Thousand Foot Krutch	239
Indicate (Radio Edit)	Boxovs	168
My Burn	Wax Tailor	221
Paragraph 117 (Live @ O2 World Berlin)	Bushido	279
Straight Outta Compton	N.W.A	243
EssEssTew	Anilyst	171
Verlorene Seelen	Yassir	240
A Dating Experiment	Mean Streaks	255
Values (Radio Edit)	Polos Rübhag	133
Intro	James Bay	59
Funny Consonants (Consonanats ㄱ, ㄴ, ㄷ, ㄹ)	Fantaschool	104
Mister Jones	John D. Loudermilk	116
Born in Uniform	Aggravator	183
Hope We Make It	Turin Brakes	305
Birds Populate The Stream	Calming Rainforest Sounds	144
Temperature Rising (Live)	Danny Bryant	354
Electric Miracle (Original Mix)	Alemoa	261
Anything	Napoleon's Emporers	194
Ton of Joy (Mono; 2016 Remaster)	Otis Redding	174
You Don't Own Me	Lesley Gore	148
If I Could Go Back	Sean Angus Watson	147
Sparrow Falls	Wovenhand	285
question song (enmé mwen)	K-reen	264
Sunshine Of Your Love	Cream	250
Property of Spitkicker.com	De La Soul	332
I Miss Your Face	Straight Trains	82
Time Is Certainly Passing	Ensemble Entendu	416
Avoir de l'argent	Youssoupha	253
Griechischer tanz zeibekikos	Paraskevas Grekis	231
Instrumente Muzicale Româneşti, Horă De Mână (Caval)	Necunoscut	73
Heaven	Controla	258
Pills	Cedric Gervais	362
Remise en question	Lacraps feat. B-Lel & L'Hexaler & Nedoua	295
La Voyante: III. Présage Tirés des Étoiles (Omens Indicated By the Stars)	Leontyne Pryce	106
Instrument Of The Mind	The Modern Jazz BGM Group	106
Consider Me Gone (feat. Sting)	Sting	259
Children Children	The Donut Man	120
Stomp Your Hands, Clap Your Feet	Quiet Riot	279
Angie's Heart	Modern Talking	219
Represent the Name	NerdOut	200
Jota	Elena Cernei	185
Ghost Division	Sabaton	231
The Smooth Experience	Benefit Shock	70
Tentative	Parallel Exercise	79
Awakening from the Dream of Life	Schammasch	496
EXPERIENCE	Kasia Mos	177
thousand eyes	FKA twigs	300
Im on Fire	DeScribe & Itay Kaldaron	241
Electric Sunrise	Plini	305
Continent Woman	Gregory Isaacs	246
Sowing The Seeds Of Utopia	Bad Religion	121
Envy Life	Testament	257
Strength Of Character	China Crisis	173
Déferlantes (Original Mix)	Molecule	413
REC Room	Inspectah Deck	196
The Kiss Quotient, Chapter 105	Helen Hoang	166
Tango suicida	Extremoduro	487
The Kiss Quotient, Chapter 104	Helen Hoang	165
Words to Describe You	Bret Levick	217
consider yourself lucky	Ais.Hill	88
The Kiss Quotient, Chapter 106	Helen Hoang	162
Continue	Roszunn	288
Then Thousand Things	Qlippoth	177
No Place Like Home	Todrick Hall	191
The Kiss Quotient, Chapter 100	Helen Hoang	163
Represent, Cuba (Originally Recorded by Orishas & Heather Headley from Dirty Dancing - Havana nights)	The Latin Party Allstars	224
Ne rien renier	Fraction	161
96 Days	Mayra Andrade	187
Exhale (feat. TrippyTayTay)	Tre Fixx	242
Christraping Black Metal	Marduk	226
White Panty Chronicles	Pochtovaya	217
Yankees Go Home	Fraction	162
Heard It All Before	Mista Savona	250
Overwhelming	Jon Bellion	172
Complete Love	Simply Red	208
Rap Renegades	Fler	223
Heroes	Straight Trains	138
Slip Into Character	Sondre Lerche	234
Steve Lima & Indikate - Now Im Free (VinylBreaker Radio Edit)	Steve Lima & Indikate	204
Who Am I	Nik Day	249
Subtractive Synthesis	Tomorrowland	459
Continent	The Danse Society	286
The Kiss Quotient, Chapter 111	Helen Hoang	163
The Kiss Quotient, Chapter 113	Helen Hoang	164
Runnin'	Umi	189
Dirty Dancing - Havana Nights: Represent, Cuba	The Studio Sound Ensemble	222
Temperature Drop	The Sound	256
Warsaw (Live)	Joy Division	133
Children of the 90's	Shalosh	424
Rampart Street Blues	The Cotton Pickers	191
Ecstasy	Wax Tailor	181
Zeus	Mobjack	384
pay attention!	Underscores	235
Strange Condition	Francois	406
La sentence	Meiway	307
Every Position	R. Kelly	206
Children of the Dark	MONO INC.	302
Triangle	Pola	495
Hand Of God (Outro)	Jon Bellion	337
Boy Division	My Chemical Romance	175
Targeting Blaze	Solution .45	296
No Question	Cyn Santana	218
Little Man	Sia	364
Hot Property	Team Salut	175
Everybody in the Place (155 and Rising)	The Prodigy	250
Special	Simple Creatures	172
Billboard	Wednesday	176
Kô kouma lamein	Mobjack	238
Community Property	Steel Panther	218
Feuille (Original Mix)	Molecule	303
Harder Than Hard	NoCap	146
Doubles Facts (No Answers)	Hap Palmer	140
Complete Awareness	Asian Zen Meditation	142
Universal Language	Coone	171
Medicate	Missing Six	193
Let Us Be Known	The Porter's Gate	174
5:13 AM (Live in Transmusicales 2015)	Molecule	253
Forget-Me-Now	The Acacia Strain	163
He Showed Me How	Various Artists	221
It's Difficult to Stand on Two Feet! (From "Final Fantasy VII")	Mother 2	95
Kagome's Theme (From "Inuyasha") [Orchestral Version]	RMaster	161
Canto Della Terra	Jonathan & Charlotte	222
Children of the Omnissiah	Guillaume David	106
Brighter Than The Dark	Turin Brakes	277
Togheter	Purple Evil	325
Jamaica	Molecule	243
Shaka Zulu	Determine	220
Origins (Original Mix)	Davide Monari	335
Consider Me	Glen Washington	218
Plastic	Red Fraction	292
Straight to Hell (Remastered)	The Clash	330
Our Savior's Love	Various Artists	239
Freckles	Straight Trains	181
Take a step	Triangle	207
H.b.	Fugazi	79
Sweet Avenue	Jets to Brazil	314
Modern Woman	Dogs Die in Hot Cars	221
A Little Bit More (Luke Vibert Mix)	Jamie Lidell	328
Consider The Stars	Keith & Kristyn Getty	326
Determined (Clean Version)	Mudvayne	159
Opposite Of Adults	Chiddy Bang	193
Spotless Mind	Straight Trains	117
Triangle (Album Version)	dredg	303
String Instrument	Best Guitar Music	222
Lesson 7: l/love & r/red	David Ansdell	550
Subtracting with Twelve	The Kiboomers	44
my favorite coffee house	Feliz D	98
Separate Ways (Rehearsal Version)	Elvis Presley	206
Mythos Ritter - 10 populäre Irrtümer, Kapitel 14.3 & Mythos Ritter - 10 populäre Irrtümer, Kapitel 15.1 - Mythos Ritter - 10 popul	Karin Schneider-Ferber	108
Ruckus	Anilyst	146
More Difficult Than It Seems	Tiger Huang	310
My Lover's Prayer	Otis Redding	190
Ocean Front Property (Edit)	George Strait	160
It's Called: Freefall	Rainbow Kitten Surprise	152
Victime de la mode	MC Solaar	171
Feelings	Straight Trains	63
Character Zero	Phish	238
Dirty Shoes (feat. Gunna)	Young Thug	198
F**k This Industry	Waka Flocka Flame	309
My Normal Dad	Toxic Profits	238
Come Together (2019 Mix)	The Beatles	260
Until We Meet Again	Ramin Djawadi	75
Electric Youth	Debbie Gibson	297
So Cool	Sycamour	279
Temperature Rising 1	Les Nubians	243
The Fraction Prayer	St. Marks Coptic Orthodox Church of Washington D.C Choir	555
Temperature Rising 2	Les Nubians	243
Consider Me Dub Vocal Alt	Skatalites	217
Le show continue	Sat L'Artificier	215
Logrundr in D	Moondog	89
Logrundr in G	Moondog	393
Consonant-Vowel Movement Game	Kim Mitzo Thompson	180
Fühl den Scheiß	Aytee	170
Beginning And The End	Leeland	189
Teufelskreis	Yassir	227
Love Thy Neighbor	Deadly Obsessions	251
Gangsta Gangsta	N.W.A	336
Struggle	Anilyst	224
I Am Enough	Nicole Sheahan	226
Dance of the Paper Umbrellas (Version for Piano Quartet)	Daniel Del Pino	233
Remember Me to Julie	Otto Brandenburg	155
Einaudi: Experience	Dalal	364
Vilarejo	Marisa Monte	209
Just Multiply	Varetta Dillard	148
After The Love Is Gone	Mint Condition	279
Global Warming	The Acacia Strain	174
Atmosphere	Joy Division	250
Heartbeat	Marcus & Martinus	165
Are You Ready? (Subtract 4) (Deep Spaced Mix)	Kinky Minx	387
Run On Sentence	9lokknine	161
We Should Be Together	The Browns	128
Caan Get Wi Out	Determine	211
Diggin' Saloon	Wax Tailor	162
When I Come Back Around	Jamie Lidell	327
La Sentence	The Paris Cast Of 1789, Les Amants De La Bastille	213
A Primeira Pedra	Marisa Monte	174
Love Language	Kehlani	213
Thousand Years	Bars and Melody	174
Electric Crown	Testament	330
Game Over	Fredrika Stahl	217
Not the Only One	Scott Krippayne	236
In My Own Particular Way	Marianne Faithfull	261
I Ain't Particular	Johnnie Taylor	146
You Say	Burning Heads	230
La Jeteé	Isotope 217	375
Crush The Industry	Metalocalypse: Dethklok	329
All at Once	Tre Fixx	194
No Me Acuerdo (En Vivo)	Daniela Darcourt	277
Things Of My First Love	Jay Amerigo	178
Lysergic Sound of Dub	High Tone	448
Property Lines	Dusted	200
Type One	Crime in Stereo	231
Log In B	Moondog	275
Sons Come to Birth	Fraction	327
The Speaking Hands	Wovenhand	240
Mouth Wash	Tre Fixx	236
Sons Come To Birth	Fraction	325
Opposite (MTV Unplugged Live at Roundhouse, London)	Biffy Clyro	255
Subtracted Synthesis	Grosskopf	438
Mean to Me	Napoleon's Emperors	203
Mythos Germanen - 10 populäre Irrtümer, Kapitel 19.3 & Mythos Germanen - 10 populäre Irrtümer, Kapitel 20.1 - Mythos Germanen - 10	Thomas Brock	152
Girlfriend	MNEK	243
Experience (Live 1994 Broadcast Remastered)	David Lee Roth	534
Let Me Cry on Your Shoulder	Gene Autry	172
You Won't Find It There (VIP)	Ikonika	238
Shoot Me Straight	Brothers Osborne	384
This Bird (Sky High)	Fraction	485
Thousand Miles	Tove Lo	214
My Old Flame	Original Charlie Parker Quintet	144
Complete Paradox	Day Din & DerEinsPunkt	479
Electric Blue	Icehouse	264
Dr. Doom	The Acacia Strain	146
The Interest Get Out	Aronas Jackson	161
Mufasa	Straight Trains	205
Celebrated As Difficult	1991	199
Time to Fire up the Place	Burning Heads	389
Fire Of His Wishes	Jay Amerigo	176
Devant	Youssoupha	209
We'll Be Together Again	Ben Webster with Ralph Burns' Orchestra	274
Beyond Oblivion	Trivium	316
The Price of Property	Improvident Euphoria In Command	261
Personal	Blue Material	285
Lord, I Hope This Day Is Good	Don Williams	249
Jazz Funk Fusion	Stockholm Jazz Quartet	250
Because He Lives	Nick Neel	227
PARAGRAPH 84	Seyed	246
TOGETHER	Aminé	217
The Life (John 14:6, I John 5:11-12)	Seeds Family Worship	226
Nakapagtataka	MYMP	436
Clockwork	Tre Fixx	211
These Days (2010 Remaster)	Joy Division	206
Empezar de Nuevo	Kike Pavón	251
Devil of Interest	Salmia Kira	150
Les jeux sont faits	Fredrika Stahl	217
Kim Possible	Gisela	155
Let's Push Things Forward	The Streets	229
Silver Lining	Stephanie Smith	193
Ghosts of Syllables	ADMIRAL RADLEY	231
Ye Auld Triangle	Cat Power	265
Someone To Love	Mint Condition	249
Probablemente Me Arrepienta	Decreto Norte	174
Circle in a Triangle	Bill Anderson & Mary Lou Turner	151
Fly	Jason Upton	777
Here Am I	Various Artists	245
She Thinks He's Innocent	Jay Amerigo	247
Myself (feat. Knollege)	Chad	182
Missionary Position	Sparks	258
Fotografia	Simone	339
Surprise Birthday	Oxmo Puccino	188
7ème continent	VAPA	293
Children Love It	DJ Rasheeed	155
Sine Language	K-Lone	336
Mirror Exercise	Twenty Cents	250
Always Remember / Never Forget A.C.A.B.	25 Ta Life	220
Indicato	Gustavs Strazdins	229
Ave Maria	Music Themes Players	270
Indicate	Jogging Juice for Morning Miles	60
Atmosphere (2010 Remaster)	Joy Division	249
Possible en moto	Johnny Hallyday	257
Japanese Zen Garden (Nature Waterfall)	Waterfall Sounds Universe	237
The Moon & St. Chistopher	Simon Nicol	265
Ma trouve un solution	Aim'a Nou	280
Dimensions	Opposite Ways	375
Temperature (feat. Dheusta)	Rockit Gaming	164
What Condition	Bugle	186
Live Forever	Kane Brown	186
After Particular	All-Star Brasil	284
Beyond the Grave	Exxxekutioner	218
Describe The Doc (Hernan Cattaneo)	Applescal	350
Property (feat. Kid Ink)	Verse Simmonds	211
Correnti Calde (Original Mix)	NIIMM	480
Area IV: Temple	The Balance of Power	826
Road to Victory	Veigar Margeirsson	169
Straight to Hell	Falling In Reverse	229
Arthropods Continent	33emybw	455
Probablemente en Vivo	Reggaeton Bachata Hit, Ismael Rivera & Salsa Brava	310
Opposite View	Del Amitri	292
A Missionary's Prayer	Various Artists	234
Ticho (Fraction)	Ewa Farna	204
The Practice	Deepak Chopra	93
Clases de Humildad	Tankeone	300
Shotgun (Short Version)	Natloz Tamas	126
Ave Maria in A Major, S. 20 (Second Version 1852)	Consonanz á 4	403
Man In A Suit	Ramin Djawadi	119
Transmission (2010 Remaster)	Joy Division	215
Spirit in My life	Cedric Gervais	249
Rome	Turin Brakes	229
Viens Avec Nous	Triangle	183
Ligne 5 - Assise au salon	Les liseuses	193
Wet My Whistle	Diamond Ortiz	244
Ezin	Neighbor	61
My Shepherd Will Supply My Need	Mormon Tabernacle Choir	300
Indicate (Original Mix)	MaKaJa Gonzales	360
Di Lahat	Donnalyn Bartolome	234
Another Rise, Another Fall	Miami Horror	311
Serpents	Parallel Exercise	100
The Great Experiment	Ramin Djawadi	173
First (Consider The Lillies)	The Orb	420
Soft Sentence (Original Mix)	Stefano Noferini	414
War of Change	Thousand Foot Krutch	231
La grande sarabande pour cordes et basse continue	Karol Teutsch	339
Necessary (Radio Edit)	S.E.L	233
Wooden Souvenir	Biffy Clyro	150
Midtown Tunnel Vision	Rainbow	271
All the Signs Indicate the Same Things	Ricardo Biga	203
Probable Cause	Bassnectar	228
Indicated (ChopNotSlop Remix)	Cunningh4m	216
Imperatrix Mundi	Jo Blankenburg	178
The Wait Is Difficult	Simon Khorolskiy	220
Indicame	MoodBrry	276
Dicen Que Soy (En Vivo)	Daniela Darcourt	269
Insomnie solution	Musique Douce Ensemble	394
Equivocada (En Vivo)	Daniela Darcourt	293
Material Boy	Evol Draziw	181
Salé	Ora the Molecule	207
Experiment IV (2018 Remaster)	Kate Bush	289
Masquerade (Piano Version)	Ryugen Toshi	314
Describe Negative Emotions	Musique pour Détendre en Temps Libre	209
Language	Tim Finn	199
God Mode	Ramin Djawadi	460
What's The Use?	Jamie Lidell	269
Edge (Triangle-Mix)	Perfume	523
Chasing Moments	Indicate Left	195
In 100 Years	Modern Talking	237
Cafe Del Mar De Ibiza	Daniel Miller	149
Guarded	Disturbed	200
Raise a Hallelujah (Live)	One Event Worship Team	321
Space Travel	Racha Mabra	178
Idéal J	Ideal J	449
What Do They Know (Stained Past)	Adelphoi	356
Foot Pon Shoulder	Vybz Kartel	149
Trop bon trop con (feat Leeroy Saïan Supa Crew)	Molecule	234
A Little Bit	MYMP	254
Let Your Country Hang Out	The Lacs	209
Fraction Of A Man	Shawn Mullins	194
There Goes The Neighborhood (Live From Barrowlands, Glasgow, U.K./1993)	Body Count	402
ABCD (Original Mix)	W3YR	354
Especially for You (Live in Sydney)	Kylie Minogue	267
Suita de jocuri populare de pe Valea Ramnicului	Ansamblul Folcloric Tara Vrancei	289
separate ways	aekasora	247
The Difficult Kind	Sheryl Crow	379
The Kiss Quotient, Chapter 127	Helen Hoang	161
Stutter Love	Opposite the Other	236
Just For Tonight	James Bay	216
The Kiss Quotient, Chapter 126	Helen Hoang	163
Each Time You Pray	Ned Doheny	218
No Way This Works Out	Sean Angus Watson	190
An Industry Of Murder	Graveyard	242
Drowning (Original)	Coone	308
The Kiss Quotient, Chapter 121	Helen Hoang	162
The Kiss Quotient, Chapter 120	Helen Hoang	164
The Kiss Quotient, Chapter 122	Helen Hoang	164
Character One (Piano Version)	Massimo Viazzo	211
Trust With All Your Heart	Various Artists	235
Red Sails	China Crisis	283
Simplicity and Language	Qlippoth	229
Guardian	Queensrÿche	259
Determine	Junior e Mateus	208
Rajaskank	High Tone	277
Wit the Shits	L'A Capone	291
Fraction de seconde	Darkksun	175
Jab Se Saiay Le Aila Gawanma	Amar Singh	260
Party Rock (Original Mix)	Streiks	264
Gas Station Ballad	Straight Trains	112
The Kiss Quotient, Chapter 137	Helen Hoang	162
Out Of Character	Avant	223
Endena (Ufukutanu)	Papa Wemba	404
Solution radicale	Marie Paule Belle	177
The Kiss Quotient, Chapter 130	Helen Hoang	161
The Kiss Quotient, Chapter 132	Helen Hoang	164
The Kiss Quotient, Chapter 134	Helen Hoang	161
Red Blooded Woman	Kylie Minogue	260
The Kiss Quotient, Chapter 133	Helen Hoang	163
As the Bridegroom to His Chosen	Mormon Tabernacle Choir	241
The Kiss Quotient, Chapter 136	Helen Hoang	165
I'm Your Opposite Number	Strike Anywhere	136
Ligne 11 - Amadeo	Les liseuses	273
Electric Storm	David Tsao	208
Heavenly Day	Patty Griffin	225
I'm Dat Raw	DJ Paul	203
Gewalt	Die Arbeit	276
80 jours, 80 nuits	Fraction	253
Infinito Particular	3 Um Só	202
Complete	El Buho	235
Don't Realize (Album Version Explicit)	Beanie Sigel	256
Transmission	Joy Division	217
Dub Experience II	St Germain	228
Practice	EarPlug	162
The Kiss Quotient, Chapter 149	Helen Hoang	162
Industry Nite (Refix)	Erigga	209
The Kiss Quotient, Chapter 148	Helen Hoang	163
Untamed Continent	Francois Maugame	257
Batteries	The Boy Hunter	257
Especially for You (Live)	Kylie Minogue	287
Rosa	Mayra Andrade	194
Enter This Temple	Leeland	201
Hello Neighbor Dance	DJ Blade	348
Toss a Coin to Your Witcher	Henry Vaselle	186
The Kiss Quotient, Chapter 143	Helen Hoang	161
Desolation	Tom Player	306
The Kiss Quotient, Chapter 142	Helen Hoang	162
Particular Taste	Shawn Mendes	175
The Kiss Quotient, Chapter 147	Helen Hoang	164
The Kiss Quotient, Chapter 146	Helen Hoang	162
Blessed in Contempt	Testament	254
Zazen Experience	Meditation Zen Master	238
together	BoxBoys	129
Difficult (From "One Piece")	Adam Ambrosini	122
More Gyal (feat. Dxd)	Stonebwoy	223
Table Fan, Low Speed - Loopable with no fade	Sleep Solution for Tinnitus	72
Labor Women	Inner Muse	257
Acid Rain	Liquid Tension Experiment	396
Salut mon Pote (feat. Pietro Bruschetta)	Thibaut 2003	178
Highway Broken	glue70	161
In Doi	Dave Marian	415
2 Atoms In A Molecule	Noah And The Whale	124
The Kiss Quotient, Chapter 152	Helen Hoang	161
Mother (Okasan): My Neighbor Totoro	daigoro789	224
The Kiss Quotient, Chapter 151	Helen Hoang	167
The Kiss Quotient, Chapter 154	Helen Hoang	161
Blood Line (Short Mix)	Helgos Milae	88
The Kiss Quotient, Chapter 155	Helen Hoang	161
Singing the Consonant Sounds	Kim Mitzo Thompson	274
The Biggest Killer In American History	Bad Religion	134
Outro	AYTEE & FEAR	161
Through Night-Kingdomed Gates	Solution .45	328
Life Sentence	Razor	208
Apocalypse	Panda Eyes	223
Smooth Jazz Club	Stockholm Jazz Quartet	203
Two More, Two Less	Hap Palmer	102
Question réponse	Abis	167
Sugar Me	Lynsey De Paul	220
What I Wouldn't Give	Pink Industry	221
The Woman in White (Unabridged): Mrs. Rubelle, whom I had indicated…	Glen McCready	328
Somewhat Off The Way	Dogs Die in Hot Cars	210
I Love You 'Cause I Have To	Dogs Die in Hot Cars	165
The Kiss Quotient, Chapter 162	Helen Hoang	161
Le problème de ma solution	Trois Cafés Gourmands	155
Patience	Anilyst	171
The Kiss Quotient, Chapter 165	Helen Hoang	162
The Kiss Quotient, Chapter 164	Helen Hoang	164
The Kiss Quotient, Chapter 169	Helen Hoang	161
The Kiss Quotient, Chapter 168	Helen Hoang	162
Is It Just Me	Straight Trains	107
Grandes pasos	Movimiento Original	218
Sentence	Ned's Atomic Dustbin	174
Hébrides (Chloé Rework)	Molecule	434
Remember You Young	Thomas Rhett	180
The Kiss Quotient, Chapter 161	Helen Hoang	165
Llane's Solution	Ramin Djawadi	445
Multiply (Acoustic)	Arlissa	148
Suite populare: I. Bossa Nova	Some Handsome Hands	150
A Syllable	Rodg	220
Blast It	Determine	182
The Ghastly Dreams	Parallel Exercise	86
The Kiss Quotient, Chapter 174	Helen Hoang	161
The Kiss Quotient, Chapter 173	Helen Hoang	161
The Kiss Quotient, Chapter 178	Helen Hoang	161
The Kiss Quotient, Chapter 177	Helen Hoang	162
Represent, Cuba	Movie Sounds Unlimited	222
Triangle Pose	Relajacion Del Mar	364
Vajrasattva Mantra (100 Syllable)	Wonderband	381
Gutz (Live)	Joy Division	120
All I Wanna Do Is Make You Mine (Extended Version)	Kylie Minogue	361
One More, One Less	Hap Palmer	102
Cold Shoulder (album)	Adele	191
Shoulder To Cry On	Ryland James	213
Stutter Stop	Half Waif	221
The Kiss Quotient, Chapter 170	Helen Hoang	161
Liquid Kiss	pounce international	307
The Kiss Quotient, Chapter 171	Helen Hoang	163
Absence of White	Desidério Lázaro	376
Bless my room	Necessary Noize	312
Estive Aqui	Continue	362
It Must Be Love	Madness	200
Motels	Sharko	177
I Want Some of That	Tata Young	213
The Kiss Quotient, Chapter 185	Helen Hoang	163
The Kiss Quotient, Chapter 184	Helen Hoang	162
Count Up, Count Down (Instrumental)	Hap Palmer	151
Miss Fortune/Death Sentence	Twisted Insane	227
A Way	Pochtovaya	225
The Kiss Quotient, Chapter 189	Helen Hoang	165
The Kiss Quotient, Chapter 188	Helen Hoang	163
Agnus Dei Dalla Missa A 4 Voci	Ut Insieme Vocale Consonante	94
Separate Kingdom	Fu Manchu	245
Blauer See	Danilushka	188
Light of Day	The Silent Comedy	205
The Demiurge Molecule (Orchestral Version)	Dimmu Borgir	323
Diluculum	Schammasch	210
Le Journal du petit Franck	Fraction	344
The Kiss Quotient, Chapter 182	Helen Hoang	161
He's a Good Man to Have Around 2	The Cotton Pickers	182
Cognac & Models [Cnm]	Anilyst	246
Experience Duality	Mandala	246
Ain't No Particular Way	Shania Twain	264
Happy Together	Weezer	145
Please Don't Stand Behind Me and Make Those Stupid Noises With Your Mouth That You Seem to Think Indicate to Me That You Are Think	Stunt Rock	76
Children of the Grave	Black Sabbath	314
Stand Still	Panda Eyes	245
Questionmarks	Straight Trains	177
The Kiss Quotient, Chapter 198	Helen Hoang	161
Difficult Guys (Radio)	Camille Jones	234
The Kiss Quotient, Chapter 197	Helen Hoang	162
Forgotten Continent	Heideroosjes	192
Cântece Bătrâneşti, Ion Ăl Mare (Balade)	Necunoscut	150
FREEDOM	iKON	201
PMU	CHATON	185
The Human Instrument (Live At Forum, Copenhagen/2010)	Volbeat	430
Cutie Pie	Diamond Ortiz	172
Humble	Straight Trains	84
The Kiss Quotient, Chapter 192	Helen Hoang	162
Destiny	Straight Trains	107
Rugiada Di Cristallo Feat. Elcin Sadi (Pheek & Cleymoore Remix)	NIIMM	720
The Kiss Quotient, Chapter 194	Helen Hoang	167
Spanic	Burning Heads	252
Quick Question	Jordann	82
Cookies and Cream	Controla	213
Find Your Character	Yoga Soul	128
Universal Mind	Liquid Tension Experiment	473
Perilous Nation	Testament	351
Triangle Song	Little Baby Bum Nursery Rhyme Friends	93
Chip on My Shoulder	Christian Borle	530
Indicate Stupid	Cameron Hons	170
Sleep Solution	Just Relax Music Universe	210
Katharsis Indicated	David Raksin	23
Blood Vengeance	Exxxekutioner	218
Take My Life	Determine	235
Mighty One Of Israel	Phil Driscoll	239
Bluff-Gore indicated with funereal acidity…	Philip Franks	699
Pretty Girls Make Graves (2011 Remaster)	The Smiths	223
Where You Are / We Are not alone / Katharsis Indicated	MGM Studio Orchestra	68
Exercise 10 (Low Notes)	Power Vocals	93
Memory Subtract	Seven7hwave	363
Conversa em Particular	Samuel Mariano	323
Murder	L'A Capone	153
What You Know	NoCap	158
Subtract You	Zebrahead	178
Straight Through My Heart	Backstreet Boys	207
A Question Mark	Elliott Smith	160
My daughter darling	Larisa Dolina	253
Lesson 13: 'th'/third & 'the'/this	David Ansdell	313
You Better Go Now	New York Trio	448
Subtract	Birdeatsbaby	239
Hors norme (Higlight Freestyle)	fss	106
Come Out of Her	Fraction	297
Difficult Victim	Steve Jablonsky	59
Wild Love	James Bay	197
Material Sensual	Raes	194
Wakeup Call (Original Mix)	Seba	388
Suspicious Character	The Blood Arm	194
Tennessee Waltz	Otis Redding	171
Private Practice	Faszination Marco	272
Opposite Side	Panda Eyes	248
8 ZL 40	Molecule	435
Dinner Song	Indicate Left	188
Naming Numbers	Hap Palmer	163
Steve Lima & Indikate - Now Im Free (VinylBreaker Remix)	Steve Lima & Indikate	351
Groove Me	Salt-N-Pepa	263
Opposite Lover	VanVelzen	193
Like a Rodeo	Kane Brown	201
The Final Solution	Sabaton	296
Dubiously	High Tone	341
I Believe	Various Artists	250
A Necessary Evil	The Agonist	224
Division Del Norte	Brujería	231
Hackney Question	X-Rap	300
Same Thing	NoCap	214
Separate Tables	Chris de Burgh	217
Griechisch romanze	Paraskevas Grekis	220
Electric Funeral	Black Sabbath	289
Strange Condition (2011 Remaster)	Pete Yorn	235
The Queen	Zeus Mobjack	205
The Children	Ramin Djawadi	161
Get It On	T. Rex	262
Emaali Ya Bamulekwa (Orphan's Property)	Mubashira Mataali Group	164
15 Jahre	Paragraph270	195
Practice for the Test	Reading Music and Study Music	123
Scratch Sentence One	Craze	44
Shoulder Mountain	Andrew Bird	212
Con moto: IV. Hymne de réconciliation	Habemus Quartet	339
Philadelphia	Tribeqa	275
I'll Never Get over You Getting over Me	MYMP	271
One Thought	Dark Tranquillity	249
The Kiss Quotient, Chapter 204	Helen Hoang	162
Determined	TRAE THA TRUTH	207
Suspended Sentence (Mono)	Lee Morgan	323
The Kiss Quotient, Chapter 208	Helen Hoang	163
Difficult Blues	Didier Lockwood	269
Catapult	2WEI	353
Everything to Me	Milira	243
Mi espíritu imperecedero	Extremoduro	342
The Kiss Quotient, Chapter 200	Helen Hoang	162
Material Curse	DJ Mitsu The Beats	262
The Kiss Quotient, Chapter 202	Helen Hoang	164
Paragraph 117	Bushido	243
Especially in Michigan	Red Hot Chili Peppers	240
Wilderness (2007 Remaster)	Joy Division	160
In Too Deep	Iann Dior	161
Medieval fiddles: In seculum viellatoris	Various Artists	54
Day Tripper (Mono; 2016 Remaster)	Otis Redding	154
Multiply (In A Minor Key)	Jamie Lidell	273
The Path of the Wind	Cat Trumpet	222
1st Position	Kehlani	190
My Neighbor Tototo	Kyoto Music Box Ensemble	217
Invisible Children	KSHMR	171
My Last Hope	Les enfants sages	316
Done as Much	Anilyst	213
The State Of The End Of The Millennium Address	Bad Religion	142
The Kiss Quotient, Chapter 211	Helen Hoang	163
The Kiss Quotient, Chapter 210	Helen Hoang	161
The Kiss Quotient, Chapter 213	Helen Hoang	97
Determines	Flower Coffin	252
Foreign Language (Flight Facilities Extended Mix)	Flight Facilities	359
Peaceful Piano (Original Mix)	Deep Sleep Solution	315
As Time Goes By	Nicki Parrott	242
Mountain View	Ping Yuan	266
Shoulder Lean (feat. T.I.)	Young Dro	260
Love Solution	Jimmy Cliff	238
Separate	Knocked Loose	141
ONLY YOU	iKON	212
Lesson 8: r/red & w/when	David Ansdell	268
Transportation	Julia Kent	278
Mysteries of the Holiday Camp	consonant	222
Question sans réponse	Sans Lactose	185
Éden Particular (Ao Vivo - DVD Bora Nabalada)	Grupo Nabalada	159
Hate Thy Neighbor	Brick + Mortar	222
La Solution	DJ JIXY	140
Company Property	AUT2M	403
Human Condition (Live)	Yanni	311
Electric Worry	Clutch	315
Triangle Isocèle	El Matador	236
Echoes	Ben Murray-Smith	621
Keine Zeit für Ironie	Die Arbeit	263
My Dog	Evol Draziw	137
necessary on procedure	appreciate Juneberry of primary	59
Character (Original Mix)	Mark Sixma	411
Mănânțel	Orchestra condusă de Alexandru Viman	95
Nachtaktiv	Aytee	214
JUST FOR YOU	iKON	201
Exercise 7 (Ma-Me-Mi-Mo-Mu-Major)	Power Vocals	115
im nothing special	Describer	212
Republica	Crime in Stereo	253
Bridge to Better Days (Live)	Joe Bonamassa	329
Remember When	Tinashe	229
Yoga Practice	Mindfulness Meditation Music Spa Maestro	166
My Neighbor Totoro	Relax α Wave	253
This is mine	Triangle	210
Can't Describe	Bridge	307
A Thousand Bad Times	Post Malone	221
Children : Children	Jack Holiday	185
Shepherd of My Heart	Eddy Arnold	176
Location	Dictionary Dave	41
Opposite House	Cass McCombs	254
I Shot The Sheriff	Warren G	246
The Same Person	Bad Religion	169
Anything Is Possible (Motivational Speech)	Fearless Motivation	244
Mama You've Been On My Mind / A Fraction of Last Thoughts on Woody Guthrie	Jack Johnson	261
Exercise 1 (Falling Ahs)	Power Vocals	52
Hey You	Burning Heads	186
Consonants Blends	Natasha Francis-Campbell ( Auntie Nats)	386
Still D.R.E.	Nipsey Hussle	259
Mignon garçon	4Keus	314
Yachad	NISSIM	222
Rozhdenia	Anton Maskeliade	179
Mama Weer All Crazee Now	Quiet Riot	216
Honey The Tide Is High	David Bach	131
Topless	Sidoka	153
Known Only to Him	Don Gibson	175
Я тебе не верю	Кай Метов	211
Infinito Particular (Ao Vivo)	Silva	317
Body Language (Interpretation)	Booka Shade	300
Par amour	Youssoupha	217
Hypnotic Eye	Ambient Mantra	445
This Is the Industry	Calvin Harris	236
The Sacred Syllable Om with Thunder, Improv Version (feat. Nate Morgan, Jeffrey Main & Tom Rossi)	Vidura Barrios	698
Biaxident	Liquid Tension Experiment	461
Through Smudged Lenses	Dark Tranquillity	253
Woke The F*ck Up	Jon Bellion	219
Original Sin	INXS	316
Metanoia	Schammasch	481
Welcome in Goat City	Les enfants sages	325
Wind It Up	The Prodigy	273
Hydrogen in Their Cores	Orbe	404
Bizarre Love Triangle '94	New Order	234
Law of Probable Outcome	Golden Kanine	252
Got to Go	Monty Alexander Trio	371
Shoop	Salt-N-Pepa	248
GOAT	E-40	146
Continue?	Chon	255
Mahora Gakuen Kouka (''Mahou Sensei Negima!'' Character Song)	UTAKO	146
Raw Material (Interlude)	Typh Barrow	117
I Can Do It	Rubettes	190
I Miss My Dress	Straight Trains	173
Pretty Position	Vybz Kartel (Addi Innocent)	155
I'm More Than Satisfied	The Original Memphis Five	166
Food Legends	Surprise Issues	268
Rossini: Adelaide di Borgogna, Act 1: "Misera patria oppressa" (Populace, Soldiers, Berengario, Iroldo)	Giuliano Carella	131
O Come, Let Us Sing	Phil Driscoll	271
Part II: Air: Thy sentence, great king	Lautten Compagney	141
Bleed Away	Wax Tailor	203
Tristia	Without A Care	256
Danger Zone	Cxxlion	106
Mon continent	Tiwony	234
Back to You	Straight Trains	193
To Describe You	Tarwater	235
One Language	Vargo	267
Bloodline	Black Bile	301
Make Nine Into Ten (No Answers)	Hap Palmer	119
Especially You and Me (Feeling)	Kirby Wendt Band	179
You’re The Best Thing About Me	U2	225
Multiply (Radio Edit)	Xzibit	228
Continue o Jogo	Anna e Saulo	189
Mimic	Entita	285
Reggae Pulse	Triangle	365
Fashion	Jon Bellion	235
C'est à nous	4Keus	294
What Do You Want (feat. Meshell Ndegeocello)	Miguel Migs	338
Goldorak : Et l'aventure continue	Lionel Leroy	177
Dime Store Cowgirl	Kacey Musgraves	215
isabells gold ocean	Feliz D	91
Miracles	Don Williams	181
Taken for Granted	Sia	275
Subtract Yuh Life	Carl Meeks	244
E For Extinction	Thousand Foot Krutch	231
Bass Operation	Mussica Del Talent	363
When the Rain Comes Falling Down	Triangle Sun	231
Vielleicht Das Nachster Mal	Rainbow	197
You're Still My Baby (Mono; 2016 Remaster)	Otis Redding	231
Hellfire	Queensrÿche	305
Foot Exercise (Rag)	Rob Thaller	70
Shannon	Molecule	261
Tafi Maradi	Kevin MacLeod	158
The Combine	The Acacia Strain	122
Staple It Together	Jack Johnson	196
Tapion's Theme (From "Dragonball Z") [Orchestral Version]	RMaster	149
Crazy	Nolga Heikos	160
I'm Losing Interest	Pleasebeokay	141
Galère	Latios V	189
Love The World	Perfume	272
Holy / Sacred	Susanna	91
Everything in Moderation (Especially Moderation)	NOFX	83
Battle Cry	Various Artists	215
Kill The Music Industry	Cold	176
Back In Flesh	Wall of Voodoo	223
Satan's Solution	Secret of Elements	438
Le jardin	Molecule	317
Rasta Children	Playing for Change	248
Slender (Short Version)	Beddash Nok	120
Experience Trap	Treazy Beats	91
On The Doorstep	Inner Muse	260
Consider Me (Live in Zurich)	Prime Circle	244
Sharp Darts	The Streets	93
Over My Shoulder	Paul Banks	204
Straight Out Of Line	Godsmack	259
Rain 2	Burning Heads	240
My Neighbor Totoro (Becoming Totoro)	Kanemasu Kenji	172
I Had a Woman	Wax Tailor	159
Temperature Rising (feat. Kojey Radical)	Juls	239
Ba-benzélé	Jon Hassell	377
Apples & Oranges	Dogs Die in Hot Cars	228
Division Ruine	Carpenter Brut	215
Fly on the Wall	Thousand Foot Krutch	242
Switcheroo (No Answers)	Hap Palmer	112
Jericho	The Prodigy	223
Stereo Phase Test	Man or Astro-man?	63
Zoom	Tata Young	198
Farafina	Tribeqa	243
Nocturne	Molecule	192
Remember (Original Mix)	The Underdog Project	258
Conversa Particular	Jonatas Fonseca	288
Käfig	AYTEE & FEAR	225
The Lost Continent	Audiomachine	181
Children Of Cain	Demons & Wizards	607
Rainfall	Tre Fixx	242
J 13 2	Molecule	924
Serious	Parallel Exercise	110
Tourbillon	Julia Kent	196
Le continent	Joseph d'Anvers	170
Question Existing	Rihanna	245
Temperature Is Rising (100.2°F)	Otis Spann	370
Event Tracking Across Populated Terrain	Kuedo	218
One Little Lie	Simple Creatures	195
Daha (Single Edit)	DJ.A.Stone	167
Come Closer	CFCF	367
Electric Daisy Violin	Lindsey Stirling	195
Continue Andando	Deive Leonardo	700
Sunshine Dancer	Daniel Miller	226
Addicted to a Memory (128 BPM)	High Intensity Exercise Music	302
Rack It	Denseland	276
The Weight	Natty Reeves	163
Consider Me Yours	MKTO	186
Breakin' My Heart (Pretty Brown Eyes)	Mint Condition	356
Mix la India (En Vivo)	Daniela Darcourt	413
Lifeline	Thousand Foot Krutch	218
Otra inútil canción para la paz	Extremoduro	371
Mythos Ritter - 10 populäre Irrtümer, Kapitel 7.3 & Mythos Ritter - 10 populäre Irrtümer, Kapitel 8.1 - Mythos Ritter - 10 populär	Karin Schneider-Ferber	103
To Describe George Washington Bridge	Stephan Mathieu	280
Choom	Progger	39
Children of Tomorrow	Moree	178
Consonante dissonante	Ennio Morricone	105
Too Much Brandy	The Streets	181
Chase The Money	E-40	284
A Question of Lust (Single Version)	Depeche Mode	267
Sons of Plunder	Disturbed	228
Pre-Court Sentence	Jehnny Beth	102
The Elements	Triangle	367
At The Mercy Of Imbeciles	Bad Religion	94
Social Unrest	Aggravator	179
Burning Disaster (Groove Armada Bedtime Story Mix)	Language Lab	395
Children's Day	The Homesick	235
Love Is All We Have Left	U2	161
Separate Beds	[Feedbacker]	198
How Do I Say Goodbye	Tommy Collins	173
Ain't No Fun (If the Homies Can't Have None)	Diamond Ortiz	198
Lost Everything	Sex Prisoner	93
Jazz 4 You	Stockholm Jazz Quartet	202
Même sous la pluie	Françoise Hardy	125
Temperature of Traveling	Parra For Cuva	302
Flies	NoCap	159
Déterminés	TSR Crew	160
By All Means Necessary	Robbie Williams	287
Ghetto Children	Kelis	288
Casin	glue70	106
Skeleton on Your Shoulder	Coroner	333
Please Complete Thee	King Krule	245
Experiment EDM Style	Numantia	100
Drugs, Sex, Alcohol, Rock-N-Roll	Soul Position	250
Ah, These Difficult Years	Vakhtang Kikabidze	255
A Thousand Miles	Vanessa Carlton	238
Titans	Tribeqa	136
Consider Me (Studio Version)	Nashville Cast	216
Doubles Facts	Hap Palmer	140
Surprise Surprise	Fastball	212
All That and More (Sailboat)	Rainbow Kitten Surprise	171
Separate Beat	Ivory Wave	215
No Surprise	James Yuill	281
Surprise Yourself	Jack Garratt	260
Straight Razor	Matt Maeson	266
Pas de doute	CHATON	335
Methadonkur	AYTEE & FEAR	198
The Devil's Triangle	Geoff Zanelli	164
Handsome Skeptic	Parallel Exercise	115
Bell Clap Dance (Slam Paragraph Remix)	Radio Slave	545
New Dawn Fades (2007 Remaster)	Joy Division	291
Warsaw (2010 Remaster)	Joy Division	144
Die Fun	Kacey Musgraves	209
Mint Condition	Altered Five Blues Band	203
Material de Muie	Bazooka	154
Déterminée	Vitaa	262
Lowv (Original Mix)	Eliphino	172
Amor y Control	Rubén Blades	347
Black Rabbit	Turin Brakes	385
to the mighty one	Lisa Germano	214
Belle	ZAZ	176
Separate Rooms	Gaelle	311
New York Soul (Pt. ii)	Jon Bellion	267
Overdose	Papa Wemba	253
Mini-instrument	Najib Amhali	310
Pan	Purple Evil	217
The Road Is Ruff	Wax Tailor	226
Private Property (Remastered)	Judas Priest	270
I'm Gonna Love You Better	Mary Davis	215
Core Code	Ramin Djawadi	300
A Thousand Years	Christina Perri	285
Legacy	Various Artists	241
Surprise Ice	Kings of Convenience	260
Exercise Ya Body	Tropkillaz	227
The Color Therapy	Divine KaHiL	194
My Last Love Letter	Melody Fall	211
Heart and Soul (2007 Remaster)	Joy Division	353
Especially A Paint	Corb Lund	156
His Kingly Character	Garnett Silk	118
It's Electric	Metallica	213
Separate Ways	Nick Michigan	263
My Neighbour TOTORO	Joe Hisaishi	247
The Opposite	The Mauskovic Dance Band	192
Honey The Smoke Is Over	David Bach	131
The Last Lost Continent	La Dispute	722
Thy Neighbor	Jackie Hill Perry	161
Question And Answer (Album Version)	Gary Burton	383
Attain Mindfulness	Spiritual Halo	192
4:54 AM (Live in Transmusicales 2015)	Molecule	525
Don't Make It Difficult	Pip Blom	218
Lethal Industry	Tiësto	405
It's Not Right (Album Version Explicit)	Beanie Sigel	273
Sputter	Kali Masi	170
Failures (Live)	Joy Division	150
Finch Takes Flight	Ramin Djawadi	126
Titans of Our Time	Iron Savior	234
The Inside Man	Funky Destination	242
Call Me, Beep Me! (The Kim Possible Song)	Banaroo	188
Funk Schwei	Missing Six	209
Mystical Experience	Boyzone	250
Am I a Fool	Bobby Lord	119
Rockall (Torb Rework)	Molecule	291
Selassie Children	Chronixx	337
Rejuvenating with the Hot Springs	Ambient Mantra	266
Separate Tables (97 Version)	Chris de Burgh	216
Évitez	Ideal J	285
The Buzz	Madlib	262
Au large du Brésil / Le Continent	Radio Elvis	836
Party, Drugs & Violence	AYTEE & FEAR	148
The Triangle	Raimond Dey Lamount	61
Jungle For An Angel	Jay Amerigo	239
Mtv / Bet	Determine	208
You Are The Solution	Loving Caliber	189
A Tragic Moment	The Boy Hunter	274
Ibiza Island	Daniel Miller	127
The Red Fraction (Original Mix)	Cimatic	407
Transmition	Molecule	326
Down	Thousand Foot Krutch	207
Under One Condition	Winger	270
Waiting for the End	Linkin Park	231
Hablame de Ti (En Vivo)	Daniela Darcourt	159
Jamb Question	Simi	204
Ask (2011 Remaster)	The Smiths	198
L'homme est déterminé par son essence	Michel Onfray	432
My Language	Arizona Zervas	186
Eight Jumping Subtracting Puppies	Music with Mar.	86
Macs	Young Ellens	135
The Endless Feed	Dark Tranquillity	285
5 Thousand Singles	SAINt JHN	165
Build It Up	Mayra Andrade	226
Needed	Iann Dior	120
So Fine	Mint Condition	378
Brag Different (feat. Quando Rondo)	NoCap	166
Up And Down	Complete	161
I Don't Trust Myself (With Loving You)	Sean Angus Watson	237
Today is Especially Delicious	Free Throw	116
Target Practice	Michael Giacchino	103
Necessary Pressure	Childish Major	235
Black River	Black Bile	383
Invitation To Love	CFCF	367
Thousand Ways	The Tallest Man on Earth	173
Word On The Street (Explicit Version)	Inspectah Deck	223
Isomorphisme	Molecule	350
Ten Thousand Things	Master of Zen	177
With a Little Love	Modern Talking	214
Lonely Tears in Chinatown	Modern Talking	210
Praïa Do Norte (Club Edit)	Molecule	351
Just Exercise Yoga	Healing Yoga Meditation Music Consort	241
He'll Take The Pain Away	Gods Property	519
Try a Little Tenderness (Mono; 2016 Remaster)	Otis Redding	229
Sinus 150 Hz - L 158 Hz - R Drone	Subtracters	224
Fractions	Gabriel Parker	135
The Voracious March Of Godliness	Bad Religion	148
Multiply (Bonus)	Phyno	292
The Consonant Rap K - R	Kiboomu	224
Surface of Table to Indicate a 'Hit' During Card Game Take 1	The Hollywood Edge Sound Effects Library	6
Finding That Heart	Jay Amerigo	164
I've Been Jilted	The Syllables	125
Straight Hate	bloodsimple	285
Put Your Head on My Shoulder	Michael Bublé	266
Meeting	4Keus	213
No Interest	Nina Nesbitt	190
Electric Bones	Findlay	192
Children Of Drums	Wildstylez	248
Make Me an Instrument	Terry Oldfield	531
Wield the Scepter	Solution .45	316
The Thirst	Shannon Wright	258
Subtract Submerge	Pillars	298
Sea Flowers Exercise Mat	Pilates Workout	325
Experiment A	Eagles & Butterflies	439
Separate Waves	Some Sprouts	250
Watching With Ten Thousand Eyes	Ramin Djawadi	191
Wasteland	The Mission	337
Las Chikas	JT Soul	117
Set Me Back	Straight Trains	166
Fraction of Time	Austeros	187
Position One	Nonpoint	197
Burn It Down	Tre Fixx	255
Things to Consider During Freefall	Jim Guthrie & JJ Ipsen	171
Un grosso no (Instrument and base Version)	Ramazzotti	290
One Question	Wizkid	295
You Don't Have To Hurt No More	Mint Condition	255
Haters	Marley Marl	229
Believe	Tre Fixx	228
Quite the Opposite	Sconex	172
Character Two (Piano Version)	Massimo Viazzo	203
Insight (2007 Remaster)	Joy Division	266
Burning in the Skies	Linkin Park	253
Position (Edit)	DJ Daddy Mad	195
Refrain	Bohemian Club	218
Fear	Sia	311
Face To Face / Confronted (Slam Paragraph Mix)	Pan-Pot	335
Redbone	Sean Angus Watson	163
original me	YUNGBLUD	205
Lost Property	Tony Wright	229
Let Me in Again	The Material	263
Geralt of Rivia Theme	Henry Vaselle	107
Duke Kerb crawler	Pest	273
Back Outta This	Tata Young	209
Dastardly Solution	Alaylah Kleinwolterin	168
Bass Température	High Tone	388
Mythos Germanen - 10 populäre Irrtümer, Kapitel 22.2 & Mythos Germanen - 10 populäre Irrtümer, Kapitel 23.1 - Mythos Germanen - 10	Thomas Brock	100
Mark of the Lion	Subtract	283
Céu Particular (View Pier Session)	View Company	208
The Messenger	Linkin Park	181
Children Of God	Third Day	269
Fairweather	Missing Six	291
Get Together	Madonna	314
Flash (Short Version)	Magdol Imre	114
My Exercise Bike	Rhett and Link	125
Temperature (Workout Mix)	Workout Remix Factory	211
Family Is Family	Kacey Musgraves	153
Dare to Stand Alone	Various Artists	196
Character, Name and Title	Johnny Selman	319
Ramyamanahara-Sinhala Baila	Des Kelly	146
Let Them Talk (feat. Frankie Paul & Determine)	Garnett Silk	228
Groundswell	Arve Henriksen	336
Jealous Guy	Hurray for the Riff Raff	207
Sanpo (My Neighbor Totoro)	Aun J-Classic Orchestra	166
Seems So Simple	Fredrika Stahl	200
Skin	Salute	242
In This Together	Emily Roberts	203
Original MTK #1 - Exceção	Mtk	273
Trio's	Fugazi	135
Bankroll	NoCap	144
Consonant Song: Introduction to Consonants	Fab Phonics	700
Decimate	The Opposite of Sad	172
Electric Rain	Relaxing Rain Sounds	149
Some Friends	Kali Masi	125
Intellectual Property	Day One	283
Knock That Down	Anilyst	200
A Question of Lust	Depeche Mode	263
Chasin´ Yesterday	Jerry Wallace	219
Mermaid Meeting on the Beach	Mussica Del Talent	159
Game Looking	Anilyst	210
Laloye	Hailu Mergia	355
One Room Disco	Perfume	309
Sugar	Ora the Molecule	239
Hands	Straight Trains	127
Surprise Party (feat. Blackbear)	Hoodie Allen	188
Lower The Populace	The HAARP Machine	183
Opposite Of Love	autoKratz	254
In My Zone	DJ Paul	209
Single Foot	Moondog	116
U Ain't Slime Enough (feat. Karlae & Duke)	Young Thug	254
Psychedelic Experiment	Genetrick	469
s'Margritli	Hans Muff und seine Original Swing-Ländlerkapelle	197
Let It Out Now	Leeland	214
The Effects of Climate Change on Densely Populated Areas	People Under the Stairs	251
Dirt off your shoulder	Jay-Z	241
Suzanne	Bermuda Triangle	177
New Solution	Bossa Nova 2019 & Best Jazz Virtuoso	183
Have I Forgotten	Missing Six	202
Party All Night	Quiet Riot	212
52nd Street Theme, Pt. 1	Original Charlie Parker Quintet	73
Just a Fraction	Land Switcher	360
52nd Street Theme, Pt. 2	Original Charlie Parker Quintet	94
Drugwolf	Crime in Stereo	233
Topix	Michael Ingram	146
The Populace Takes Over - Key to the City - Dick Aerobics - Infomercial	Joe DeVita	681
Consider Yourself	Max Bygraves	146
Sharp Practice	TaxiWars	210
Skip Stones	Natas loves you	215
Second Solution	The Living End	178
Love Triangle	Gjan	235
One Question (feat. Yeah Boy)	Go Freek	209
Got to Belong	Natas loves you	182
nuh member love	Determine	191
Plastic Way of Life	glue70	218
Nada particular	Miguel Bosé	362
What About...	Fredrika Stahl	222
Knock, Knock - Room Service	OwnCloud	63
RTR Cypher 2 (feat. Danozzz, Dirty Syllables, Playa Tha Cannibal Clown, Dealsy Deal & Killah Kon)	ANXIOUS PANIC	436
Complete It	E-Scooter	166
Jatinho Particular	Lucas Lucco	198
Coming Home	Straight Trains	129
Subtraction (intro to subtraction)	De-U Records	163
Language (Extended Mix)	Porter Robinson	368
Electric Indigo	The Paper Kites	223
Don't Mess with Cupid	Otis Redding	153
Person Of Interest	Ramin Djawadi	54
No Solution	Shaârghot	285
Ain't No Mountain High Enough	Marvin Gaye	146
Temperature (Live from Sessions@AOL)	Sean Paul	169
My Neighbor Totoro (My Neighbor Totoro)	Aun J-Classic Orchestra	251
Pra Ser Sincero	Marisa Monte	174
Go Through Dat	Determine	229
Sentence à vie	Marc Antoine	206
Sicut Lilium Inter Spinas	Ut Insieme Vocale Consonante	125
Instrument Van Vrede	Ingeborg	179
House of Fun (2000 Remastered Version)	Madness	171
Position 2	Кай Метов	252
Sangen Min	Building Instrument	236
War Is Necessary	Nas	148
Fractal (Short Version)	Magdol Imre	119
Neighbor, Neighbor	Jimmy Hughes	177
Children of Children	Jason Isbell	349
Experts	Skism	267
Hot Summer	Gölgeler Ölüm	130
Natural	Movimiento Original	204
The Strip	Madlib	234
Panther (Short Version)	Galysi Uta	147
Body Language (Intro)	Kali Uchis	136
Exercise In C	John Mayall	512
Surprise Of Dreams	Archillrecords	238
Separate Ways (Worlds Apart) [From "Tron: Legacy"]	Soundtrack Wonder Band	324
Piano Trio in C Major, K. 548 : 3. Allegro	Daniel Barenboim	284
A Haunted House!	Cat Trumpet	118
These Hands	Samm Henshaw	201
You Got Me Up (Live At The Scala)	Jamie Lidell	259
Youssou Ndour	Abou Thioubalo	321
Stay	Triangle Sun	284
Describe	Christopher Franke	76
I Sing the Mighty Power of God	Mormon Tabernacle Choir	146
Understand Your Man	Johnny Cash	164
1000 fois bonjour depuis le Vignemale	Tachycardie	1104
Unser Leben	Paragraph270	224
Electric Daisy	Daniel Miller	226
Language of the Gaël	Dan Ar Braz	241
Dark Island City	Crime in Stereo	142
There's No You	Hank Thompson & His Brazos Valley Boys	154
Fresh and Clean	Controla	224
Interest Free	Otiuh	155
Ten Thousand Feet	I See Stars	344
Complete Zen	Música Zen Relaxante	233
The Quiet Mummy	Parallel Exercise	140
The Body Temperature (Remaked by Neiori)	u-taro danna shimizu	388
Temperature Rising (Edit)	Dilby	186
Children of the Sun	Lindemann	220
I Represent (feat. Webbie)	Lil Boosie	204
On Hiatus	Chad	151
Question Authority	Circle Jerks	122
The Phonetic Rock Theme Song - Introduction To Vowels And Consonants	Phonetic Rock	167
Shoulder Touch	Daniel Pemberton	153
Gangsta	Controla	210
I Remember	Deadmau5	593
Property Quiz	The Beautiful South	230
Life Sentence For Mankind (Never Say Die)	Outblast	319
Gettin' This / Multiply	Mystery	241
Urban Dawn Chorus. (Birds at dawn in lightly populated urban area)	Prime Sound	128
Torpedo Practice	Les Parents	249
All Aboard to Add and Subtract	Hap Palmer	131
Solar Strings	Triangle	511
Break It Slow	The Silent Comedy	214
Don't Push Me, Pt. 2	Syllable	211
Entrance Music	Tre Fixx	237
Hébrides	Molecule	363
Choli Chipaka Di Kaho	Anant Singh	228
Ma Substance	Flame	183
Drilla Noice	Young Ellens	144
Who Got the Funk?	The Streets	109
Anything's Possible	Jonny Lang	227
I Might Consider	Shannon Shaw	182
Borom ndam	Abou Thioubalo	261
Mission Possible	Soften the Glare	286
Sneering Wagons	Parallel Exercise	93
Complete Me	Simi	198
Mission Kim Possible	Carla	156
High Alice	Jenny Hval	286
I Go Get It	Kenny West	211
Area III: Jungle	The Balance of Power	956
Yadav Ji Ke Khet Me Panihar Lagal Ba	Anil Bhai Vivek	251
Hello Friend (Short Edit)	Asty Ilos	115
Question d'honneur	Nekfeu	205
Cuando Te Bese	Daniela Darcourt	261
Probablemente	Estelita del Llano	181
Step	Salt-N-Pepa	191
Straight Shots	Showtek	226
Bad Memories	Sex Prisoner	64
Steve Lima & Indikate - Now Im Free (DJ X-Treme Remix)	Steve Lima & Indikate	302
Mars	Mecavolic	268
Judgement II	Sex Prisoner	85
Probablemente (Bachata)	Jay Frias	261
Vowel // Consonant	Loraine James	367
Black Jack Davey	Hurray for the Riff Raff	191
Is Vic There?	Department S	186
Otherside Avenue	glue70	210
Walking Separate Ways	Conditions	194
Angelic Pluggers	Spiritual Halo	202
Body Electric	Lana Del Rey	233
If Possible	Soilwork	289
Back on Wax	Wax Tailor	202
Clock Tick	Wax Tailor	209
Chest Of Drawers	Wovenhand	232
If I Needed You	Don Williams	215
Necessary Calm	Ensemble de Musique Zen Relaxante	122
I Still Love U	Perfume	273
Inside The Line (Live)	Joy Division	165
I Am Bound For the Promised Land	Alfred Karnes	193
Hey	Triangle Sun	247
Kanye West - Stronger	Exercise Program	276
Drones	Night Drive	227
Fais moi à Manger	Zeus Mobjack	216
Originala	Movimiento Original	217
Nothing Too Difficult	Chiedza Jane Ikpeh	358
脳MISOSUKASUKA	THE POPULACE	89
Low Noise Chill	Jean Michel	290
Missa Liturgica - Benedicamus Domino	UT insieme vocale consonante Lorenzo Donati	193
Any Means Necessary	HammerFall	215
Counting By Twos With the Odd Numbers	Hap Palmer	71
Maroon indicate in opportunity	The Vanilla internal	55
Electric Mistress	Jamiroquai	234
Alléluia / 1989	Youssoupha	282
The Story of the Jerich Tube	Mussica Del Talent	156
5:08 AM (Live in Transmusicales 2015)	Molecule	291
Work	Kane Brown	185
Hide U (Decoder & Substance Mix)	DJ Marky	279
Position du lotus	Bouddha musique sanctuaire	176
Timeless Altitude (Slam Paragraph Remix)	Secret Cinema	344
Possible Worlds	London Elektricity	383
Nouveau western	MC Solaar	273
Looking At You	DRGN KING	163
Electric Swing	Songs To Your Eyes	205
Dirt off Your Shoulder / Lying from You	Jay-Z	244
Thousand (feat. Lisa Hannigan)	Rosie Carney	206
Fugasse	Burning Heads	267
O Children	Nick Cave & The Bad Seeds	411
Paragraph 2	KrKbeatz	199
Paragraph 3	Franz Von Suppe	563
Ciclo Sem Fim	Continue	248
Night for Love	consonant	192
Sentence - Sentenza	Ennio Morricone	103
Canal Song (End of Sentence)	Iain Archer	268
Particular Progresso	ZRM	186
Postmodern Industry	Programming and Coding Music Club	268
English Girl	Sister Audrey	251
What A Beautiful Name	The Maker & The Instrument	348
Yin	N-Determine	415
Division Blues	Caspian	421
From Now On	Worakls	609
Hallelujah Sing	The Porter's Gate	257
Canned Heat	Chet Atkins	153
No Love Lost (Live)	Joy Division	291
Psychedelic Experience	Morrisound	465
Narcotica	AYTEE & FEAR	237
Stress Builds Character	Dystopia	349
Falling in Rain	Polyenso	345
Big Gang	Nolga Heikos	165
All Time Low	Jon Bellion	217
One・Two・Three	Morning Musume。	268
Game For Fools	Jamie Lidell	255
Electric Touch	A R I Z O N A	197
Rustem si Breaza	Marcel Stefanet	176
Remember Our Love	Icy Grzywinski	160
Subtract & Divide	Gouge Away	76
Glass (2010 Remaster)	Joy Division	237
Newme	Jamie Lidell	247
Language Of Birds	Sting	210
God so Loved the World	Mormon Tabernacle Choir	259
I Don't Get No Lovin'	Dickie McBride	168
Hennythings Possible	Vintage Lee	182
The Opposite of Afternoon	Unknown Mortal Orchestra	325
Disorder	Joy Division	209
Thanks, I Hate It	Simple Creatures	177
Chaos Complete	Rejecta	226
Neighbor (Album Version)	Band of Horses	358
R. Kelly Online Video Dictionary	Aziz Ansari	240
A Lost Child	Cat Trumpet	254
Novelty (Live)	Joy Division	230
A Thousand Trees	Stereophonics	183
Weekends Were Difficult	Thomas Newman	107
Beautiful	Triangle Sun	283
Interzone (Live)	Joy Division	130
Sarvesham Svastir Bhavatu	Tina Turner	300
Good Good Father	The Maker & The Instrument	264
In the World They Never Allow It to Be...	Hefelt	319
Ten Thousand Miles	Nikolaj Grandjean	246
Exercise	Musica para Aerobics Specialists	277
This Is the Christ	Mormon Tabernacle Choir	320
I. (No Tempo Indicated)	Anthony Newman	323
Not Dead	Crime in Stereo	201
La syllabe au rebond	Grand Corps Malade	206
Crazy For My Rasta Friend	David Bach	122
The One Who Laughs Last	Downplay	273
Exercise Your Soul	Natural Zen Meditation White Noise	228
The Right Place	Beyond 5	241
Contas	Sidoka	185
To Substance	Krowdexx	178
Fate/Glory	Public Practice	158
Star Children	Padre Pianto	201
Uncontrolled Substance	Inspectah Deck	300
Village In May	Cat Trumpet	207
A Strange Condition	Jazz Lounge Playlist	154
Kudi	Salute	299
Accentuate the Positive	John Boutte	144
Straight Gutta	Method Man	216
God's Own Children	Obongjayar	174
Simplement	Mayra Andrade	228
Sole Condition	Sleep Beats	114
Mental and Spiritual Practice	Singing Birds Zone	207
Temperature	Zion I	163
Tout Est Possible (Nouvelle Version)	Louis Chedid	224
Always Ending	subtractiveLAD	594
Cool Right Now	Sofco	232
Character Theme Medley (From "Final Fantasy VI")	Nobuo Uematsu	389
Express Yourself	N.W.A	262
Multiply - Two Are Better Than One	Rodney Howard-Browne	2676
Winners Take All	Quiet Riot	331
Continue Wine	Demarco	180
Healing Is Difficult	Sia	324
Maybe Not Hearts	Kashya	720
The Lord Bless You and Keep You	Mormon Tabernacle Choir	186
Scuturat Din Sâmbăta	Gheorghe Rada	72
Go Rest You Merry, Gentlemen (Arr. by David Willcocks)	Consonanz á 4	112
Necromancy	Exxxekutioner	166
Continue Here	Damu The Fudgemunk	113
Oh Father	Lanmar Lord	156
DETERMINE	LORD LOMBO	342
Two Syllables	Peter Black	181
More Mess on My Thing	The Poets Of Rhythm	252
Electric	Jayden Bartels	178
Donuts	Controla	282
Of Syllables ...	Mooseheart Faith Stellar Groove Band	181
Straight Outta Voicemails (Skit)	Tre Fixx	155
Filipino Baby	Cowboy Copas	166
The Deep and Lovely Quiet	subtractiveLAD	324
Temperature (feat. Dil)	Yemi Alade	240
Polaroid experience	Youssoupha	330
On Stress	Les enfants sages	377
Nasty	Shygirl	127
Original	MORTEL	185
Probablemente Ya	La Hija Del Mariachi	176
Lost in the Middle of Nowhere (feat. Becky G)	Kane Brown	188
Experiment IV	Kate Bush	261
J'attends en bas	CHATON	195
Du Ring an meinem Finger, WoO#	Elena Cernei	155
5:03 AM (Live in Transmusicales 2015)	Molecule	318
Thousand Times	Jay1	158
Separate Lives (Live from the Serious Tour 1990; 2019 Remaster)	Phil Collins	317
May Our Praise	Leeland	261
Music is my Suicide (Extended Version)	Alemoa	287
Golden Triangle	Windows 96	159
Gleisdreieck	Populäre Mechanik	204
Car Freshener	glue70	116
City of Industry	Jehst	206
Multiply And Divide	The Soviettes	167
Harmony	Describe	222
Division Marocaine	Colonel Salvat	170
Maybe IDK	Jon Bellion	233
Now then, at the spot indicated on the world…	Bill Homewood	611
Short Skirt Weather	Kane Brown	194
Represent,Cuba (Workout Mix 120bpm)	Pablo White	206
Elle continue	Still Fresh	215
Pageant Material	Kacey Musgraves	236
He's a Good Man to Have Around	The Cotton Pickers	188
The Last Syllable	Dnepr	137
Ahlam	Sofco	261
Blackest Magick in Practice	Cradle of Filth	410
How Can You Mend a Broken Heart	Al Green	383
If They Follow	Natas loves you	237
Olha Pro Oclin (feat. FBC)	Sidoka	221
Shoulder to the Wheel	Saves the Day	199
Satan's Vengeance	Destruction	196
Qivitoq	Molecule	341
Difficult Child	Keane	224
Question Marks	Sunrise Avenue	226
Probablemente (Album Version)	Franco de Vita	219
Describe It Either	Mark Dresser	264
What's Love Got To Do With It	Warren G	255
Represent, Cuba (Dirty Dancing - Havana Nights)	High School Musical Masters	224
A Thousand Syllables	Bibio	339
La Nuit Chez Toi	Sunset Experience	203
Le Triangle des Bermudes	Chapelier fou	177
Muzica Păstorească, La Făcutul Caşului	Necunoscut	40
When They Come for Me	Linkin Park	293
Reverb Experiment	Kurt Cobain	172
Electric Pow Wow Drum	A Tribe Called Red	219
I've Never Been in Love Before	Kenny Barron Trio	411
Roses	Complete	187
Arlequin, AV 41: II. Indicates That They Have Lost the Belt. Andante	German Chamber Academy Neuss	61
Here Is the Little Door	Consonanz á 4	199
Hardcore And Angel	Archillrecords	261
Multiply (In A Minor Key) Piano by Gonzales	Jamie Lidell	270
You and You	Franckie Cutlass	240
Turn Me Around	Half Waif	210
Master slov i melodii (Represent Orpheus)	Noize MC	169
Qu'elle Est Bleue	Massilia Sound System	284
Metarea	Molecule	459
Superjeilezick - Original Version (- Original Version)	Brings	232
Mountain Sound	Of Monsters And Men	211
I Remember Stan Getz	Pete Bax	95
Opposite Interests	Artan	215
A Shoulder to Cry On	Tommy Page	202
Division Symbols	Hands Like Houses	220
Neat	The Boy Hunter	245
My Neighbor	Shakey Graves	187
American Dream	Miami Horror	219
Guns & Bombs	Buddha Council	211
Novelty (2010 Remaster)	Joy Division	240
Danger! High Voltage (Soulchild Radio Mix)	Electric Six	217
Community Property (Live Acoustic)	Steel Panther	209
Interzone (2007 Remaster)	Joy Division	137
Give Me Somethin (feat. Lisa Shaw)	Miguel Migs	257
Come and Play	Syllablez	192
Raisin' a Child Is Not Difficult	George Carlin	42
Red Light Indicates Doors Are Secured	The Hit Co.	145
Untitled (Multiply)	Shunaji	149
Won't You Be My Neighbor	Benny Benack III	225
Exercise préparatoire	Dance Arts Production	116
Crescent Moon March	Moondog	161
Dance Floor (DJ Vetkuk Vs. Mahoota)	DJ Vetkuk	238
Property (feat. Keke Palmer)	TK Kravitz	193
Aitsu to Kimi ～ Nidoto Nai Unmei ～	Nakano Nino (CV: Ayana Taketatsu)	222
La condition masculine	Francis Bebey	205
Catch Up	Anilyst	156
Where Is My Heater?	OwnCloud	63
Everybody Knows	Opposite the Other	215
Dream It Possible	張靚穎	219
Diamond (Radio Edit)	Polos Rübhag	142
Point de compétence	ITUMI	283
The Irony of It All	The Streets	208
Question (From "Assassination Classroom")	Amalee	266
No Particular Place To Go (Album Version)	Mos Def	167
Position de lotus	Calming Music Ensemble	248
Hips To Heels	Property Prophets	252
Moment Of The Chase	Jay Amerigo	181
Practice Is Perfect	Andy McKee	180
Chacarera sin Final	Eduardo Ferraudi & Vocal Consonante	146
Separate Lives (2016 Remaster)	Phil Collins	248
Outside (Radio Edit)	Polos Rübhag	146
More than Material	Roseaux	236
No Particular Place to Go	Toy Dolls	141
Chatons	Molecule	336
Multiply the Heartaches	CAKE	167
Takedown	Tom Player	175
An Industry of Murder	Graveyard	242
Material World	Tracy Chapman	185
Mercadante: Virginia, Act 3: "All' empia sentenza" (Virginio, Virginia, Tullia, Valerio, Populace)	Maurizio Benini	465
Paragraph President (Album Version)	Blackalicious	309
Electric Shock	F(x)	196
Possible Water	David Benedict	225
Vibrato Vocal Exercise #2	Jacobs Vocal Academy	61
Flowers	Iann Dior	114
L'impérialisme : le rôle de la « populace »	Michel Onfray	176
Aconteceu	Marisa Monte	186
Après tout	Papa Wemba	377
Utterly Relaxing	Universal Silence	204
Pirates Of The Streets	Paragraph270	118
Evidencias	Daniela Darcourt	319
Rich	Syllable	203
Belarmino's Dictionary	Louisa John-Krol	174
Red Light Indicates Doors Are Secure (In the Style of Arctic Monkeys) [Karaoke Version]	Ameritz Top Tracks	145
New Consonants	Luca Vasco	165
Linea de fuego (Feat Pizko)	Molecule	326
An die Hoffnung	Populäre Mechanik	257
Bird On A Wire (1989) - Character Themes	Dominik Hauser	284
Francis solution	JB Mpiana	475
Hard Shoulder	Mark Knopfler	273
Especially For You (with Kylie Minogue)	Jason Donovan	239
Material	Eyesburn	154
Diamond	Triangle Sun	261
Dias Marcados	Continue	114
Consider Her Ways	Autumn Leaves	326
What Matters Most	Abe Kaelin	226
Crash Of Death	Ramin Djawadi	191
Still Me	NoCap	144
Sometimes difficult	Ebrahim Sterley	207
Insomnia	Panda Eyes	189
Death Sentence (feat. Sabac)	Mr.Hyde	218
Over Your Shoulder	Calexico	250
Represent It (feat. Noreaga & Tear Da Club Up Thugs)	Project Pat	238
Oh Difficult (with GFRIEND)	Sonar Pocket	254
Surprise of My Heart	Dean Huston	102
So Necessary	5ive Mics	177
The Solution	Terror	111
The Nutcracker, Op.71, TH.14 / Act 2 : No. 12b Character Dances: Coffee (Arabian Dance)	Concertgebouworkest	174
6 heures du mat’	Fraction	221
Pick Your Position (ASAP Riddim)	Motto	153
Kenyan Boy, Kenyan Girl	Necessary Noise	301
Represent the Southern	Mr. Criminal	200
Difficult	TRIONIQ	275
Muchacha Material	C-Kan & Pipo Ti	229
Never Trust a Woman	Tex Williams	178
Don't Let Her Go	Buck Owens	153
Describe Your Emotional State	Dan romer	84
Suită De Jocuri Populare De Pe Valea Milcovului	Ansamblul Folcloric Tara Vrancei	323
Senses Tied	Dark Tranquillity	244
To the a.M.	Anilyst	249
Gated (Short Version)	Haelon Arnold	135
Girls	Marcus & Martinus	208
I'm In Control	AlunaGeorge	209
Knock Knock	MED, Blu & Madlib	285
Le Combat continue	Ideal J	388
Material Things	Nneka	254
Venice Industry	Jesper Kyd	189
Cântece Muntenia-Oltenia, Hora Păcii	Necunoscut	148
It's Too Late	The Streets	250
Separate My Self	L'A Capone	212
Les Troyens / Act 1 : No.1 Choeur de la populace troyenne: "Ha! Ha! Après dix ans"	Choeur de l'Orchestre Symphonique de Montréal	219
The Hippy Killers	Bad Religion	181
Life Is a Death Sentence	Nails	99
Electric Dragonfly	Domina Noctis	273
Country Boy	NoCap	167
Lost to Apathy	Dark Tranquillity	278
Yui II for Koto and Cello: No. 2, Ode to Forest	Nanae Yoshimura	673
Deify	Disturbed	256
Sorry and Thanks	Biffy Clyro	186
Quivering	Kxel	457
Neural Sparks	Soladria	483
Preacher Bwoy	Gregory Isaacs	227
Nature Boy	Enrico Rava Quartet	262
Together	Buvette	318
Possible	Kit Jonathan	160
Delacey - Dream It Possible	Sufian Bouhrara	217
All Aboard to Add and Subtract (No Answers)	Hap Palmer	131
Mother Dubber	High Tone	315
Tonight	Rubettes	216
I For You	Determine	234
The Fire	Determine	182
Remember the Name (feat. Styles of Beyond)	Fort Minor	230
Excused and Forgiven	Without A Care	274
Quiet Mary Talking	glue70	190
Minimum Sentence	Antonio Pinto	125
Experience True Rest	Spa & Spa	520
Dream Team (Interlude)	Tre Fixx	100
Separate Ways (Worlds Apart) [Re-Recorded]	Journey	327
Difficult Words to Tell You	Lee Seung Gi	248
Children of the Damned (2015 Remaster)	Iron Maiden	275
The End Is Where We Begin	Thousand Foot Krutch	224
Subtraction Rap	Music with Mar.	155
My Tired Shoulder	Rikas	194
The 8th Continent	Natas loves you	240
Living Condition	Cutty Ranks	252
Position Yourself	Olamide	203
Focus On The Beach	The Homesick	249
Quattro Mottetti dalla Missa Liturgica - Ave verum	UT insieme vocale consonante Lorenzo Donati	183
Consider Us Dead	Sentenced	291
Kid Named Michael	Anilyst	213
Quem Foi	Marisa Monte	160
The Nutcracker, Op.71, TH.14 / Act 2 : No. 12a Character Dances: Chocolate (Spanish Dance)	Concertgebouworkest	75
If You Asked Me To	MYMP	254
Sirtaki in der akropolis	Paraskevas Grekis	183
Free Up The Youth	Determine	203
Coffee Time (Short Version)	Chaddel Sausa	118
Ex Boyfriend (feat. Mugeez R2 Bees)	Stonebwoy	215
Practice What Jah Teach	Israel Vibration	212
The Shell	subtractiveLAD	285
Fear Not	Determine	210
Permanent Solution	Paradise Lost	196
Electric Groove	Lazerhawk	290
Showbizness	Ideal J	271
Embraceable You (Take 1)	Original Charlie Parker Quintet	229
Love Affair	Stockholm Jazz Quartet	251
La bonne solution	Tomawok	214
It'd Surprise You	Red Sovine	144
Big Mama	Molecule	158
Cheri Cheri Lady	Modern Talking	227
Neighbor (Live)	Ugly Kid Joe	279
Remember the Time	Michael Jackson	239
Aunir, forcer	Tachycardie	323
Position high	Tonton David	242
Music is my Suicide	Alemoa	226
Not Again	Stonebwoy	158
The Shoulder Bridge	432Hz Piano	108
Represent	Crime Mob	246
Dictionary	Mock Orange	176
Go Getta (feat. Andre Carter & Further Notice)	Describe	220
Force aux aigles	Mobjack	179
Only You	Movimiento Original	201
You Warned Me	Skeets McDonald	137
Neighbor (Gru Gru Riddim)	Fimba	197
The Long Vajra-Sattva 100 Syllable Mantra	Dechen Shak-Dagsay	382
Love Scene 1 (From "Increase and Multiply - Crescete e moltiplicatevi")	Ennio Morricone	354
My Kinda Love	Napoleon's Emperors	192
An Unsolved Exercise in Physics	Lena Platonos	237
Sweet Ida Joy	The Cotton Pickers	186
Europe, Jeunesse, Révolution	Fraction	220
Oriental Practice	Sensual Massage to Aromatherapy Universe	248
2478431 (Remix)	AYTEE & FEAR	168
Strange Things Happen Sometimes	Straight Trains	112
Double Bounce (Short Version)	Bemkurai Wally	137
Find Balance (Boost Energy and Health)	Zen Soothing Sounds of Nature	183
Electric Love	BØRNS	218
You Make Me Smile	Determine	172
Magic	Rainbow	247
Probablemente Ya de Mi Te Has Olvidado (Unplugged)	Delluma	214
clean!	Underscores	185
Heart Of The Matter	The Boy Hunter	268
Subtract 2	Alexis Ffrench	138
Lately	Iann Dior	131
Asleep (2011 Remaster)	The Smiths	253
Show Your Littlefinger	Straight Trains	196
The Behemoth	The Acacia Strain	397
I Can't Describe (The Way I Feel)	Jennifer Hudson	227
The Auld Triangle	Damien Dempsey	259
Könige im Nichts	Die Arbeit	263
Remember To Breathe	Sturgill Simpson	176
Con moto: II. Amore in transito	Habemus Quartet	226
Shoulder Pressing	Yoga Music	132
Les mots d'amour	Mayra Andrade	227
Time To Work	Property Prophets	245
Slow	Kylie Minogue	193
The Guy Of Her Own	Inner Muse	268
Living In The Ice Age (Live)	Joy Division	147
Heaven Will Know	Modern Talking	242
111	Anilyst	263
Lila Scheine	Fler	207
Love Pressure (feat. Black Prophet)	Stonebwoy	198
Subtraction (Remastered)	Sepultura	287
gone girl	Iann Dior	136
Interest in Sport	Salvatore Ganacci	234
Consonant Bear	Badanamu	167
Wherein Lies Continue	Slipknot	336
Industry Groupie	Chamillionaire	212
Mythos Germanen - 10 populäre Irrtümer, Kapitel 2.2 & Mythos Germanen - 10 populäre Irrtümer, Kapitel 3.1 - Mythos Germanen - 10 p	Thomas Brock	112
Surprise Kapangala	Wenge La Musica	490
A Thousand Nights (Original Mix)	Gregor Tresher	456
Untraveled Road	Thousand Foot Krutch	235
Red Light	Wall of Voodoo	189
Wheel Of Life	Samsara Blues Experiment	267
Clarinet Concerto: III. Cadenza et danza populare	Silesian Chamber Orchestra	288
Remember Me	Brennan Savage	225
Necessary Reissue	Lost Shaman	527
A té dogola	Mobjack	288
At the End of the World	Straight Trains	119
Praxis	Ikonika	202
Rainforest River to Naturally Calm, Comfort, Relax and Soothe a Difficult Baby or Child	Soothing White Noise for Infant Sleeping and Massage, Crying & Colic Relief	241
Réminiscences	Molecule	535
Position (Radio Edit)	Shenseea	129
Con Alma	Dizzy Gillespie	301
Beethoven: Piano Sonata No. 8 in C Minor, Op. 13, "Pathétique": III. Rondo (Allegro)	Fazil Say	276
That's Why	Various Artists	219
Person Of Interest (Theme)	Mount-Royal Orchestra	67
Crossing the Road Material	Mogwai	418
Somebody To Love	Kacey Musgraves	194
Listen	Colton A.	224
Happy Material (Mahou Sensei Negima!)	Jun Takahira & Eritwin	224
Back Together	Jill Scott	248
Strawberry Underlay	Ikonika	216
Datini De Iarnă, Juni Cu Juni Se Întâlniră	Necunoscut	52
Multiply - Session 5	Rodney Howard-Browne	6539
Life Vest	The Material	214
Question	Facteur X	222
Paradigm Shift	Liquid Tension Experiment	535
Nest	Half Waif	237
100 Syllable Mantra Of Vajra Sattva	Dechen Shak-Dagsay	435
The City	Jamie Lidell	307
La rue la vraie	4Keus	169
Dark Continent	Arabian Knights Project	274
Inside the Character	one act	246
Material Girl	Cassandra Beck	174
Muzica Păstorească, A Oilor, Pt. 2	Necunoscut	202
Bensiz Yapama	Diyar Pala	200
Visier	Die Arbeit	218
Suspect Device	Stiff Little Fingers	155
The Industry Is Punks	Tech N9ne	330
Mirage	Moondog	197
Welcome to Moneyrow	Kenny West	189
Creating Character	Rion Van Vuuren	266
Out of Nowhere, Pt. 2	Original Charlie Parker Quintet	343
Noble Neighbor	Thad Kopec	223
Out of Nowhere, Pt. 1	Original Charlie Parker Quintet	149
Different Experience	Brother Roy	194
À quoi bon	CHATON	174
Pikinite	Abou Thioubalo	309
Sicherheit	Die Arbeit	307
Vanity	Property Prophets	248
Paragraph 84 Allstars	Aytee	340
It Took Me By Surprise	Maria Mena	179
Triangle 3	Absofacto	244
Revenge	Ronnie Spiteri	432
Dreamt	Balmorhea	239
Consonant Hemispheres	Textures	260
La solution	Amélie les Crayons	175
Temperature Rise	Kruse & Nuernberg	455
Soul of Dub	Triangle	321
Find Your Character.	Massage Tribe	128
Distant Solution	Yello	283
Experiment In Terror	Kai Winding	140
Barn Dance	Moondog	115
U Think	Indicate	304
Komakino (2010 Remaster)	Joy Division	232
Remember (Ep. 179-202)	Takeishi	195
My Neighbor Totoro (Tonari no Totoro, Ending Shudaika): My Neighbor Totoro	daigoro789	237
Strength of a Thousand Men	Thomas Bergersen, Two Steps From Hell	137
State Property	Gonetcha	211
Graz	Paragraph270	227
Alien Language	Bush	194
How Great Is Our God	The Maker & The Instrument	349
Two Good Friends	Scunner	103
A Tragic World Record	Biffy Clyro	211
N'importe quoi	CHATON	244
Das Experiment	Was ist Was	102
Happy Children	P Lion	275
Purple Haze	Jimi Hendrix	171
The Path of Wind (From "My Neighbor Totoro")	L'orchestra Cinematique	362
Profoundly Experience	Spa	225
Miracle	Various Artists	204
Temperature's Rising	Nina Sky	320
Two Wrongs	Absofacto	187
Disorder (2007 Remaster)	Joy Division	209
Hole In the Wall	Mel Waiters	253
Peaceful Practice	Jonathan Mantras	211
Property of Leo Bergen	Chad Fischer	106
Not a Clyde	Anilyst	223
Multiply by 2 Song	The Singing Walrus	256
Spotlight Kid	Rainbow	294
Première surprise partie	Les années 90	142
Niet Klaar	Young Ellens	191
Shoo Shoo Boogie Boo 2	The Cotton Pickers	195
L'histoire Continue	Noyau Dur	269
Toys	Yassir	240
Bored	Becca Neighbor	177
Tudo Assim Particular	Joao Martins	188
Little Man (Exemen Works)	Sia	303
Represent the Block	Madman the Greatest	193
Wait For My Time	Archillrecords	172
The Grand Prix	Inspectah Deck	284
Property Brothers	Genial Biology	280
Espanha	Sidoka	168
Odalisque	Crime in Stereo	224
Go Getta	Describe	220
Herbalist	Cali P	265
Marioara De La Gorj	Bebe Super Music	126
Kaokokokorobo	Papa Wemba	385
For Aeons Past	Solution .45	286
Extinction des feux	4Keus	215
Elf Dance	Moondog	128
Steve Lima & Indikate - Now Im Free (X2Face Remix)	Steve Lima & Indikate	313
Museo Particular	Munik	204
Taichi Exercise	Yao Shakano	244
Shades Of Truth	Bad Religion	241
Opposite Spins	Buben	220
Just Dropped In (To See What Condition My Condition Is In)	White Denim	250
Convey Your Thought	glue70	67
Nothing in Particular	The Lacs	225
Multiply (Edit)	Ronnie Spiteri	263
Țărăneasca Din Știrbăț	Leonard Zamă	56
Si c'était possible	Gérard Darmon	231
Probablemente (Merengue)	Gery Daniel	249
Male Bonding	The Homesick	321
Lonely Dance	Die Arbeit	273
Sexuality (Album Version)	Garland Jeffreys	238
Right Here	Various Artists	191
Céu Particular (Ao Vivo)	Henrique & Juliano	164
Steve Drive	L'A Capone	288
Next Door Neighbor Blues	Gary Clark Jr.	181
Count Me In	Leeland	244
Tsunami	Young Thug	187
Surprise (feat. Kweller, Thiago & Dudu)	Leozin	184
Remember Us	Alessandro Ciani	155
Que Haré Sin Ti	Grupo Caneo	268
Concerto in G minor for Oboe, Strings and Continuo : 3. (Tempo not indicated)	Heinz Holliger	187
Shoulder of Your God	Lamb of God	356
Autosuggestion (2010 Remaster)	Joy Division	366
Breaza lui Edgar	Marcel Stefanet	241
Delerium (Short Version)	Beddash Nok	120
INDICATE	Mr BlaQ	212
Les Lansquenets	Fraction	162
Honey	Salute	274
My Mother	Owen Mac	263
Ways to Get to Ten (No Answers)	Hap Palmer	158
Gott Generator	Die Arbeit	326
Love Will Never Fail (I Corinthians 13)	The Porter's Gate	216
No Words to Describe	Rodello's Machine	238
I Remember You	Skid Row	313
Üsküdar	Kadriye Nurmambet	124
Sugar Is Back in Town	The Cotton Pickers	199
Gay Love	OwnCloud	61
We Are the Fallen	Particular Cowboys	128
Multiply Happiness	Ayurveda Massage Music Specialists	233
Remember Yesterday	Pedro Levine	171
Money Jar	Tijuana Panthers	203
The Way It Is	NoCap	162
Red Fraction	carnivalxenon	128
Les sentiments à l'envers	Youssoupha	228
Probablemente No	Tórtel	177
The Experiment (Nightcore)	YTBS Nightcore	165
Steve Lima & Indikate - Now Im Free (Original Radio Edit)	Steve Lima & Indikate	231
State Of The Nation	Industry	274
L'anthropocène, l'âge déterminé par l'homme	Matthieu Ricard	324
Railroad	Straight Trains	71
What Is It This Time?	Jamie Lidell	185
Practice Makes Perfect	Cute Is What We Aim For	224
Only Wanna Be with You (Unplugged)	Samm Henshaw	194
1st Peak	Molecule	156
Done With Love (feat. Herizen)	Absofacto	216
The Cup	Ora the Molecule	193
J 15 5	Molecule	388
Bermuda Triangle	Barry Manilow	227
Ordinary Solution	New Age Harmonic Melodies	257
You Might Think	The Cars	187
Property of Jesus	Bob Dylan	272
Consider the Lilies	Charlotte Ritchie	226
Neighbor (Live Acoustic)	Band of Horses	213
I Represent Him	Trey McLaughlin & The Sounds of Zamar	263
To Indicate the Passage of Time	Infraphonic	488
Posons-nous la question	Max Livio	245
Think Twice (Mark E Pressure Dub)	The Detroit Experiment	644
Satanée question	Nicolas Peyrac	178
Magnetic Moments	Stockholm Jazz Quartet	187
Wati Bè	Zeus Mobjack	220
Question Asking Process	Fearless Soul	253
Workin' Together	Ike & Tina Turner	215
Rain	Jean Michel	238
A Mercurian Summer	Angel Vivaldi	274
Do You Remember	Jarryd James	234
Tangolita	Hans Muff und seine Original Swing-Ländlerkapelle	247
BERMUDA TRIANGLE	Zico	207
Altar Particular	Salgadinho	221
Get It Together	Drake	250
Cual Es la Vaina	Kevin Roldan	241
Intro Outa Don	Zeus Mobjack	60
The Ballad	Testament	368
Soleil bleu	Molecule	443
Basaltic Composition	Orbe	420
Happy Material (''Mahou Sensei Negima!'' Op)	Jun Takahira & Eritwin	224
Vale Populare	Brenna MacCrimmon	150
Beer and Skittles	Louise Massey & The Westerners	163
Seaward	The Acacia Strain	255
Vocal Warm Up Exercise #2 - Eh	Jacobs Vocal Academy	145
Continue Sempre Avante	Feliciano Amaral	155
In the Tall Grass (Remastered)	subtractiveLAD	1480
Mon dernier voyage	Thousand	227
Hey Joe	Jimi Hendrix	209
Sukidakara	Umi	159
L'artiste	Mask Ha Gazh	192
Anatomy of Failure	Black Bile	215
All Things Are Possible	Women Of Faith	231
Failures (2010 Remaster)	Joy Division	224
Cupola	subtractiveLAD	268
Subtraction Blues	Mike Zito	302
Better Together	Luke Combs	219
Toxic	Bohemian Club	246
He is Among Us (The Least of These)	The Porter's Gate	224
Upside Down	Triangle Sun	202
Shoulder Kiss	FREDDIE JOACHIM	156
Falling Apart	TRUSTcompany	208
Children (Dream Version) (Remastered)	Robert Miles	430
Hyperspeed (G-force Part 2)	The Prodigy	315
Triangle d'or (feat. Sopico)	Orus	209
Scarlett Brown	Natas loves you	175
Sections 28-30: Resonant Consonants; Practical Exercises; the Great Scale - Part 1	Lilli Lehmann	589
Necessary Roughness	Lovely Boys	351
State Prop (You Know Us) (Album Version Explicit)	Beanie Sigel	290
I Climb	Thousand Foot Krutch	204
Chill Solution	Dj Rico Bonetti	320
Juicy Molecule	Denis Underground	284
So Chemical	Missing Six	179
Electric Man	Rival Sons	200
Two Thousand and Seventeen	Four Tet	252
Recollect Continent	Namco Sounds	179
Naturally Syllables	Emiliano Naples	336
Pull Up	Stonebwoy	169
Triangle tango	Cirque du Soleil	278
Chiddy Freestyle	Chiddy Bang	129
My Friend, the Dictionary	25th Annual Putnam County Spelling Bee Original Cast	165
